Archive member included because of file (symbol)

/Applications/KDS_3.0.0.app/Contents/toolchain/bin/../lib/gcc/arm-none-eabi/4.8.4/../../../../arm-none-eabi/lib/armv7e-m/libg.a(lib_a-exit.o)
                              /Applications/KDS_3.0.0.app/Contents/toolchain/bin/../lib/gcc/arm-none-eabi/4.8.4/../../../../arm-none-eabi/lib/armv7e-m/crt0.o (exit)
/Applications/KDS_3.0.0.app/Contents/toolchain/bin/../lib/gcc/arm-none-eabi/4.8.4/../../../../arm-none-eabi/lib/armv7e-m/libg.a(lib_a-impure.o)
                              /Applications/KDS_3.0.0.app/Contents/toolchain/bin/../lib/gcc/arm-none-eabi/4.8.4/../../../../arm-none-eabi/lib/armv7e-m/libg.a(lib_a-exit.o) (_global_impure_ptr)
/Applications/KDS_3.0.0.app/Contents/toolchain/bin/../lib/gcc/arm-none-eabi/4.8.4/../../../../arm-none-eabi/lib/armv7e-m/libg.a(lib_a-init.o)
                              /Applications/KDS_3.0.0.app/Contents/toolchain/bin/../lib/gcc/arm-none-eabi/4.8.4/../../../../arm-none-eabi/lib/armv7e-m/crt0.o (__libc_init_array)
/Applications/KDS_3.0.0.app/Contents/toolchain/bin/../lib/gcc/arm-none-eabi/4.8.4/../../../../arm-none-eabi/lib/armv7e-m/libg.a(lib_a-memset.o)
                              /Applications/KDS_3.0.0.app/Contents/toolchain/bin/../lib/gcc/arm-none-eabi/4.8.4/../../../../arm-none-eabi/lib/armv7e-m/crt0.o (memset)
/Applications/KDS_3.0.0.app/Contents/toolchain/bin/../lib/gcc/arm-none-eabi/4.8.4/../../../../arm-none-eabi/lib/armv7e-m/libg.a(lib_a-printf.o)
                              ./MQXLITE/psp/cortex_m/psp_tipr.o (printf)
/Applications/KDS_3.0.0.app/Contents/toolchain/bin/../lib/gcc/arm-none-eabi/4.8.4/../../../../arm-none-eabi/lib/armv7e-m/libg.a(lib_a-strncmp.o)
                              ./MQXLITE/kernel/task.o (strncmp)
/Applications/KDS_3.0.0.app/Contents/toolchain/bin/../lib/gcc/arm-none-eabi/4.8.4/../../../../arm-none-eabi/lib/armv7e-m/libg.a(lib_a-vfprintf.o)
                              /Applications/KDS_3.0.0.app/Contents/toolchain/bin/../lib/gcc/arm-none-eabi/4.8.4/../../../../arm-none-eabi/lib/armv7e-m/libg.a(lib_a-printf.o) (_vfprintf_r)
/Applications/KDS_3.0.0.app/Contents/toolchain/bin/../lib/gcc/arm-none-eabi/4.8.4/../../../../arm-none-eabi/lib/armv7e-m/libg.a(lib_a-wsetup.o)
                              /Applications/KDS_3.0.0.app/Contents/toolchain/bin/../lib/gcc/arm-none-eabi/4.8.4/../../../../arm-none-eabi/lib/armv7e-m/libg.a(lib_a-vfprintf.o) (__swsetup_r)
/Applications/KDS_3.0.0.app/Contents/toolchain/bin/../lib/gcc/arm-none-eabi/4.8.4/../../../../arm-none-eabi/lib/armv7e-m/libg.a(lib_a-__call_atexit.o)
                              /Applications/KDS_3.0.0.app/Contents/toolchain/bin/../lib/gcc/arm-none-eabi/4.8.4/../../../../arm-none-eabi/lib/armv7e-m/libg.a(lib_a-exit.o) (__call_exitprocs)
/Applications/KDS_3.0.0.app/Contents/toolchain/bin/../lib/gcc/arm-none-eabi/4.8.4/../../../../arm-none-eabi/lib/armv7e-m/libg.a(lib_a-atexit.o)
                              /Applications/KDS_3.0.0.app/Contents/toolchain/bin/../lib/gcc/arm-none-eabi/4.8.4/../../../../arm-none-eabi/lib/armv7e-m/libg.a(lib_a-__call_atexit.o) (atexit)
/Applications/KDS_3.0.0.app/Contents/toolchain/bin/../lib/gcc/arm-none-eabi/4.8.4/../../../../arm-none-eabi/lib/armv7e-m/libg.a(lib_a-dtoa.o)
                              /Applications/KDS_3.0.0.app/Contents/toolchain/bin/../lib/gcc/arm-none-eabi/4.8.4/../../../../arm-none-eabi/lib/armv7e-m/libg.a(lib_a-vfprintf.o) (_dtoa_r)
/Applications/KDS_3.0.0.app/Contents/toolchain/bin/../lib/gcc/arm-none-eabi/4.8.4/../../../../arm-none-eabi/lib/armv7e-m/libg.a(lib_a-fflush.o)
                              /Applications/KDS_3.0.0.app/Contents/toolchain/bin/../lib/gcc/arm-none-eabi/4.8.4/../../../../arm-none-eabi/lib/armv7e-m/libg.a(lib_a-vfprintf.o) (_fflush_r)
/Applications/KDS_3.0.0.app/Contents/toolchain/bin/../lib/gcc/arm-none-eabi/4.8.4/../../../../arm-none-eabi/lib/armv7e-m/libg.a(lib_a-findfp.o)
                              /Applications/KDS_3.0.0.app/Contents/toolchain/bin/../lib/gcc/arm-none-eabi/4.8.4/../../../../arm-none-eabi/lib/armv7e-m/libg.a(lib_a-vfprintf.o) (__sinit)
/Applications/KDS_3.0.0.app/Contents/toolchain/bin/../lib/gcc/arm-none-eabi/4.8.4/../../../../arm-none-eabi/lib/armv7e-m/libg.a(lib_a-fini.o)
                              /Applications/KDS_3.0.0.app/Contents/toolchain/bin/../lib/gcc/arm-none-eabi/4.8.4/../../../../arm-none-eabi/lib/armv7e-m/libg.a(lib_a-__call_atexit.o) (__libc_fini_array)
/Applications/KDS_3.0.0.app/Contents/toolchain/bin/../lib/gcc/arm-none-eabi/4.8.4/../../../../arm-none-eabi/lib/armv7e-m/libg.a(lib_a-freer.o)
                              /Applications/KDS_3.0.0.app/Contents/toolchain/bin/../lib/gcc/arm-none-eabi/4.8.4/../../../../arm-none-eabi/lib/armv7e-m/libg.a(lib_a-wsetup.o) (_free_r)
/Applications/KDS_3.0.0.app/Contents/toolchain/bin/../lib/gcc/arm-none-eabi/4.8.4/../../../../arm-none-eabi/lib/armv7e-m/libg.a(lib_a-fwalk.o)
[...]
Memory Configuration

Name             Origin             Length             Attributes
*default*        0x0000000000000000 0xffffffffffffffff

Linker script and memory map

LOAD /Applications/KDS_3.0.0.app/Contents/toolchain/bin/../lib/gcc/arm-none-eabi/4.8.4/armv7e-m/crti.o
LOAD /Applications/KDS_3.0.0.app/Contents/toolchain/bin/../lib/gcc/arm-none-eabi/4.8.4/armv7e-m/crtbegin.o
LOAD /Applications/KDS_3.0.0.app/Contents/toolchain/bin/../lib/gcc/arm-none-eabi/4.8.4/../../../../arm-none-eabi/lib/armv7e-m/crt0.o
LOAD ./Sources/Events.o
LOAD ./Sources/main.o
LOAD ./Sources/mqx_tasks.o
LOAD ./Project_Settings/Startup_Code/startup.o
LOAD ./MQXLITE/psp/cortex_m/core/M4/boot.o
LOAD ./MQXLITE/psp/cortex_m/core/M4/dispatch.o
LOAD ./MQXLITE/psp/cortex_m/cortex.o
LOAD ./MQXLITE/psp/cortex_m/int_gkis.o
LOAD ./MQXLITE/psp/cortex_m/int_inst.o
LOAD ./MQXLITE/psp/cortex_m/int_kisr.o
LOAD ./MQXLITE/psp/cortex_m/int_pvta.o
LOAD ./MQXLITE/psp/cortex_m/int_unx.o
LOAD ./MQXLITE/psp/cortex_m/int_vtab.o
LOAD ./MQXLITE/psp/cortex_m/int_xcpt.o
LOAD ./MQXLITE/psp/cortex_m/mem_zero.o
LOAD ./MQXLITE/psp/cortex_m/psp_iinit.o
LOAD ./MQXLITE/psp/cortex_m/psp_supp.o
LOAD ./MQXLITE/psp/cortex_m/psp_tiad.o
LOAD ./MQXLITE/psp/cortex_m/psp_tinm.o
LOAD ./MQXLITE/psp/cortex_m/psp_tipr.o
LOAD ./MQXLITE/psp/cortex_m/psp_tisu.o
LOAD ./MQXLITE/psp/cortex_m/sc_irdyq.o
LOAD ./MQXLITE/psp/cortex_m/stack_bu.o
LOAD ./MQXLITE/psp/cortex_m/stack_de.o
LOAD ./MQXLITE/psp/cortex_m/stack_st.o
LOAD ./MQXLITE/kernel/idletask.o
LOAD ./MQXLITE/kernel/int.o
LOAD ./MQXLITE/kernel/klog.o
LOAD ./MQXLITE/kernel/lwevent.o
LOAD ./MQXLITE/kernel/lwlog.o
LOAD ./MQXLITE/kernel/lwmem.o
LOAD ./MQXLITE/kernel/lwmsgq.o
LOAD ./MQXLITE/kernel/lwsem.o
LOAD ./MQXLITE/kernel/lwtimer.o
LOAD ./MQXLITE/kernel/mqx_utils.o
LOAD ./MQXLITE/kernel/mqxlite.o
LOAD ./MQXLITE/kernel/mutex.o
LOAD ./MQXLITE/kernel/qu_test.o
LOAD ./MQXLITE/kernel/sched.o
LOAD ./MQXLITE/kernel/task.o
LOAD ./MQXLITE/kernel/time_ticks.o
LOAD ./MQXLITE/config/task_template_list.o
LOAD ./Generated_Code/AD1.o
LOAD ./Generated_Code/AS1.o
LOAD ./Generated_Code/CAN1.o
LOAD ./Generated_Code/CLUTCH_SW.o
LOAD ./Generated_Code/Cpu.o
LOAD ./Generated_Code/FLTCLR1.o
LOAD ./Generated_Code/FLTCLR2.o
LOAD ./Generated_Code/FLTSD1.o
LOAD ./Generated_Code/FLTSD2.o
LOAD ./Generated_Code/HIN1.o
LOAD ./Generated_Code/HIN2.o
LOAD ./Generated_Code/LED.o
LOAD ./Generated_Code/LIN1.o
LOAD ./Generated_Code/LIN2.o
LOAD ./Generated_Code/MODE_ENG.o
LOAD ./Generated_Code/MQX1.o
LOAD ./Generated_Code/NEUT_SW.o
LOAD ./Generated_Code/PE_LDD.o
LOAD ./Generated_Code/ROT_SW_P1.o
LOAD ./Generated_Code/ROT_SW_P2.o
LOAD ./Generated_Code/ROT_SW_P3.o
LOAD ./Generated_Code/SHIFT_LEV_ANGLE.o
LOAD ./Generated_Code/SH_DN.o
LOAD ./Generated_Code/SH_UP.o
LOAD ./Generated_Code/SystemTimer1.o
LOAD ./Generated_Code/TEMP1.o
LOAD ./Generated_Code/TEMP2.o
LOAD ./Generated_Code/TU1.o
LOAD ./Generated_Code/Vectors.o
LOAD /Applications/KDS_3.0.0.app/Contents/toolchain/bin/../lib/gcc/arm-none-eabi/4.8.4/../../../../arm-none-eabi/lib/armv7e-m/libstdc++.a
LOAD /Applications/KDS_3.0.0.app/Contents/toolchain/bin/../lib/gcc/arm-none-eabi/4.8.4/../../../../arm-none-eabi/lib/armv7e-m/libm.a
START GROUP
LOAD /Applications/KDS_3.0.0.app/Contents/toolchain/bin/../lib/gcc/arm-none-eabi/4.8.4/armv7e-m/libgcc.a
LOAD /Applications/KDS_3.0.0.app/Contents/toolchain/bin/../lib/gcc/arm-none-eabi/4.8.4/../../../../arm-none-eabi/lib/armv7e-m/libg.a
LOAD /Applications/KDS_3.0.0.app/Contents/toolchain/bin/../lib/gcc/arm-none-eabi/4.8.4/../../../../arm-none-eabi/lib/armv7e-m/libc.a
END GROUP
LOAD /Applications/KDS_3.0.0.app/Contents/toolchain/bin/../lib/gcc/arm-none-eabi/4.8.4/armv7e-m/crtend.o
LOAD /Applications/KDS_3.0.0.app/Contents/toolchain/bin/../lib/gcc/arm-none-eabi/4.8.4/armv7e-m/crtn.o
                0x0000000000008000                PROVIDE (__executable_start, 0x8000)
                0x0000000000008000                . = 0x8000

.interp
 *(.interp)

.note.gnu.build-id
 *(.note.gnu.build-id)

.hash
 *(.hash)

.gnu.hash
 *(.gnu.hash)

.dynsym
 *(.dynsym)

.dynstr
 *(.dynstr)

.gnu.version
 *(.gnu.version)

.gnu.version_d
 *(.gnu.version_d)

.gnu.version_r
 *(.gnu.version_r)

.rel.dyn        0x0000000000008000        0x0
 *(.rel.init)
 *(.rel.text .rel.text.* .rel.gnu.linkonce.t.*)
 *(.rel.fini)
 *(.rel.rodata .rel.rodata.* .rel.gnu.linkonce.r.*)
 *(.rel.data.rel.ro .rel.data.rel.ro.* .rel.gnu.linkonce.d.rel.ro.*)
 *(.rel.data .rel.data.* .rel.gnu.linkonce.d.*)
 *(.rel.tdata .rel.tdata.* .rel.gnu.linkonce.td.*)
 *(.rel.tbss .rel.tbss.* .rel.gnu.linkonce.tb.*)
 *(.rel.ctors)
 *(.rel.dtors)
 *(.rel.got)
 *(.rel.bss .rel.bss.* .rel.gnu.linkonce.b.*)
                0x0000000000008000                PROVIDE (__rel_iplt_start, .)
 *(.rel.iplt)
 .rel.iplt      0x0000000000000000        0x0 /Applications/KDS_3.0.0.app/Contents/toolchain/bin/../lib/gcc/arm-none-eabi/4.8.4/armv7e-m/crtbegin.o
                0x0000000000008000                PROVIDE (__rel_iplt_end, .)
                0x0000000000008000                PROVIDE (__rela_iplt_start, .)
                0x0000000000008000                PROVIDE (__rela_iplt_end, .)

.rela.dyn       0x0000000000008000        0x0
 *(.rela.init)
 *(.rela.text .rela.text.* .rela.gnu.linkonce.t.*)
 *(.rela.fini)
 *(.rela.rodata .rela.rodata.* .rela.gnu.linkonce.r.*)
 *(.rela.data .rela.data.* .rela.gnu.linkonce.d.*)
 *(.rela.tdata .rela.tdata.* .rela.gnu.linkonce.td.*)
 *(.rela.tbss .rela.tbss.* .rela.gnu.linkonce.tb.*)
 *(.rela.ctors)
 *(.rela.dtors)
 *(.rela.got)
 *(.rela.bss .rela.bss.* .rela.gnu.linkonce.b.*)
                0x0000000000008000                PROVIDE (__rel_iplt_start, .)
                0x0000000000008000                PROVIDE (__rel_iplt_end, .)
                0x0000000000008000                PROVIDE (__rela_iplt_start, .)
 *(.rela.iplt)
                0x0000000000008000                PROVIDE (__rela_iplt_end, .)

.rel.plt
 *(.rel.plt)

.rela.plt
 *(.rela.plt)

.init           0x0000000000008000        0xc
 *(SORT(.init))
 .init          0x0000000000008000        0x4 /Applications/KDS_3.0.0.app/Contents/toolchain/bin/../lib/gcc/arm-none-eabi/4.8.4/armv7e-m/crti.o
                0x0000000000008000                _init
 .init          0x0000000000008004        0x8 /Applications/KDS_3.0.0.app/Contents/toolchain/bin/../lib/gcc/arm-none-eabi/4.8.4/armv7e-m/crtn.o

.plt
 *(.plt)

.iplt           0x000000000000800c        0x0
 *(.iplt)
 .iplt          0x0000000000000000        0x0 /Applications/KDS_3.0.0.app/Contents/toolchain/bin/../lib/gcc/arm-none-eabi/4.8.4/armv7e-m/crtbegin.o

.text           0x000000000000800c     0x1914
 *(.text.unlikely .text.*_unlikely)
 *(.text.exit .text.exit.*)
 .text.exit     0x000000000000800c       0x20 /Applications/KDS_3.0.0.app/Contents/toolchain/bin/../lib/gcc/arm-none-eabi/4.8.4/../../../../arm-none-eabi/lib/armv7e-m/libg.a(lib_a-exit.o)
                0x000000000000800c                exit
 *(.text.startup .text.startup.*)
 .text.startup.main
                0x000000000000802c       0x12 ./Sources/main.o
                0x000000000000802c                main
 *fill*         0x000000000000803e        0x2 
 .text.startup.register_fini
                0x0000000000008040       0x14 /Applications/KDS_3.0.0.app/Contents/toolchain/bin/../lib/gcc/arm-none-eabi/4.8.4/../../../../arm-none-eabi/lib/armv7e-m/libg.a(lib_a-__call_atexit.o)
 *(.text.hot .text.hot.*)
 *(.text .stub .text.* .gnu.linkonce.t.*)
 .text          0x0000000000008054       0x54 /Applications/KDS_3.0.0.app/Contents/toolchain/bin/../lib/gcc/arm-none-eabi/4.8.4/armv7e-m/crtbegin.o
 .text          0x00000000000080a8       0x74 /Applications/KDS_3.0.0.app/Contents/toolchain/bin/../lib/gcc/arm-none-eabi/4.8.4/../../../../arm-none-eabi/lib/armv7e-m/crt0.o
                0x00000000000080a8                _mainCRTStartup
                0x00000000000080a8                _start
 .text.Cpu_OnNMIINT
                0x000000000000811c        0x2 ./Sources/Events.o
                0x000000000000811c                Cpu_OnNMIINT
 .text.Task1_task
                0x000000000000811e        0x2 ./Sources/mqx_tasks.o
                0x000000000000811e                Task1_task
 .text.__copy_rom_section
                0x0000000000008120       0x42 ./Project_Settings/Startup_Code/startup.o
                0x0000000000008120                __copy_rom_section
 *fill*         0x0000000000008162        0x2 
 .text.__copy_rom_sections_to_ram
                0x0000000000008164       0x30 ./Project_Settings/Startup_Code/startup.o
                0x0000000000008164                __copy_rom_sections_to_ram
 .text.__init_registers
                0x0000000000008194        0x2 ./Project_Settings/Startup_Code/startup.o
                0x0000000000008194                __init_registers
 .text.__init_user
                0x0000000000008196        0x2 ./Project_Settings/Startup_Code/startup.o
                0x0000000000008196                __init_user
 .text.__thumb_startup
                0x0000000000008198       0x34 ./Project_Settings/Startup_Code/startup.o
                0x0000000000008198                __thumb_startup
 .text          0x00000000000081cc       0x4c ./MQXLITE/psp/cortex_m/core/M4/boot.o
                0x00000000000081cc                __boot
                0x0000000000008204                __set_MSP
 .text._psp_int_install
                0x0000000000008218       0x10 ./MQXLITE/psp/cortex_m/int_inst.o
                0x0000000000008218                _psp_int_install
 .text._int_set_vector_table
                0x0000000000008228       0x10 ./MQXLITE/psp/cortex_m/int_vtab.o
                0x0000000000008228                _int_set_vector_table
 .text._mem_zero
                0x0000000000008238       0xde ./MQXLITE/psp/cortex_m/mem_zero.o
                0x0000000000008238                _mem_zero
 .text._psp_int_init
                0x0000000000008316       0x12 ./MQXLITE/psp/cortex_m/psp_iinit.o
                0x0000000000008316                _psp_int_init
 .text._psp_normalize_ticks
                0x0000000000008328       0x30 ./MQXLITE/psp/cortex_m/psp_tinm.o
                0x0000000000008328                _psp_normalize_ticks
 .text._psp_set_kernel_disable_level
                0x0000000000008358       0x4c ./MQXLITE/psp/cortex_m/sc_irdyq.o
                0x0000000000008358                _psp_set_kernel_disable_level
 .text._psp_init_readyqs
                0x00000000000083a4       0x5c ./MQXLITE/psp/cortex_m/sc_irdyq.o
                0x00000000000083a4                _psp_init_readyqs
 .text._psp_build_stack_frame
                0x0000000000008400       0x64 ./MQXLITE/psp/cortex_m/stack_bu.o
                0x0000000000008400                _psp_build_stack_frame
 .text._psp_destroy_stack_frame
                0x0000000000008464        0x2 ./MQXLITE/psp/cortex_m/stack_de.o
                0x0000000000008464                _psp_destroy_stack_frame
 *fill*         0x0000000000008466        0x2 
 .text._mqx_idle_task
                0x0000000000008468       0x10 ./MQXLITE/kernel/idletask.o
                0x0000000000008468                _mqx_idle_task
 .text._int_disable
                0x0000000000008478       0x1c ./MQXLITE/kernel/int.o
                0x0000000000008478                _int_disable
 .text._int_enable
                0x0000000000008494       0x2c ./MQXLITE/kernel/int.o
                0x0000000000008494                _int_enable
 .text._int_default_isr
                0x00000000000084c0       0x38 ./MQXLITE/kernel/int.o
                0x00000000000084c0                _int_default_isr
 .text._int_get_isr_data
                0x00000000000084f8       0x34 ./MQXLITE/kernel/int.o
                0x00000000000084f8                _int_get_isr_data
 .text._int_install_isr
                0x000000000000852c       0x50 ./MQXLITE/kernel/int.o
                0x000000000000852c                _int_install_isr
 .text._int_init
                0x000000000000857c       0x54 ./MQXLITE/kernel/int.o
                0x000000000000857c                _int_init
 .text._lwsem_create_internal
                0x00000000000085d0       0x6c ./MQXLITE/kernel/lwsem.o
                0x00000000000085d0                _lwsem_create_internal
 .text._lwsem_create
                0x000000000000863c        0x8 ./MQXLITE/kernel/lwsem.o
                0x000000000000863c                _lwsem_create
 .text._lwsem_post
                0x0000000000008644       0xd0 ./MQXLITE/kernel/lwsem.o
                0x0000000000008644                _lwsem_post
 .text._lwsem_wait
                0x0000000000008714       0xa8 ./MQXLITE/kernel/lwsem.o
                0x0000000000008714                _lwsem_wait
 .text._mqx_set_cpu_type
                0x00000000000087bc        0xc ./MQXLITE/kernel/mqx_utils.o
                0x00000000000087bc                _mqx_set_cpu_type
 .text._mqx_init_kernel_data_internal
                0x00000000000087c8       0xf4 ./MQXLITE/kernel/mqx_utils.o
                0x00000000000087c8                _mqx_init_kernel_data_internal
 .text._mqxlite_init
                0x00000000000088bc       0xb4 ./MQXLITE/kernel/mqxlite.o
                0x00000000000088bc                _mqxlite_init
 .text._mqxlite
                0x0000000000008970       0x78 ./MQXLITE/kernel/mqxlite.o
                0x0000000000008970                _mqxlite
 .text._mqx_exit
                0x00000000000089e8        0x8 ./MQXLITE/kernel/mqxlite.o
                0x00000000000089e8                _mqx_exit
 .text._task_get_td
                0x00000000000089f0       0x70 ./MQXLITE/kernel/task.o
                0x00000000000089f0                _task_get_td
 .text._task_destroy_internal
                0x0000000000008a60      0x130 ./MQXLITE/kernel/task.o
                0x0000000000008a60                _task_destroy_internal
 .text._task_destroy
                0x0000000000008b90        0x6 ./MQXLITE/kernel/task.o
                0x0000000000008b90                _task_destroy
 .text._task_exit_function_internal
                0x0000000000008b96        0x6 ./MQXLITE/kernel/task.o
                0x0000000000008b96                _task_exit_function_internal
 .text._task_set_error
                0x0000000000008b9c       0x2c ./MQXLITE/kernel/task.o
                0x0000000000008b9c                _task_set_error
 .text._task_fill_stack_internal
                0x0000000000008bc8       0x18 ./MQXLITE/kernel/task.o
                0x0000000000008bc8                _task_fill_stack_internal
 .text._task_ready_internal
                0x0000000000008be0       0x28 ./MQXLITE/kernel/task.o
                0x0000000000008be0                _task_ready_internal
 .text._task_alloc_td_internal
                0x0000000000008c08       0x90 ./MQXLITE/kernel/task.o
                0x0000000000008c08                _task_alloc_td_internal
 .text._task_init_internal
                0x0000000000008c98      0x10c ./MQXLITE/kernel/task.o
                0x0000000000008c98                _task_init_internal
 .text._task_set_error_td_internal
                0x0000000000008da4        0xc ./MQXLITE/kernel/task.o
                0x0000000000008da4                _task_set_error_td_internal
 .text._time_notify_kernel
                0x0000000000008db0       0xec ./MQXLITE/kernel/time_ticks.o
                0x0000000000008db0                _time_notify_kernel
 .text._time_set_hwtick_function
                0x0000000000008e9c       0x14 ./MQXLITE/kernel/time_ticks.o
                0x0000000000008e9c                _time_set_hwtick_function
 .text._time_set_hwticks_per_tick
                0x0000000000008eb0       0x10 ./MQXLITE/kernel/time_ticks.o
                0x0000000000008eb0                _time_set_hwticks_per_tick
 .text.CLUTCH_SW_Init
                0x0000000000008ec0       0x38 ./Generated_Code/CLUTCH_SW.o
                0x0000000000008ec0                CLUTCH_SW_Init
 .text.Cpu_INT_NMIInterrupt
                0x0000000000008ef8        0x4 ./Generated_Code/Cpu.o
                0x0000000000008ef8                Cpu_INT_NMIInterrupt
 .text.Cpu_Interrupt
                0x0000000000008efc       0x14 ./Generated_Code/Cpu.o
                0x0000000000008efc                Cpu_Interrupt
 .text.__init_hardware
                0x0000000000008f10       0xd0 ./Generated_Code/Cpu.o
                0x0000000000008f10                __init_hardware
 .text.PE_low_level_init
                0x0000000000008fe0       0xec ./Generated_Code/Cpu.o
                0x0000000000008fe0                PE_low_level_init
 .text.FLTCLR1_Init
                0x00000000000090cc       0x40 ./Generated_Code/FLTCLR1.o
                0x00000000000090cc                FLTCLR1_Init
 .text.FLTCLR2_Init
                0x000000000000910c       0x40 ./Generated_Code/FLTCLR2.o
                0x000000000000910c                FLTCLR2_Init
 .text.FLTSD1_Init
                0x000000000000914c       0x40 ./Generated_Code/FLTSD1.o
                0x000000000000914c                FLTSD1_Init
 .text.FLTSD2_Init
                0x000000000000918c       0x40 ./Generated_Code/FLTSD2.o
                0x000000000000918c                FLTSD2_Init
 .text.HIN1_Init
                0x00000000000091cc       0x40 ./Generated_Code/HIN1.o
                0x00000000000091cc                HIN1_Init
 .text.HIN2_Init
                0x000000000000920c       0x40 ./Generated_Code/HIN2.o
                0x000000000000920c                HIN2_Init
 .text.LED_Init
                0x000000000000924c       0x40 ./Generated_Code/LED.o
                0x000000000000924c                LED_Init
 .text.LED_SetVal
                0x000000000000928c        0xc ./Generated_Code/LED.o
                0x000000000000928c                LED_SetVal
 .text.LIN1_Init
                0x0000000000009298       0x40 ./Generated_Code/LIN1.o
                0x0000000000009298                LIN1_Init
 .text.LIN2_Init
                0x00000000000092d8       0x40 ./Generated_Code/LIN2.o
                0x00000000000092d8                LIN2_Init
 .text.MODE_ENG_Init
                0x0000000000009318       0x38 ./Generated_Code/MODE_ENG.o
                0x0000000000009318                MODE_ENG_Init
 .text.SystemTimer1_OnCounterRestart
                0x0000000000009350        0x4 ./Generated_Code/MQX1.o
                0x0000000000009350                SystemTimer1_OnCounterRestart
 .text.SystemTimer1_GetTicsPerSecond
                0x0000000000009354       0x1a ./Generated_Code/MQX1.o
                0x0000000000009354                SystemTimer1_GetTicsPerSecond
 *fill*         0x000000000000936e        0x2 
 .text.system_timer_init
                0x0000000000009370       0x40 ./Generated_Code/MQX1.o
                0x0000000000009370                system_timer_init
 .text.system_timer_start
                0x00000000000093b0       0x14 ./Generated_Code/MQX1.o
                0x00000000000093b0                system_timer_start
 .text.NEUT_SW_Init
                0x00000000000093c4       0x38 ./Generated_Code/NEUT_SW.o
                0x00000000000093c4                NEUT_SW_Init
 .text.ROT_SW_P1_Init
                0x00000000000093fc       0x38 ./Generated_Code/ROT_SW_P1.o
                0x00000000000093fc                ROT_SW_P1_Init
 .text.ROT_SW_P2_Init
                0x0000000000009434       0x38 ./Generated_Code/ROT_SW_P2.o
                0x0000000000009434                ROT_SW_P2_Init
 .text.ROT_SW_P3_Init
                0x000000000000946c       0x38 ./Generated_Code/ROT_SW_P3.o
                0x000000000000946c                ROT_SW_P3_Init
 .text.SHIFT_LEV_ANGLE_Init
                0x00000000000094a4       0x38 ./Generated_Code/SHIFT_LEV_ANGLE.o
                0x00000000000094a4                SHIFT_LEV_ANGLE_Init
 .text.SH_DN_Init
                0x00000000000094dc       0x38 ./Generated_Code/SH_DN.o
                0x00000000000094dc                SH_DN_Init
 .text.SH_UP_Init
                0x0000000000009514       0x38 ./Generated_Code/SH_UP.o
                0x0000000000009514                SH_UP_Init
 .text.SystemTimer1_Interrupt
                0x000000000000954c       0x14 ./Generated_Code/SystemTimer1.o
                0x000000000000954c                SystemTimer1_Interrupt
 .text.SystemTimer1_Init
                0x0000000000009560       0x5c ./Generated_Code/SystemTimer1.o
                0x0000000000009560                SystemTimer1_Init
 .text.SystemTimer1_Enable
                0x00000000000095bc       0x14 ./Generated_Code/SystemTimer1.o
                0x00000000000095bc                SystemTimer1_Enable
 .text.SystemTimer1_GetInputFrequency
                0x00000000000095d0        0x6 ./Generated_Code/SystemTimer1.o
                0x00000000000095d0                SystemTimer1_GetInputFrequency
 *fill*         0x00000000000095d6        0x2 
 .text.SystemTimer1_GetPeriodTicks
                0x00000000000095d8       0x14 ./Generated_Code/SystemTimer1.o
                0x00000000000095d8                SystemTimer1_GetPeriodTicks
 .text.SystemTimer1_GetCounterValue
                0x00000000000095ec        0xc ./Generated_Code/SystemTimer1.o
                0x00000000000095ec                SystemTimer1_GetCounterValue
 .text.TEMP1_Init
                0x00000000000095f8       0x38 ./Generated_Code/TEMP1.o
                0x00000000000095f8                TEMP1_Init
 .text.TEMP2_Init
                0x0000000000009630       0x38 ./Generated_Code/TEMP2.o
                0x0000000000009630                TEMP2_Init
 .text.__libc_init_array
                0x0000000000009668       0x50 /Applications/KDS_3.0.0.app/Contents/toolchain/bin/../lib/gcc/arm-none-eabi/4.8.4/../../../../arm-none-eabi/lib/armv7e-m/libg.a(lib_a-init.o)
                0x0000000000009668                __libc_init_array
 .text.memset   0x00000000000096b8       0x94 /Applications/KDS_3.0.0.app/Contents/toolchain/bin/../lib/gcc/arm-none-eabi/4.8.4/../../../../arm-none-eabi/lib/armv7e-m/libg.a(lib_a-memset.o)
                0x00000000000096b8                memset
 .text.__call_exitprocs
                0x000000000000974c       0xf0 /Applications/KDS_3.0.0.app/Contents/toolchain/bin/../lib/gcc/arm-none-eabi/4.8.4/../../../../arm-none-eabi/lib/armv7e-m/libg.a(lib_a-__call_atexit.o)
                0x000000000000974c                __call_exitprocs
 .text.atexit   0x000000000000983c        0xc /Applications/KDS_3.0.0.app/Contents/toolchain/bin/../lib/gcc/arm-none-eabi/4.8.4/../../../../arm-none-eabi/lib/armv7e-m/libg.a(lib_a-atexit.o)
                0x000000000000983c                atexit
 .text.__libc_fini_array
                0x0000000000009848       0x30 /Applications/KDS_3.0.0.app/Contents/toolchain/bin/../lib/gcc/arm-none-eabi/4.8.4/../../../../arm-none-eabi/lib/armv7e-m/libg.a(lib_a-fini.o)
                0x0000000000009848                __libc_fini_array
 .text.__register_exitproc
                0x0000000000009878       0xa8 /Applications/KDS_3.0.0.app/Contents/toolchain/bin/../lib/gcc/arm-none-eabi/4.8.4/../../../../arm-none-eabi/lib/armv7e-m/libg.a(lib_a-__atexit.o)
                0x0000000000009878                __register_exitproc
 *(.gnu.warning)
 *(.glue_7t)
 .glue_7t       0x0000000000000000        0x0 linker stubs
 *(.glue_7)
 .glue_7        0x0000000000000000        0x0 linker stubs
 *(.vfp11_veneer)
 .vfp11_veneer  0x0000000000000000        0x0 linker stubs
 *(.v4_bx)
 .v4_bx         0x0000000000000000        0x0 linker stubs

KERNEL          0x0000000000009920      0x250
                0x0000000000009920                PROVIDE (__start_KERNEL, .)
 KERNEL         0x0000000000009920      0x250 ./MQXLITE/psp/cortex_m/core/M4/dispatch.o
                0x0000000000009920                _sched_start_internal
                0x0000000000009924                _sched_run_internal
                0x000000000000992a                _sched_check_scheduler_internal
                0x0000000000009948                _sched_execute_scheduler_internal
                0x000000000000994c                _mqx_api_call
                0x0000000000009950                _task_block
                0x0000000000009954                _svc_handler
                0x00000000000099d6                _pend_svc
                0x0000000000009a3e                _int_kernel_isr
                0x0000000000009ac6                _psp_exception_return
                0x0000000000009b00                _psp_save_fp_context_internal
                0x0000000000009b02                _mem_test_and_set
                0x0000000000009b20                __get_PSP
                0x0000000000009b26                __get_MSP
                0x0000000000009b32                __get_PSR
                0x0000000000009b38                __enable_interrupt
                0x0000000000009b3c                __disable_interrupt
                0x0000000000009b40                __get_LR
                0x0000000000009b44                __get_PC
                0x0000000000009b48                __get_CONTROL
                0x0000000000009b70                PROVIDE (__stop_KERNEL, .)

.fini           0x0000000000009b70        0xc
 *(SORT(.fini))
 .fini          0x0000000000009b70        0x4 /Applications/KDS_3.0.0.app/Contents/toolchain/bin/../lib/gcc/arm-none-eabi/4.8.4/armv7e-m/crti.o
                0x0000000000009b70                _fini
 .fini          0x0000000000009b74        0x8 /Applications/KDS_3.0.0.app/Contents/toolchain/bin/../lib/gcc/arm-none-eabi/4.8.4/armv7e-m/crtn.o
                0x0000000000009b7c                PROVIDE (__etext, .)
                0x0000000000009b7c                PROVIDE (_etext, .)
                0x0000000000009b7c                PROVIDE (etext, .)

.rodata         0x0000000000009b7c      0x16c
 *(.rodata .rodata.* .gnu.linkonce.r.*)
 .rodata.str1.1
                0x0000000000009b7c        0xf ./MQXLITE/kernel/mqx_utils.o
 .rodata.str1.1
                0x0000000000009b8b       0xdf ./MQXLITE/kernel/mqxlite.o
 *fill*         0x0000000000009c6a        0x2 
 .rodata._mqx_path
                0x0000000000009c6c        0x4 ./MQXLITE/kernel/mqxlite.o
                0x0000000000009c6c                _mqx_path
 .rodata._mqx_vendor
                0x0000000000009c70        0x4 ./MQXLITE/kernel/mqxlite.o
                0x0000000000009c70                _mqx_vendor
 .rodata._mqxlite_version_number
                0x0000000000009c74        0x4 ./MQXLITE/kernel/mqxlite.o
                0x0000000000009c74                _mqxlite_version_number
 .rodata._mqx_version_number
                0x0000000000009c78        0x4 ./MQXLITE/kernel/mqxlite.o
                0x0000000000009c78                _mqx_version_number
 .rodata.str1.1
                0x0000000000009c7c        0x6 ./MQXLITE/config/task_template_list.o
 *fill*         0x0000000000009c82        0x2 
 .rodata.MQX_template_list
                0x0000000000009c84       0x38 ./MQXLITE/config/task_template_list.o
                0x0000000000009c84                MQX_template_list
 .rodata.MQX_init_struct
                0x0000000000009cbc       0x24 ./Generated_Code/MQX1.o
                0x0000000000009cbc                MQX_init_struct
 .rodata.str1.4
                0x0000000000009ce0        0x4 /Applications/KDS_3.0.0.app/Contents/toolchain/bin/../lib/gcc/arm-none-eabi/4.8.4/../../../../arm-none-eabi/lib/armv7e-m/libg.a(lib_a-impure.o)
 .rodata._global_impure_ptr
                0x0000000000009ce4        0x4 /Applications/KDS_3.0.0.app/Contents/toolchain/bin/../lib/gcc/arm-none-eabi/4.8.4/../../../../arm-none-eabi/lib/armv7e-m/libg.a(lib_a-impure.o)
                0x0000000000009ce4                _global_impure_ptr

.vectortable    0x0000000000009ce8      0x1bc
 .vectortable   0x0000000000009ce8      0x1bc ./Generated_Code/Vectors.o
                0x0000000000009ce8                __vect_table

.rodata1
 *(.rodata1)

.ARM.extab
 *(.ARM.extab* .gnu.linkonce.armextab.*)
                0x0000000000009ea4                PROVIDE (__exidx_start, .)

.ARM.exidx      0x0000000000009ea4        0x8
 *(.ARM.exidx* .gnu.linkonce.armexidx.*)
 .ARM.exidx     0x0000000000009ea4        0x8 /Applications/KDS_3.0.0.app/Contents/toolchain/bin/../lib/gcc/arm-none-eabi/4.8.4/../../../../arm-none-eabi/lib/armv7e-m/crt0.o
                0x0000000000009eac                PROVIDE (__exidx_end, .)

.eh_frame_hdr
 *(.eh_frame_hdr)

.eh_frame       0x0000000000009eac        0x4
 *(.eh_frame)
 .eh_frame      0x0000000000009eac        0x0 /Applications/KDS_3.0.0.app/Contents/toolchain/bin/../lib/gcc/arm-none-eabi/4.8.4/armv7e-m/crtbegin.o
 .eh_frame      0x0000000000009eac        0x4 /Applications/KDS_3.0.0.app/Contents/toolchain/bin/../lib/gcc/arm-none-eabi/4.8.4/armv7e-m/crtend.o

.gcc_except_table
 *(.gcc_except_table .gcc_except_table.*)

.exception_ranges
 *(.exception_ranges .exception_ranges*)
                0x0000000000011eb0                . = (ALIGN (0x8000) + (. & 0x7fff))

.eh_frame
 *(.eh_frame)

.gcc_except_table
 *(.gcc_except_table .gcc_except_table.*)

.exception_ranges
 *(.exception_ranges .exception_ranges*)

.tdata
 *(.tdata .tdata.* .gnu.linkonce.td.*)

.tbss
 *(.tbss .tbss.* .gnu.linkonce.tb.*)
 *(.tcommon)

.preinit_array  0x0000000000011eb0        0x0
                0x0000000000011eb0                PROVIDE (__preinit_array_start, .)
 *(.preinit_array)
                0x0000000000011eb0                PROVIDE (__preinit_array_end, .)

.init_array     0x0000000000011eb0        0x8
                0x0000000000011eb0                PROVIDE (__init_array_start, .)
 *(SORT(.init_array.*))
 .init_array.00000
                0x0000000000011eb0        0x4 /Applications/KDS_3.0.0.app/Contents/toolchain/bin/../lib/gcc/arm-none-eabi/4.8.4/../../../../arm-none-eabi/lib/armv7e-m/libg.a(lib_a-__call_atexit.o)
 *(.init_array)
 .init_array    0x0000000000011eb4        0x4 /Applications/KDS_3.0.0.app/Contents/toolchain/bin/../lib/gcc/arm-none-eabi/4.8.4/armv7e-m/crtbegin.o
                0x0000000000011eb8                PROVIDE (__init_array_end, .)

.fini_array     0x0000000000011eb8        0x4
                0x0000000000011eb8                PROVIDE (__fini_array_start, .)
 *(SORT(.fini_array.*))
 *(.fini_array)
 .fini_array    0x0000000000011eb8        0x4 /Applications/KDS_3.0.0.app/Contents/toolchain/bin/../lib/gcc/arm-none-eabi/4.8.4/armv7e-m/crtbegin.o
                0x0000000000011ebc                PROVIDE (__fini_array_end, .)

.ctors
 *crtbegin.o(.ctors)
 *crtbegin?.o(.ctors)
 *(EXCLUDE_FILE(*crtend?.o *crtend.o) .ctors)
 *(SORT(.ctors.*))
 *(.ctors)

.dtors
 *crtbegin.o(.dtors)
 *crtbegin?.o(.dtors)
 *(EXCLUDE_FILE(*crtend?.o *crtend.o) .dtors)
 *(SORT(.dtors.*))
 *(.dtors)

.jcr            0x0000000000011ebc        0x4
 *(.jcr)
 .jcr           0x0000000000011ebc        0x0 /Applications/KDS_3.0.0.app/Contents/toolchain/bin/../lib/gcc/arm-none-eabi/4.8.4/armv7e-m/crtbegin.o
 .jcr           0x0000000000011ebc        0x4 /Applications/KDS_3.0.0.app/Contents/toolchain/bin/../lib/gcc/arm-none-eabi/4.8.4/armv7e-m/crtend.o

.data.rel.ro
 *(.data.rel.ro.local* .gnu.linkonce.d.rel.ro.local.*)
 *(.data.rel.ro .data.rel.ro.* .gnu.linkonce.d.rel.ro.*)

.dynamic
 *(.dynamic)

.got            0x0000000000011ec0        0x0
 *(.got.plt)
 *(.igot.plt)
 .igot.plt      0x0000000000000000        0x0 /Applications/KDS_3.0.0.app/Contents/toolchain/bin/../lib/gcc/arm-none-eabi/4.8.4/armv7e-m/crtbegin.o
 *(.got)
 *(.igot)

.data           0x0000000000011ec0      0x438
                0x0000000000011ec0                __data_start = .
 *(.data .data.* .gnu.linkonce.d.*)
 .data._mqx_kernel_data
                0x0000000000011ec0        0x4 ./MQXLITE/kernel/mqxlite.o
                0x0000000000011ec0                _mqx_kernel_data
 .data.mqx_task_stack_pointers
                0x0000000000011ec4        0x8 ./Generated_Code/MQX1.o
                0x0000000000011ec4                mqx_task_stack_pointers
 *fill*         0x0000000000011ecc        0x4 
 .data.impure_data
                0x0000000000011ed0      0x428 /Applications/KDS_3.0.0.app/Contents/toolchain/bin/../lib/gcc/arm-none-eabi/4.8.4/../../../../arm-none-eabi/lib/armv7e-m/libg.a(lib_a-impure.o)

.data1
 *(.data1)
                0x00000000000122f8                _edata = .
                0x00000000000122f8                PROVIDE (edata, .)
                0x00000000000122f8                . = .
                0x00000000000122f8                __bss_start = .
                0x00000000000122f8                __bss_start__ = .

.bss            0x00000000000122f8      0xbb4
 *(.dynbss)
 *(.bss .bss.* .gnu.linkonce.b.*)
 .bss           0x00000000000122f8       0x1c /Applications/KDS_3.0.0.app/Contents/toolchain/bin/../lib/gcc/arm-none-eabi/4.8.4/armv7e-m/crtbegin.o
 .bss.DeviceDataPrv__DEFAULT_RTOS_ALLOC
                0x0000000000012314        0x4 ./Generated_Code/CLUTCH_SW.o
 .bss.DeviceDataPrv__DEFAULT_RTOS_ALLOC
                0x0000000000012318        0x4 ./Generated_Code/FLTCLR1.o
 .bss.DeviceDataPrv__DEFAULT_RTOS_ALLOC
                0x000000000001231c        0x4 ./Generated_Code/FLTCLR2.o
 .bss.DeviceDataPrv__DEFAULT_RTOS_ALLOC
                0x0000000000012320        0x4 ./Generated_Code/FLTSD1.o
 .bss.DeviceDataPrv__DEFAULT_RTOS_ALLOC
                0x0000000000012324        0x4 ./Generated_Code/FLTSD2.o
 .bss.DeviceDataPrv__DEFAULT_RTOS_ALLOC
                0x0000000000012328        0x4 ./Generated_Code/HIN1.o
 .bss.DeviceDataPrv__DEFAULT_RTOS_ALLOC
                0x000000000001232c        0x4 ./Generated_Code/HIN2.o
 .bss.DeviceDataPrv__DEFAULT_RTOS_ALLOC
                0x0000000000012330        0x4 ./Generated_Code/LED.o
 .bss.DeviceDataPrv__DEFAULT_RTOS_ALLOC
                0x0000000000012334        0x4 ./Generated_Code/LIN1.o
 .bss.DeviceDataPrv__DEFAULT_RTOS_ALLOC
                0x0000000000012338        0x4 ./Generated_Code/LIN2.o
 .bss.DeviceDataPrv__DEFAULT_RTOS_ALLOC
                0x000000000001233c        0x4 ./Generated_Code/MODE_ENG.o
 .bss.SystemTimerDeviceDataPtr
                0x0000000000012340        0x4 ./Generated_Code/MQX1.o
 .bss.DeviceDataPrv__DEFAULT_RTOS_ALLOC
                0x0000000000012344        0x4 ./Generated_Code/NEUT_SW.o
 .bss.PE_LDD_DeviceDataList
                0x0000000000012348       0x64 ./Generated_Code/PE_LDD.o
                0x0000000000012348                PE_LDD_DeviceDataList
 .bss.DeviceDataPrv__DEFAULT_RTOS_ALLOC
                0x00000000000123ac        0x4 ./Generated_Code/ROT_SW_P1.o
 .bss.DeviceDataPrv__DEFAULT_RTOS_ALLOC
                0x00000000000123b0        0x4 ./Generated_Code/ROT_SW_P2.o
 .bss.DeviceDataPrv__DEFAULT_RTOS_ALLOC
                0x00000000000123b4        0x4 ./Generated_Code/ROT_SW_P3.o
 .bss.DeviceDataPrv__DEFAULT_RTOS_ALLOC
                0x00000000000123b8        0x4 ./Generated_Code/SHIFT_LEV_ANGLE.o
 .bss.DeviceDataPrv__DEFAULT_RTOS_ALLOC
                0x00000000000123bc        0x4 ./Generated_Code/SH_DN.o
 .bss.DeviceDataPrv__DEFAULT_RTOS_ALLOC
                0x00000000000123c0        0x4 ./Generated_Code/SH_UP.o
 .bss.DeviceDataPrv__DEFAULT_RTOS_ALLOC
                0x00000000000123c4        0xc ./Generated_Code/SystemTimer1.o
 .bss.DeviceDataPrv__DEFAULT_RTOS_ALLOC
                0x00000000000123d0        0x4 ./Generated_Code/TEMP1.o
 .bss.DeviceDataPrv__DEFAULT_RTOS_ALLOC
                0x00000000000123d4        0x4 ./Generated_Code/TEMP2.o
 *(COMMON)
 COMMON         0x00000000000123d8      0xad4 ./Generated_Code/MQX1.o
                0x00000000000123d8                _mqx_kernel_data_struct
                0x000000000001260c                mqx_interrupt_stack
                0x000000000001271c                mqx_static_ready_queue
                0x00000000000127bc                mqx_static_isr_table
                0x0000000000012abc                mqx_idle_task_stack
                0x0000000000012c24                Task1_task_stack
                0x0000000000012eac                . = ALIGN ((. != 0x0)?0x4:0x1)
                0x0000000000012eac                _bss_end__ = .
                0x0000000000012eac                __bss_end__ = .
                0x0000000000012eac                . = ALIGN (0x4)
                0x0000000000012eac                . = ALIGN (0x4)
                0x0000000000012eac                __end__ = .
                0x0000000000012eac                _end = .
                0x0000000000012eac                PROVIDE (end, .)

.stab
 *(.stab)

.stabstr
 *(.stabstr)

.stab.excl
 *(.stab.excl)

.stab.exclstr
 *(.stab.exclstr)

.stab.index
 *(.stab.index)

.stab.indexstr
 *(.stab.indexstr)

.comment        0x0000000000000000       0x70
 *(.comment)
 .comment       0x0000000000000000       0x70 ./Sources/Events.o
                                         0x71 (size before relaxing)
 .comment       0x0000000000000000       0x71 ./Sources/main.o
 .comment       0x0000000000000000       0x71 ./Sources/mqx_tasks.o
 .comment       0x0000000000000000       0x71 ./Project_Settings/Startup_Code/startup.o
 .comment       0x0000000000000000       0x71 ./MQXLITE/psp/cortex_m/cortex.o
 .comment       0x0000000000000000       0x71 ./MQXLITE/psp/cortex_m/int_gkis.o
 .comment       0x0000000000000000       0x71 ./MQXLITE/psp/cortex_m/int_inst.o
 .comment       0x0000000000000000       0x71 ./MQXLITE/psp/cortex_m/int_kisr.o
 .comment       0x0000000000000000       0x71 ./MQXLITE/psp/cortex_m/int_pvta.o
 .comment       0x0000000000000000       0x71 ./MQXLITE/psp/cortex_m/int_unx.o
 .comment       0x0000000000000000       0x71 ./MQXLITE/psp/cortex_m/int_vtab.o
 .comment       0x0000000000000000       0x71 ./MQXLITE/psp/cortex_m/int_xcpt.o
 .comment       0x0000000000000000       0x71 ./MQXLITE/psp/cortex_m/mem_zero.o
 .comment       0x0000000000000000       0x71 ./MQXLITE/psp/cortex_m/psp_iinit.o
 .comment       0x0000000000000000       0x71 ./MQXLITE/psp/cortex_m/psp_supp.o
 .comment       0x0000000000000000       0x71 ./MQXLITE/psp/cortex_m/psp_tiad.o
 .comment       0x0000000000000000       0x71 ./MQXLITE/psp/cortex_m/psp_tinm.o
 .comment       0x0000000000000000       0x71 ./MQXLITE/psp/cortex_m/psp_tipr.o
 .comment       0x0000000000000000       0x71 ./MQXLITE/psp/cortex_m/psp_tisu.o
 .comment       0x0000000000000000       0x71 ./MQXLITE/psp/cortex_m/sc_irdyq.o
 .comment       0x0000000000000000       0x71 ./MQXLITE/psp/cortex_m/stack_bu.o
 .comment       0x0000000000000000       0x71 ./MQXLITE/psp/cortex_m/stack_de.o
 .comment       0x0000000000000000       0x71 ./MQXLITE/psp/cortex_m/stack_st.o
 .comment       0x0000000000000000       0x71 ./MQXLITE/kernel/idletask.o
 .comment       0x0000000000000000       0x71 ./MQXLITE/kernel/int.o
 .comment       0x0000000000000000       0x71 ./MQXLITE/kernel/klog.o
 .comment       0x0000000000000000       0x71 ./MQXLITE/kernel/lwevent.o
 .comment       0x0000000000000000       0x71 ./MQXLITE/kernel/lwlog.o
 .comment       0x0000000000000000       0x71 ./MQXLITE/kernel/lwmem.o
 .comment       0x0000000000000000       0x71 ./MQXLITE/kernel/lwmsgq.o
 .comment       0x0000000000000000       0x71 ./MQXLITE/kernel/lwsem.o
 .comment       0x0000000000000000       0x71 ./MQXLITE/kernel/lwtimer.o
 .comment       0x0000000000000000       0x71 ./MQXLITE/kernel/mqx_utils.o
 .comment       0x0000000000000000       0x71 ./MQXLITE/kernel/mqxlite.o
 .comment       0x0000000000000000       0x71 ./MQXLITE/kernel/mutex.o
 .comment       0x0000000000000000       0x71 ./MQXLITE/kernel/qu_test.o
 .comment       0x0000000000000000       0x71 ./MQXLITE/kernel/sched.o
 .comment       0x0000000000000000       0x71 ./MQXLITE/kernel/task.o
 .comment       0x0000000000000000       0x71 ./MQXLITE/kernel/time_ticks.o
 .comment       0x0000000000000000       0x71 ./MQXLITE/config/task_template_list.o
 .comment       0x0000000000000000       0x71 ./Generated_Code/AD1.o
 .comment       0x0000000000000000       0x71 ./Generated_Code/AS1.o
 .comment       0x0000000000000000       0x71 ./Generated_Code/CAN1.o
 .comment       0x0000000000000000       0x71 ./Generated_Code/CLUTCH_SW.o
 .comment       0x0000000000000000       0x71 ./Generated_Code/Cpu.o
 .comment       0x0000000000000000       0x71 ./Generated_Code/FLTCLR1.o
 .comment       0x0000000000000000       0x71 ./Generated_Code/FLTCLR2.o
 .comment       0x0000000000000000       0x71 ./Generated_Code/FLTSD1.o
 .comment       0x0000000000000000       0x71 ./Generated_Code/FLTSD2.o
 .comment       0x0000000000000000       0x71 ./Generated_Code/HIN1.o
 .comment       0x0000000000000000       0x71 ./Generated_Code/HIN2.o
 .comment       0x0000000000000000       0x71 ./Generated_Code/LED.o
 .comment       0x0000000000000000       0x71 ./Generated_Code/LIN1.o
 .comment       0x0000000000000000       0x71 ./Generated_Code/LIN2.o
 .comment       0x0000000000000000       0x71 ./Generated_Code/MODE_ENG.o
 .comment       0x0000000000000000       0x71 ./Generated_Code/MQX1.o
 .comment       0x0000000000000000       0x71 ./Generated_Code/NEUT_SW.o
 .comment       0x0000000000000000       0x71 ./Generated_Code/PE_LDD.o
 .comment       0x0000000000000000       0x71 ./Generated_Code/ROT_SW_P1.o
 .comment       0x0000000000000000       0x71 ./Generated_Code/ROT_SW_P2.o
 .comment       0x0000000000000000       0x71 ./Generated_Code/ROT_SW_P3.o
 .comment       0x0000000000000000       0x71 ./Generated_Code/SHIFT_LEV_ANGLE.o
 .comment       0x0000000000000000       0x71 ./Generated_Code/SH_DN.o
 .comment       0x0000000000000000       0x71 ./Generated_Code/SH_UP.o
 .comment       0x0000000000000000       0x71 ./Generated_Code/SystemTimer1.o
 .comment       0x0000000000000000       0x71 ./Generated_Code/TEMP1.o
 .comment       0x0000000000000000       0x71 ./Generated_Code/TEMP2.o
 .comment       0x0000000000000000       0x71 ./Generated_Code/TU1.o
 .comment       0x0000000000000000       0x71 ./Generated_Code/Vectors.o

.debug
 *(.debug)

.line
 *(.line)

.debug_srcinfo
 *(.debug_srcinfo)

.debug_sfnames
 *(.debug_sfnames)

.debug_aranges  0x0000000000000000      0xeb8
 *(.debug_aranges)
 .debug_aranges
                0x0000000000000000       0x40 ./Sources/Events.o
 .debug_aranges
                0x0000000000000040       0x20 ./Sources/main.o
 .debug_aranges
                0x0000000000000060       0x20 ./Sources/mqx_tasks.o
 .debug_aranges
                0x0000000000000080       0x50 ./Project_Settings/Startup_Code/startup.o
 .debug_aranges
                0x00000000000000d0       0x20 ./MQXLITE/psp/cortex_m/core/M4/boot.o
 .debug_aranges
                0x00000000000000f0       0x20 ./MQXLITE/psp/cortex_m/core/M4/dispatch.o
 .debug_aranges
                0x0000000000000110       0x30 ./MQXLITE/psp/cortex_m/cortex.o
 .debug_aranges
                0x0000000000000140       0x20 ./MQXLITE/psp/cortex_m/int_gkis.o
 .debug_aranges
                0x0000000000000160       0x20 ./MQXLITE/psp/cortex_m/int_inst.o
 .debug_aranges
                0x0000000000000180       0x20 ./MQXLITE/psp/cortex_m/int_kisr.o
 .debug_aranges
                0x00000000000001a0       0x18 ./MQXLITE/psp/cortex_m/int_pvta.o
 .debug_aranges
                0x00000000000001b8       0x20 ./MQXLITE/psp/cortex_m/int_unx.o
 .debug_aranges
                0x00000000000001d8       0x28 ./MQXLITE/psp/cortex_m/int_vtab.o
 .debug_aranges
                0x0000000000000200       0x20 ./MQXLITE/psp/cortex_m/int_xcpt.o
 .debug_aranges
                0x0000000000000220       0x20 ./MQXLITE/psp/cortex_m/mem_zero.o
 .debug_aranges
                0x0000000000000240       0x20 ./MQXLITE/psp/cortex_m/psp_iinit.o
 .debug_aranges
                0x0000000000000260       0x28 ./MQXLITE/psp/cortex_m/psp_supp.o
 .debug_aranges
                0x0000000000000288       0x20 ./MQXLITE/psp/cortex_m/psp_tiad.o
 .debug_aranges
                0x00000000000002a8       0x20 ./MQXLITE/psp/cortex_m/psp_tinm.o
 .debug_aranges
                0x00000000000002c8       0x20 ./MQXLITE/psp/cortex_m/psp_tipr.o
 .debug_aranges
                0x00000000000002e8       0x28 ./MQXLITE/psp/cortex_m/psp_tisu.o
 .debug_aranges
                0x0000000000000310       0x28 ./MQXLITE/psp/cortex_m/sc_irdyq.o
 .debug_aranges
                0x0000000000000338       0x20 ./MQXLITE/psp/cortex_m/stack_bu.o
 .debug_aranges
                0x0000000000000358       0x20 ./MQXLITE/psp/cortex_m/stack_de.o
 .debug_aranges
                0x0000000000000378       0x20 ./MQXLITE/psp/cortex_m/stack_st.o
 .debug_aranges
                0x0000000000000398       0x20 ./MQXLITE/kernel/idletask.o
 .debug_aranges
                0x00000000000003b8       0x90 ./MQXLITE/kernel/int.o
 .debug_aranges
                0x0000000000000448       0x18 ./MQXLITE/kernel/klog.o
 .debug_aranges
                0x0000000000000460       0x18 ./MQXLITE/kernel/lwevent.o
 .debug_aranges
                0x0000000000000478       0x18 ./MQXLITE/kernel/lwlog.o
 .debug_aranges
                0x0000000000000490       0x18 ./MQXLITE/kernel/lwmem.o
 .debug_aranges
                0x00000000000004a8       0x18 ./MQXLITE/kernel/lwmsgq.o
 .debug_aranges
                0x00000000000004c0       0x80 ./MQXLITE/kernel/lwsem.o
 .debug_aranges
                0x0000000000000540       0x18 ./MQXLITE/kernel/lwtimer.o
 .debug_aranges
                0x0000000000000558       0x60 ./MQXLITE/kernel/mqx_utils.o
 .debug_aranges
                0x00000000000005b8       0x30 ./MQXLITE/kernel/mqxlite.o
 .debug_aranges
                0x00000000000005e8       0x18 ./MQXLITE/kernel/mutex.o
 .debug_aranges
                0x0000000000000600       0x20 ./MQXLITE/kernel/qu_test.o
 .debug_aranges
                0x0000000000000620       0x58 ./MQXLITE/kernel/sched.o
 .debug_aranges
                0x0000000000000678      0x158 ./MQXLITE/kernel/task.o
 .debug_aranges
                0x00000000000007d0       0xb8 ./MQXLITE/kernel/time_ticks.o
 .debug_aranges
                0x0000000000000888       0x18 ./MQXLITE/config/task_template_list.o
 .debug_aranges
                0x00000000000008a0       0x38 ./Generated_Code/AD1.o
 .debug_aranges
                0x00000000000008d8       0x38 ./Generated_Code/AS1.o
 .debug_aranges
                0x0000000000000910       0x68 ./Generated_Code/CAN1.o
 .debug_aranges
                0x0000000000000978       0x28 ./Generated_Code/CLUTCH_SW.o
 .debug_aranges
                0x00000000000009a0       0x40 ./Generated_Code/Cpu.o
 .debug_aranges
                0x00000000000009e0       0x40 ./Generated_Code/FLTCLR1.o
 .debug_aranges
                0x0000000000000a20       0x40 ./Generated_Code/FLTCLR2.o
 .debug_aranges
                0x0000000000000a60       0x40 ./Generated_Code/FLTSD1.o
 .debug_aranges
                0x0000000000000aa0       0x40 ./Generated_Code/FLTSD2.o
 .debug_aranges
                0x0000000000000ae0       0x40 ./Generated_Code/HIN1.o
 .debug_aranges
                0x0000000000000b20       0x40 ./Generated_Code/HIN2.o
 .debug_aranges
                0x0000000000000b60       0x40 ./Generated_Code/LED.o
 .debug_aranges
                0x0000000000000ba0       0x40 ./Generated_Code/LIN1.o
 .debug_aranges
                0x0000000000000be0       0x40 ./Generated_Code/LIN2.o
 .debug_aranges
                0x0000000000000c20       0x28 ./Generated_Code/MODE_ENG.o
 .debug_aranges
                0x0000000000000c48       0x40 ./Generated_Code/MQX1.o
 .debug_aranges
                0x0000000000000c88       0x28 ./Generated_Code/NEUT_SW.o
 .debug_aranges
                0x0000000000000cb0       0x30 ./Generated_Code/PE_LDD.o
 .debug_aranges
                0x0000000000000ce0       0x28 ./Generated_Code/ROT_SW_P1.o
 .debug_aranges
                0x0000000000000d08       0x28 ./Generated_Code/ROT_SW_P2.o
 .debug_aranges
                0x0000000000000d30       0x28 ./Generated_Code/ROT_SW_P3.o
 .debug_aranges
                0x0000000000000d58       0x28 ./Generated_Code/SHIFT_LEV_ANGLE.o
 .debug_aranges
                0x0000000000000d80       0x28 ./Generated_Code/SH_DN.o
 .debug_aranges
                0x0000000000000da8       0x28 ./Generated_Code/SH_UP.o
 .debug_aranges
                0x0000000000000dd0       0x60 ./Generated_Code/SystemTimer1.o
 .debug_aranges
                0x0000000000000e30       0x28 ./Generated_Code/TEMP1.o
 .debug_aranges
                0x0000000000000e58       0x28 ./Generated_Code/TEMP2.o
 .debug_aranges
                0x0000000000000e80       0x20 ./Generated_Code/TU1.o
 .debug_aranges
                0x0000000000000ea0       0x18 ./Generated_Code/Vectors.o

.debug_pubnames
 *(.debug_pubnames)

.debug_info     0x0000000000000000    0x1a627
 *(.debug_info .gnu.linkonce.wi.*)
 .debug_info    0x0000000000000000      0x16a ./Sources/Events.o
 .debug_info    0x000000000000016a      0x126 ./Sources/main.o
 .debug_info    0x0000000000000290       0xc8 ./Sources/mqx_tasks.o
 .debug_info    0x0000000000000358      0x24b ./Project_Settings/Startup_Code/startup.o
 .debug_info    0x00000000000005a3       0x98 ./MQXLITE/psp/cortex_m/core/M4/boot.o
 .debug_info    0x000000000000063b       0x9c ./MQXLITE/psp/cortex_m/core/M4/dispatch.o
 .debug_info    0x00000000000006d7      0x427 ./MQXLITE/psp/cortex_m/cortex.o
 .debug_info    0x0000000000000afe      0x3c8 ./MQXLITE/psp/cortex_m/int_gkis.o
 .debug_info    0x0000000000000ec6      0x989 ./MQXLITE/psp/cortex_m/int_inst.o
 .debug_info    0x000000000000184f      0x116 ./MQXLITE/psp/cortex_m/int_kisr.o
 .debug_info    0x0000000000001965       0x80 ./MQXLITE/psp/cortex_m/int_pvta.o
 .debug_info    0x00000000000019e5      0x9c1 ./MQXLITE/psp/cortex_m/int_unx.o
 .debug_info    0x00000000000023a6      0x339 ./MQXLITE/psp/cortex_m/int_vtab.o
 .debug_info    0x00000000000026df      0xabc ./MQXLITE/psp/cortex_m/int_xcpt.o
 .debug_info    0x000000000000319b      0x14a ./MQXLITE/psp/cortex_m/mem_zero.o
 .debug_info    0x00000000000032e5      0x12d ./MQXLITE/psp/cortex_m/psp_iinit.o
 .debug_info    0x0000000000003412      0x12f ./MQXLITE/psp/cortex_m/psp_supp.o
 .debug_info    0x0000000000003541      0xa0c ./MQXLITE/psp/cortex_m/psp_tiad.o
 .debug_info    0x0000000000003f4d      0xa06 ./MQXLITE/psp/cortex_m/psp_tinm.o
 .debug_info    0x0000000000004953      0x229 ./MQXLITE/psp/cortex_m/psp_tipr.o
 .debug_info    0x0000000000004b7c      0xa9b ./MQXLITE/psp/cortex_m/psp_tisu.o
 .debug_info    0x0000000000005617      0xbb7 ./MQXLITE/psp/cortex_m/sc_irdyq.o
 .debug_info    0x00000000000061ce      0x64f ./MQXLITE/psp/cortex_m/stack_bu.o
 .debug_info    0x000000000000681d      0x3f7 ./MQXLITE/psp/cortex_m/stack_de.o
 .debug_info    0x0000000000006c14      0x59b ./MQXLITE/psp/cortex_m/stack_st.o
 .debug_info    0x00000000000071af      0x983 ./MQXLITE/kernel/idletask.o
 .debug_info    0x0000000000007b32      0xe43 ./MQXLITE/kernel/int.o
 .debug_info    0x0000000000008975       0x80 ./MQXLITE/kernel/klog.o
 .debug_info    0x00000000000089f5       0x80 ./MQXLITE/kernel/lwevent.o
 .debug_info    0x0000000000008a75       0x80 ./MQXLITE/kernel/lwlog.o
 .debug_info    0x0000000000008af5       0x80 ./MQXLITE/kernel/lwmem.o
 .debug_info    0x0000000000008b75       0x80 ./MQXLITE/kernel/lwmsgq.o
 .debug_info    0x0000000000008bf5     0x129b ./MQXLITE/kernel/lwsem.o
 .debug_info    0x0000000000009e90       0x80 ./MQXLITE/kernel/lwtimer.o
 .debug_info    0x0000000000009f10      0xb71 ./MQXLITE/kernel/mqx_utils.o
 .debug_info    0x000000000000aa81     0x11ca ./MQXLITE/kernel/mqxlite.o
 .debug_info    0x000000000000bc4b       0x80 ./MQXLITE/kernel/mutex.o
 .debug_info    0x000000000000bccb      0x1d0 ./MQXLITE/kernel/qu_test.o
 .debug_info    0x000000000000be9b      0xcab ./MQXLITE/kernel/sched.o
 .debug_info    0x000000000000cb46     0x27a6 ./MQXLITE/kernel/task.o
 .debug_info    0x000000000000f2ec     0x1205 ./MQXLITE/kernel/time_ticks.o
 .debug_info    0x00000000000104f1      0x446 ./MQXLITE/config/task_template_list.o
 .debug_info    0x0000000000010937      0x6e8 ./Generated_Code/AD1.o
 .debug_info    0x000000000001101f      0xd85 ./Generated_Code/AS1.o
 .debug_info    0x0000000000011da4     0x10ed ./Generated_Code/CAN1.o
 .debug_info    0x0000000000012e91      0x2ed ./Generated_Code/CLUTCH_SW.o
 .debug_info    0x000000000001317e     0x11a5 ./Generated_Code/Cpu.o
 .debug_info    0x0000000000014323      0x363 ./Generated_Code/FLTCLR1.o
 .debug_info    0x0000000000014686      0x363 ./Generated_Code/FLTCLR2.o
 .debug_info    0x00000000000149e9      0x363 ./Generated_Code/FLTSD1.o
 .debug_info    0x0000000000014d4c      0x363 ./Generated_Code/FLTSD2.o
 .debug_info    0x00000000000150af      0x363 ./Generated_Code/HIN1.o
 .debug_info    0x0000000000015412      0x363 ./Generated_Code/HIN2.o
 .debug_info    0x0000000000015775      0x363 ./Generated_Code/LED.o
 .debug_info    0x0000000000015ad8      0x363 ./Generated_Code/LIN1.o
 .debug_info    0x0000000000015e3b      0x363 ./Generated_Code/LIN2.o
 .debug_info    0x000000000001619e      0x2ed ./Generated_Code/MODE_ENG.o
 .debug_info    0x000000000001648b     0x1099 ./Generated_Code/MQX1.o
 .debug_info    0x0000000000017524      0x2ed ./Generated_Code/NEUT_SW.o
 .debug_info    0x0000000000017811      0x543 ./Generated_Code/PE_LDD.o
 .debug_info    0x0000000000017d54      0x2ed ./Generated_Code/ROT_SW_P1.o
 .debug_info    0x0000000000018041      0x2ed ./Generated_Code/ROT_SW_P2.o
 .debug_info    0x000000000001832e      0x2ed ./Generated_Code/ROT_SW_P3.o
 .debug_info    0x000000000001861b      0x2ed ./Generated_Code/SHIFT_LEV_ANGLE.o
 .debug_info    0x0000000000018908      0x2ed ./Generated_Code/SH_DN.o
 .debug_info    0x0000000000018bf5      0x2ed ./Generated_Code/SH_UP.o
 .debug_info    0x0000000000018ee2      0x8e0 ./Generated_Code/SystemTimer1.o
 .debug_info    0x00000000000197c2      0x2ed ./Generated_Code/TEMP1.o
 .debug_info    0x0000000000019aaf      0x2ed ./Generated_Code/TEMP2.o
 .debug_info    0x0000000000019d9c      0x4a7 ./Generated_Code/TU1.o
 .debug_info    0x000000000001a243      0x3e4 ./Generated_Code/Vectors.o

.debug_abbrev   0x0000000000000000     0x5780
 *(.debug_abbrev)
 .debug_abbrev  0x0000000000000000       0xb1 ./Sources/Events.o
 .debug_abbrev  0x00000000000000b1       0xd8 ./Sources/main.o
 .debug_abbrev  0x0000000000000189       0x6b ./Sources/mqx_tasks.o
 .debug_abbrev  0x00000000000001f4      0x112 ./Project_Settings/Startup_Code/startup.o
 .debug_abbrev  0x0000000000000306       0x14 ./MQXLITE/psp/cortex_m/core/M4/boot.o
 .debug_abbrev  0x000000000000031a       0x14 ./MQXLITE/psp/cortex_m/core/M4/dispatch.o
 .debug_abbrev  0x000000000000032e      0x15f ./MQXLITE/psp/cortex_m/cortex.o
 .debug_abbrev  0x000000000000048d      0x176 ./MQXLITE/psp/cortex_m/int_gkis.o
 .debug_abbrev  0x0000000000000603      0x14a ./MQXLITE/psp/cortex_m/int_inst.o
 .debug_abbrev  0x000000000000074d       0xaa ./MQXLITE/psp/cortex_m/int_kisr.o
 .debug_abbrev  0x00000000000007f7       0x26 ./MQXLITE/psp/cortex_m/int_pvta.o
 .debug_abbrev  0x000000000000081d      0x152 ./MQXLITE/psp/cortex_m/int_unx.o
 .debug_abbrev  0x000000000000096f      0x11d ./MQXLITE/psp/cortex_m/int_vtab.o
 .debug_abbrev  0x0000000000000a8c      0x1bd ./MQXLITE/psp/cortex_m/int_xcpt.o
 .debug_abbrev  0x0000000000000c49       0x7d ./MQXLITE/psp/cortex_m/mem_zero.o
 .debug_abbrev  0x0000000000000cc6       0xc2 ./MQXLITE/psp/cortex_m/psp_iinit.o
 .debug_abbrev  0x0000000000000d88       0x8a ./MQXLITE/psp/cortex_m/psp_supp.o
 .debug_abbrev  0x0000000000000e12      0x158 ./MQXLITE/psp/cortex_m/psp_tiad.o
 .debug_abbrev  0x0000000000000f6a      0x152 ./MQXLITE/psp/cortex_m/psp_tinm.o
 .debug_abbrev  0x00000000000010bc      0x11d ./MQXLITE/psp/cortex_m/psp_tipr.o
 .debug_abbrev  0x00000000000011d9      0x183 ./MQXLITE/psp/cortex_m/psp_tisu.o
 .debug_abbrev  0x000000000000135c      0x1ab ./MQXLITE/psp/cortex_m/sc_irdyq.o
 .debug_abbrev  0x0000000000001507      0x13e ./MQXLITE/psp/cortex_m/stack_bu.o
 .debug_abbrev  0x0000000000001645       0xd9 ./MQXLITE/psp/cortex_m/stack_de.o
 .debug_abbrev  0x000000000000171e       0xf6 ./MQXLITE/psp/cortex_m/stack_st.o
 .debug_abbrev  0x0000000000001814      0x141 ./MQXLITE/kernel/idletask.o
 .debug_abbrev  0x0000000000001955      0x215 ./MQXLITE/kernel/int.o
 .debug_abbrev  0x0000000000001b6a       0x26 ./MQXLITE/kernel/klog.o
 .debug_abbrev  0x0000000000001b90       0x26 ./MQXLITE/kernel/lwevent.o
 .debug_abbrev  0x0000000000001bb6       0x26 ./MQXLITE/kernel/lwlog.o
 .debug_abbrev  0x0000000000001bdc       0x26 ./MQXLITE/kernel/lwmem.o
 .debug_abbrev  0x0000000000001c02       0x26 ./MQXLITE/kernel/lwmsgq.o
 .debug_abbrev  0x0000000000001c28      0x29c ./MQXLITE/kernel/lwsem.o
 .debug_abbrev  0x0000000000001ec4       0x26 ./MQXLITE/kernel/lwtimer.o
 .debug_abbrev  0x0000000000001eea      0x238 ./MQXLITE/kernel/mqx_utils.o
 .debug_abbrev  0x0000000000002122      0x2da ./MQXLITE/kernel/mqxlite.o
 .debug_abbrev  0x00000000000023fc       0x26 ./MQXLITE/kernel/mutex.o
 .debug_abbrev  0x0000000000002422       0xca ./MQXLITE/kernel/qu_test.o
 .debug_abbrev  0x00000000000024ec      0x23e ./MQXLITE/kernel/sched.o
 .debug_abbrev  0x000000000000272a      0x3a3 ./MQXLITE/kernel/task.o
 .debug_abbrev  0x0000000000002acd      0x2e8 ./MQXLITE/kernel/time_ticks.o
 .debug_abbrev  0x0000000000002db5       0xb7 ./MQXLITE/config/task_template_list.o
 .debug_abbrev  0x0000000000002e6c      0x1aa ./Generated_Code/AD1.o
 .debug_abbrev  0x0000000000003016      0x2cd ./Generated_Code/AS1.o
 .debug_abbrev  0x00000000000032e3      0x26e ./Generated_Code/CAN1.o
 .debug_abbrev  0x0000000000003551      0x119 ./Generated_Code/CLUTCH_SW.o
 .debug_abbrev  0x000000000000366a      0x20e ./Generated_Code/Cpu.o
 .debug_abbrev  0x0000000000003878      0x151 ./Generated_Code/FLTCLR1.o
 .debug_abbrev  0x00000000000039c9      0x151 ./Generated_Code/FLTCLR2.o
 .debug_abbrev  0x0000000000003b1a      0x151 ./Generated_Code/FLTSD1.o
 .debug_abbrev  0x0000000000003c6b      0x151 ./Generated_Code/FLTSD2.o
 .debug_abbrev  0x0000000000003dbc      0x151 ./Generated_Code/HIN1.o
 .debug_abbrev  0x0000000000003f0d      0x151 ./Generated_Code/HIN2.o
 .debug_abbrev  0x000000000000405e      0x151 ./Generated_Code/LED.o
 .debug_abbrev  0x00000000000041af      0x151 ./Generated_Code/LIN1.o
 .debug_abbrev  0x0000000000004300      0x151 ./Generated_Code/LIN2.o
 .debug_abbrev  0x0000000000004451      0x119 ./Generated_Code/MODE_ENG.o
 .debug_abbrev  0x000000000000456a      0x277 ./Generated_Code/MQX1.o
 .debug_abbrev  0x00000000000047e1      0x119 ./Generated_Code/NEUT_SW.o
 .debug_abbrev  0x00000000000048fa      0x13e ./Generated_Code/PE_LDD.o
 .debug_abbrev  0x0000000000004a38      0x119 ./Generated_Code/ROT_SW_P1.o
 .debug_abbrev  0x0000000000004b51      0x119 ./Generated_Code/ROT_SW_P2.o
 .debug_abbrev  0x0000000000004c6a      0x119 ./Generated_Code/ROT_SW_P3.o
 .debug_abbrev  0x0000000000004d83      0x119 ./Generated_Code/SHIFT_LEV_ANGLE.o
 .debug_abbrev  0x0000000000004e9c      0x119 ./Generated_Code/SH_DN.o
 .debug_abbrev  0x0000000000004fb5      0x119 ./Generated_Code/SH_UP.o
 .debug_abbrev  0x00000000000050ce      0x28b ./Generated_Code/SystemTimer1.o
 .debug_abbrev  0x0000000000005359      0x119 ./Generated_Code/TEMP1.o
 .debug_abbrev  0x0000000000005472      0x119 ./Generated_Code/TEMP2.o
 .debug_abbrev  0x000000000000558b      0x13e ./Generated_Code/TU1.o
 .debug_abbrev  0x00000000000056c9       0xb7 ./Generated_Code/Vectors.o

.debug_line     0x0000000000000000     0x7df8
 *(.debug_line)
 .debug_line    0x0000000000000000      0x18c ./Sources/Events.o
 .debug_line    0x000000000000018c      0x164 ./Sources/main.o
 .debug_line    0x00000000000002f0       0xf8 ./Sources/mqx_tasks.o
 .debug_line    0x00000000000003e8       0xf3 ./Project_Settings/Startup_Code/startup.o
 .debug_line    0x00000000000004db       0x71 ./MQXLITE/psp/cortex_m/core/M4/boot.o
 .debug_line    0x000000000000054c      0x17a ./MQXLITE/psp/cortex_m/core/M4/dispatch.o
 .debug_line    0x00000000000006c6       0xf4 ./MQXLITE/psp/cortex_m/cortex.o
 .debug_line    0x00000000000007ba      0x16c ./MQXLITE/psp/cortex_m/int_gkis.o
 .debug_line    0x0000000000000926      0x13a ./MQXLITE/psp/cortex_m/int_inst.o
 .debug_line    0x0000000000000a60      0x10b ./MQXLITE/psp/cortex_m/int_kisr.o
 .debug_line    0x0000000000000b6b       0x1d ./MQXLITE/psp/cortex_m/int_pvta.o
 .debug_line    0x0000000000000b88      0x15a ./MQXLITE/psp/cortex_m/int_unx.o
 .debug_line    0x0000000000000ce2       0xd2 ./MQXLITE/psp/cortex_m/int_vtab.o
 .debug_line    0x0000000000000db4      0x171 ./MQXLITE/psp/cortex_m/int_xcpt.o
 .debug_line    0x0000000000000f25      0x138 ./MQXLITE/psp/cortex_m/mem_zero.o
 .debug_line    0x000000000000105d      0x117 ./MQXLITE/psp/cortex_m/psp_iinit.o
 .debug_line    0x0000000000001174       0xcb ./MQXLITE/psp/cortex_m/psp_supp.o
 .debug_line    0x000000000000123f      0x15c ./MQXLITE/psp/cortex_m/psp_tiad.o
 .debug_line    0x000000000000139b      0x152 ./MQXLITE/psp/cortex_m/psp_tinm.o
 .debug_line    0x00000000000014ed      0x11e ./MQXLITE/psp/cortex_m/psp_tipr.o
 .debug_line    0x000000000000160b      0x189 ./MQXLITE/psp/cortex_m/psp_tisu.o
 .debug_line    0x0000000000001794      0x2f4 ./MQXLITE/psp/cortex_m/sc_irdyq.o
 .debug_line    0x0000000000001a88      0x14e ./MQXLITE/psp/cortex_m/stack_bu.o
 .debug_line    0x0000000000001bd6      0x122 ./MQXLITE/psp/cortex_m/stack_de.o
 .debug_line    0x0000000000001cf8      0x130 ./MQXLITE/psp/cortex_m/stack_st.o
 .debug_line    0x0000000000001e28      0x136 ./MQXLITE/kernel/idletask.o
 .debug_line    0x0000000000001f5e      0x34b ./MQXLITE/kernel/int.o
 .debug_line    0x00000000000022a9       0x1d ./MQXLITE/kernel/klog.o
 .debug_line    0x00000000000022c6       0x1d ./MQXLITE/kernel/lwevent.o
 .debug_line    0x00000000000022e3       0x1d ./MQXLITE/kernel/lwlog.o
 .debug_line    0x0000000000002300       0x1d ./MQXLITE/kernel/lwmem.o
 .debug_line    0x000000000000231d       0x1d ./MQXLITE/kernel/lwmsgq.o
 .debug_line    0x000000000000233a      0x42f ./MQXLITE/kernel/lwsem.o
 .debug_line    0x0000000000002769       0x1d ./MQXLITE/kernel/lwtimer.o
 .debug_line    0x0000000000002786      0x214 ./MQXLITE/kernel/mqx_utils.o
 .debug_line    0x000000000000299a      0x316 ./MQXLITE/kernel/mqxlite.o
 .debug_line    0x0000000000002cb0       0x1d ./MQXLITE/kernel/mutex.o
 .debug_line    0x0000000000002ccd      0x122 ./MQXLITE/kernel/qu_test.o
 .debug_line    0x0000000000002def      0x23e ./MQXLITE/kernel/sched.o
 .debug_line    0x000000000000302d      0x898 ./MQXLITE/kernel/task.o
 .debug_line    0x00000000000038c5      0x45c ./MQXLITE/kernel/time_ticks.o
 .debug_line    0x0000000000003d21      0x206 ./MQXLITE/config/task_template_list.o
 .debug_line    0x0000000000003f27      0x1cd ./Generated_Code/AD1.o
 .debug_line    0x00000000000040f4      0x329 ./Generated_Code/AS1.o
 .debug_line    0x000000000000441d      0x422 ./Generated_Code/CAN1.o
 .debug_line    0x000000000000483f      0x1e2 ./Generated_Code/CLUTCH_SW.o
 .debug_line    0x0000000000004a21      0x3f7 ./Generated_Code/Cpu.o
 .debug_line    0x0000000000004e18      0x216 ./Generated_Code/FLTCLR1.o
 .debug_line    0x000000000000502e      0x216 ./Generated_Code/FLTCLR2.o
 .debug_line    0x0000000000005244      0x215 ./Generated_Code/FLTSD1.o
 .debug_line    0x0000000000005459      0x215 ./Generated_Code/FLTSD2.o
 .debug_line    0x000000000000566e      0x213 ./Generated_Code/HIN1.o
 .debug_line    0x0000000000005881      0x213 ./Generated_Code/HIN2.o
 .debug_line    0x0000000000005a94      0x212 ./Generated_Code/LED.o
 .debug_line    0x0000000000005ca6      0x213 ./Generated_Code/LIN1.o
 .debug_line    0x0000000000005eb9      0x213 ./Generated_Code/LIN2.o
 .debug_line    0x00000000000060cc      0x1e1 ./Generated_Code/MODE_ENG.o
 .debug_line    0x00000000000062ad      0x2bb ./Generated_Code/MQX1.o
 .debug_line    0x0000000000006568      0x1e0 ./Generated_Code/NEUT_SW.o
 .debug_line    0x0000000000006748      0x1f8 ./Generated_Code/PE_LDD.o
 .debug_line    0x0000000000006940      0x1e2 ./Generated_Code/ROT_SW_P1.o
 .debug_line    0x0000000000006b22      0x1e2 ./Generated_Code/ROT_SW_P2.o
 .debug_line    0x0000000000006d04      0x1e2 ./Generated_Code/ROT_SW_P3.o
 .debug_line    0x0000000000006ee6      0x1e8 ./Generated_Code/SHIFT_LEV_ANGLE.o
 .debug_line    0x00000000000070ce      0x1de ./Generated_Code/SH_DN.o
 .debug_line    0x00000000000072ac      0x1de ./Generated_Code/SH_UP.o
 .debug_line    0x000000000000748a      0x2eb ./Generated_Code/SystemTimer1.o
 .debug_line    0x0000000000007775      0x1de ./Generated_Code/TEMP1.o
 .debug_line    0x0000000000007953      0x1de ./Generated_Code/TEMP2.o
 .debug_line    0x0000000000007b31      0x177 ./Generated_Code/TU1.o
 .debug_line    0x0000000000007ca8      0x150 ./Generated_Code/Vectors.o

.debug_frame    0x0000000000000000     0x26e8
 *(.debug_frame)
 .debug_frame   0x0000000000000000       0x60 ./Sources/Events.o
 .debug_frame   0x0000000000000060       0x28 ./Sources/main.o
 .debug_frame   0x0000000000000088       0x20 ./Sources/mqx_tasks.o
 .debug_frame   0x00000000000000a8       0x90 ./Project_Settings/Startup_Code/startup.o
 .debug_frame   0x0000000000000138       0x4c ./MQXLITE/psp/cortex_m/cortex.o
 .debug_frame   0x0000000000000184       0x28 ./MQXLITE/psp/cortex_m/int_gkis.o
 .debug_frame   0x00000000000001ac       0x20 ./MQXLITE/psp/cortex_m/int_inst.o
 .debug_frame   0x00000000000001cc       0x28 ./MQXLITE/psp/cortex_m/int_kisr.o
 .debug_frame   0x00000000000001f4       0x20 ./MQXLITE/psp/cortex_m/int_unx.o
 .debug_frame   0x0000000000000214       0x30 ./MQXLITE/psp/cortex_m/int_vtab.o
 .debug_frame   0x0000000000000244       0x34 ./MQXLITE/psp/cortex_m/int_xcpt.o
 .debug_frame   0x0000000000000278       0x2c ./MQXLITE/psp/cortex_m/mem_zero.o
 .debug_frame   0x00000000000002a4       0x28 ./MQXLITE/psp/cortex_m/psp_iinit.o
 .debug_frame   0x00000000000002cc       0x38 ./MQXLITE/psp/cortex_m/psp_supp.o
 .debug_frame   0x0000000000000304       0x30 ./MQXLITE/psp/cortex_m/psp_tiad.o
 .debug_frame   0x0000000000000334       0x2c ./MQXLITE/psp/cortex_m/psp_tinm.o
 .debug_frame   0x0000000000000360       0x30 ./MQXLITE/psp/cortex_m/psp_tipr.o
 .debug_frame   0x0000000000000390       0x50 ./MQXLITE/psp/cortex_m/psp_tisu.o
 .debug_frame   0x00000000000003e0       0x40 ./MQXLITE/psp/cortex_m/sc_irdyq.o
 .debug_frame   0x0000000000000420       0x2c ./MQXLITE/psp/cortex_m/stack_bu.o
 .debug_frame   0x000000000000044c       0x20 ./MQXLITE/psp/cortex_m/stack_de.o
 .debug_frame   0x000000000000046c       0x20 ./MQXLITE/psp/cortex_m/stack_st.o
 .debug_frame   0x000000000000048c       0x24 ./MQXLITE/kernel/idletask.o
 .debug_frame   0x00000000000004b0      0x15c ./MQXLITE/kernel/int.o
 .debug_frame   0x000000000000060c      0x170 ./MQXLITE/kernel/lwsem.o
 .debug_frame   0x000000000000077c       0xa8 ./MQXLITE/kernel/mqx_utils.o
 .debug_frame   0x0000000000000824       0x6c ./MQXLITE/kernel/mqxlite.o
 .debug_frame   0x0000000000000890       0x2c ./MQXLITE/kernel/qu_test.o
 .debug_frame   0x00000000000008bc       0xc8 ./MQXLITE/kernel/sched.o
 .debug_frame   0x0000000000000984      0x3c0 ./MQXLITE/kernel/task.o
 .debug_frame   0x0000000000000d44      0x1f8 ./MQXLITE/kernel/time_ticks.o
 .debug_frame   0x0000000000000f3c       0x64 ./Generated_Code/AD1.o
 .debug_frame   0x0000000000000fa0       0x88 ./Generated_Code/AS1.o
 .debug_frame   0x0000000000001028       0xf8 ./Generated_Code/CAN1.o
 .debug_frame   0x0000000000001120       0x30 ./Generated_Code/CLUTCH_SW.o
 .debug_frame   0x0000000000001150       0x74 ./Generated_Code/Cpu.o
 .debug_frame   0x00000000000011c4       0x60 ./Generated_Code/FLTCLR1.o
 .debug_frame   0x0000000000001224       0x60 ./Generated_Code/FLTCLR2.o
 .debug_frame   0x0000000000001284       0x60 ./Generated_Code/FLTSD1.o
 .debug_frame   0x00000000000012e4       0x60 ./Generated_Code/FLTSD2.o
 .debug_frame   0x0000000000001344       0x60 ./Generated_Code/HIN1.o
 .debug_frame   0x00000000000013a4       0x60 ./Generated_Code/HIN2.o
 .debug_frame   0x0000000000001404       0x60 ./Generated_Code/LED.o
 .debug_frame   0x0000000000001464       0x60 ./Generated_Code/LIN1.o
 .debug_frame   0x00000000000014c4       0x60 ./Generated_Code/LIN2.o
 .debug_frame   0x0000000000001524       0x30 ./Generated_Code/MODE_ENG.o
 .debug_frame   0x0000000000001554       0x84 ./Generated_Code/MQX1.o
 .debug_frame   0x00000000000015d8       0x30 ./Generated_Code/NEUT_SW.o
 .debug_frame   0x0000000000001608       0x40 ./Generated_Code/PE_LDD.o
 .debug_frame   0x0000000000001648       0x30 ./Generated_Code/ROT_SW_P1.o
 .debug_frame   0x0000000000001678       0x30 ./Generated_Code/ROT_SW_P2.o
 .debug_frame   0x00000000000016a8       0x30 ./Generated_Code/ROT_SW_P3.o
 .debug_frame   0x00000000000016d8       0x30 ./Generated_Code/SHIFT_LEV_ANGLE.o
 .debug_frame   0x0000000000001708       0x30 ./Generated_Code/SH_DN.o
 .debug_frame   0x0000000000001738       0x30 ./Generated_Code/SH_UP.o
 .debug_frame   0x0000000000001768       0xb8 ./Generated_Code/SystemTimer1.o
 .debug_frame   0x0000000000001820       0x30 ./Generated_Code/TEMP1.o
 .debug_frame   0x0000000000001850       0x30 ./Generated_Code/TEMP2.o
 .debug_frame   0x0000000000001880       0x20 ./Generated_Code/TU1.o
 .debug_frame   0x00000000000018a0       0x28 /Applications/KDS_3.0.0.app/Contents/toolchain/bin/../lib/gcc/arm-none-eabi/4.8.4/../../../../arm-none-eabi/lib/armv7e-m/libg.a(lib_a-exit.o)
 .debug_frame   0x00000000000018c8       0x2c /Applications/KDS_3.0.0.app/Contents/toolchain/bin/../lib/gcc/arm-none-eabi/4.8.4/../../../../arm-none-eabi/lib/armv7e-m/libg.a(lib_a-init.o)
 .debug_frame   0x00000000000018f4       0x2c /Applications/KDS_3.0.0.app/Contents/toolchain/bin/../lib/gcc/arm-none-eabi/4.8.4/../../../../arm-none-eabi/lib/armv7e-m/libg.a(lib_a-memset.o)
 .debug_frame   0x0000000000001920       0x58 /Applications/KDS_3.0.0.app/Contents/toolchain/bin/../lib/gcc/arm-none-eabi/4.8.4/../../../../arm-none-eabi/lib/armv7e-m/libg.a(lib_a-printf.o)
 .debug_frame   0x0000000000001978       0x28 /Applications/KDS_3.0.0.app/Contents/toolchain/bin/../lib/gcc/arm-none-eabi/4.8.4/../../../../arm-none-eabi/lib/armv7e-m/libg.a(lib_a-strncmp.o)
 .debug_frame   0x00000000000019a0       0x7c /Applications/KDS_3.0.0.app/Contents/toolchain/bin/../lib/gcc/arm-none-eabi/4.8.4/../../../../arm-none-eabi/lib/armv7e-m/libg.a(lib_a-vfprintf.o)
 .debug_frame   0x0000000000001a1c       0x2c /Applications/KDS_3.0.0.app/Contents/toolchain/bin/../lib/gcc/arm-none-eabi/4.8.4/../../../../arm-none-eabi/lib/armv7e-m/libg.a(lib_a-wsetup.o)
 .debug_frame   0x0000000000001a48       0x48 /Applications/KDS_3.0.0.app/Contents/toolchain/bin/../lib/gcc/arm-none-eabi/4.8.4/../../../../arm-none-eabi/lib/armv7e-m/libg.a(lib_a-__call_atexit.o)
 .debug_frame   0x0000000000001a90       0x20 /Applications/KDS_3.0.0.app/Contents/toolchain/bin/../lib/gcc/arm-none-eabi/4.8.4/../../../../arm-none-eabi/lib/armv7e-m/libg.a(lib_a-atexit.o)
 .debug_frame   0x0000000000001ab0       0x64 /Applications/KDS_3.0.0.app/Contents/toolchain/bin/../lib/gcc/arm-none-eabi/4.8.4/../../../../arm-none-eabi/lib/armv7e-m/libg.a(lib_a-dtoa.o)
 .debug_frame   0x0000000000001b14       0x5c /Applications/KDS_3.0.0.app/Contents/toolchain/bin/../lib/gcc/arm-none-eabi/4.8.4/../../../../arm-none-eabi/lib/armv7e-m/libg.a(lib_a-fflush.o)
 .debug_frame   0x0000000000001b70      0x110 /Applications/KDS_3.0.0.app/Contents/toolchain/bin/../lib/gcc/arm-none-eabi/4.8.4/../../../../arm-none-eabi/lib/armv7e-m/libg.a(lib_a-findfp.o)
 .debug_frame   0x0000000000001c80       0x2c /Applications/KDS_3.0.0.app/Contents/toolchain/bin/../lib/gcc/arm-none-eabi/4.8.4/../../../../arm-none-eabi/lib/armv7e-m/libg.a(lib_a-fini.o)
 .debug_frame   0x0000000000001cac       0x50 /Applications/KDS_3.0.0.app/Contents/toolchain/bin/../lib/gcc/arm-none-eabi/4.8.4/../../../../arm-none-eabi/lib/armv7e-m/libg.a(lib_a-freer.o)
 .debug_frame   0x0000000000001cfc       0x54 /Applications/KDS_3.0.0.app/Contents/toolchain/bin/../lib/gcc/arm-none-eabi/4.8.4/../../../../arm-none-eabi/lib/armv7e-m/libg.a(lib_a-fwalk.o)
 .debug_frame   0x0000000000001d50       0x98 /Applications/KDS_3.0.0.app/Contents/toolchain/bin/../lib/gcc/arm-none-eabi/4.8.4/../../../../arm-none-eabi/lib/armv7e-m/libg.a(lib_a-locale.o)
 .debug_frame   0x0000000000001de8       0x30 /Applications/KDS_3.0.0.app/Contents/toolchain/bin/../lib/gcc/arm-none-eabi/4.8.4/../../../../arm-none-eabi/lib/armv7e-m/libg.a(lib_a-makebuf.o)
 .debug_frame   0x0000000000001e18       0x38 /Applications/KDS_3.0.0.app/Contents/toolchain/bin/../lib/gcc/arm-none-eabi/4.8.4/../../../../arm-none-eabi/lib/armv7e-m/libg.a(lib_a-mallocr.o)
 .debug_frame   0x0000000000001e50       0x2c /Applications/KDS_3.0.0.app/Contents/toolchain/bin/../lib/gcc/arm-none-eabi/4.8.4/../../../../arm-none-eabi/lib/armv7e-m/libg.a(lib_a-memchr-stub.o)
 .debug_frame   0x0000000000001e7c       0x30 /Applications/KDS_3.0.0.app/Contents/toolchain/bin/../lib/gcc/arm-none-eabi/4.8.4/../../../../arm-none-eabi/lib/armv7e-m/libg.a(lib_a-mlock.o)
 .debug_frame   0x0000000000001eac      0x22c /Applications/KDS_3.0.0.app/Contents/toolchain/bin/../lib/gcc/arm-none-eabi/4.8.4/../../../../arm-none-eabi/lib/armv7e-m/libg.a(lib_a-mprec.o)
 .debug_frame   0x00000000000020d8       0x28 /Applications/KDS_3.0.0.app/Contents/toolchain/bin/../lib/gcc/arm-none-eabi/4.8.4/../../../../arm-none-eabi/lib/armv7e-m/libg.a(lib_a-s_fpclassify.o)
 .debug_frame   0x0000000000002100       0x2c /Applications/KDS_3.0.0.app/Contents/toolchain/bin/../lib/gcc/arm-none-eabi/4.8.4/../../../../arm-none-eabi/lib/armv7e-m/libg.a(lib_a-sbrkr.o)
 .debug_frame   0x000000000000212c       0x80 /Applications/KDS_3.0.0.app/Contents/toolchain/bin/../lib/gcc/arm-none-eabi/4.8.4/../../../../arm-none-eabi/lib/armv7e-m/libg.a(lib_a-stdio.o)
 .debug_frame   0x00000000000021ac       0x20 /Applications/KDS_3.0.0.app/Contents/toolchain/bin/../lib/gcc/arm-none-eabi/4.8.4/../../../../arm-none-eabi/lib/armv7e-m/libg.a(lib_a-strlen.o)
 .debug_frame   0x00000000000021cc       0xb8 /Applications/KDS_3.0.0.app/Contents/toolchain/bin/../lib/gcc/arm-none-eabi/4.8.4/../../../../arm-none-eabi/lib/armv7e-m/libg.a(lib_a-vfiprintf.o)
 .debug_frame   0x0000000000002284       0x2c /Applications/KDS_3.0.0.app/Contents/toolchain/bin/../lib/gcc/arm-none-eabi/4.8.4/../../../../arm-none-eabi/lib/armv7e-m/libg.a(lib_a-writer.o)
 .debug_frame   0x00000000000022b0       0x30 /Applications/KDS_3.0.0.app/Contents/toolchain/bin/../lib/gcc/arm-none-eabi/4.8.4/../../../../arm-none-eabi/lib/armv7e-m/libg.a(lib_a-__atexit.o)
 .debug_frame   0x00000000000022e0       0x28 /Applications/KDS_3.0.0.app/Contents/toolchain/bin/../lib/gcc/arm-none-eabi/4.8.4/../../../../arm-none-eabi/lib/armv7e-m/libg.a(lib_a-callocr.o)
 .debug_frame   0x0000000000002308       0x2c /Applications/KDS_3.0.0.app/Contents/toolchain/bin/../lib/gcc/arm-none-eabi/4.8.4/../../../../arm-none-eabi/lib/armv7e-m/libg.a(lib_a-closer.o)
 .debug_frame   0x0000000000002334       0x3c /Applications/KDS_3.0.0.app/Contents/toolchain/bin/../lib/gcc/arm-none-eabi/4.8.4/../../../../arm-none-eabi/lib/armv7e-m/libg.a(lib_a-fclose.o)
 .debug_frame   0x0000000000002370       0x50 /Applications/KDS_3.0.0.app/Contents/toolchain/bin/../lib/gcc/arm-none-eabi/4.8.4/../../../../arm-none-eabi/lib/armv7e-m/libg.a(lib_a-fputwc.o)
 .debug_frame   0x00000000000023c0       0x2c /Applications/KDS_3.0.0.app/Contents/toolchain/bin/../lib/gcc/arm-none-eabi/4.8.4/../../../../arm-none-eabi/lib/armv7e-m/libg.a(lib_a-fstatr.o)
 .debug_frame   0x00000000000023ec       0x38 /Applications/KDS_3.0.0.app/Contents/toolchain/bin/../lib/gcc/arm-none-eabi/4.8.4/../../../../arm-none-eabi/lib/armv7e-m/libg.a(lib_a-fvwrite.o)
 .debug_frame   0x0000000000002424       0x2c /Applications/KDS_3.0.0.app/Contents/toolchain/bin/../lib/gcc/arm-none-eabi/4.8.4/../../../../arm-none-eabi/lib/armv7e-m/libg.a(lib_a-isattyr.o)
 .debug_frame   0x0000000000002450       0x2c /Applications/KDS_3.0.0.app/Contents/toolchain/bin/../lib/gcc/arm-none-eabi/4.8.4/../../../../arm-none-eabi/lib/armv7e-m/libg.a(lib_a-lseekr.o)
 .debug_frame   0x000000000000247c       0x2c /Applications/KDS_3.0.0.app/Contents/toolchain/bin/../lib/gcc/arm-none-eabi/4.8.4/../../../../arm-none-eabi/lib/armv7e-m/libg.a(lib_a-memmove.o)
 .debug_frame   0x00000000000024a8       0x2c /Applications/KDS_3.0.0.app/Contents/toolchain/bin/../lib/gcc/arm-none-eabi/4.8.4/../../../../arm-none-eabi/lib/armv7e-m/libg.a(lib_a-readr.o)
 .debug_frame   0x00000000000024d4       0x38 /Applications/KDS_3.0.0.app/Contents/toolchain/bin/../lib/gcc/arm-none-eabi/4.8.4/../../../../arm-none-eabi/lib/armv7e-m/libg.a(lib_a-reallocr.o)
 .debug_frame   0x000000000000250c       0x48 /Applications/KDS_3.0.0.app/Contents/toolchain/bin/../lib/gcc/arm-none-eabi/4.8.4/../../../../arm-none-eabi/lib/armv7e-m/libg.a(lib_a-reent.o)
 .debug_frame   0x0000000000002554       0x40 /Applications/KDS_3.0.0.app/Contents/toolchain/bin/../lib/gcc/arm-none-eabi/4.8.4/../../../../arm-none-eabi/lib/armv7e-m/libg.a(lib_a-wbuf.o)
 .debug_frame   0x0000000000002594       0x58 /Applications/KDS_3.0.0.app/Contents/toolchain/bin/../lib/gcc/arm-none-eabi/4.8.4/../../../../arm-none-eabi/lib/armv7e-m/libg.a(lib_a-wcrtomb.o)
 .debug_frame   0x00000000000025ec       0x44 /Applications/KDS_3.0.0.app/Contents/toolchain/bin/../lib/gcc/arm-none-eabi/4.8.4/../../../../arm-none-eabi/lib/armv7e-m/libg.a(lib_a-wctomb_r.o)
 .debug_frame   0x0000000000002630       0x50 /Applications/KDS_3.0.0.app/Contents/toolchain/bin/../lib/gcc/arm-none-eabi/4.8.4/armv7e-m/libgcc.a(bpabi.o)
 .debug_frame   0x0000000000002680       0x34 /Applications/KDS_3.0.0.app/Contents/toolchain/bin/../lib/gcc/arm-none-eabi/4.8.4/armv7e-m/libgcc.a(_divdi3.o)
 .debug_frame   0x00000000000026b4       0x34 /Applications/KDS_3.0.0.app/Contents/toolchain/bin/../lib/gcc/arm-none-eabi/4.8.4/armv7e-m/libgcc.a(_udivdi3.o)

.debug_str      0x0000000000000000     0x442a
 *(.debug_str)
 .debug_str     0x0000000000000000      0x20c ./Sources/Events.o
                                        0x254 (size before relaxing)
 .debug_str     0x000000000000020c       0x79 ./Sources/main.o
                                        0x219 (size before relaxing)
 .debug_str     0x0000000000000285       0x44 ./Sources/mqx_tasks.o
                                        0x1ed (size before relaxing)
 .debug_str     0x00000000000002c9      0x116 ./Project_Settings/Startup_Code/startup.o
                                        0x2c0 (size before relaxing)
 .debug_str     0x00000000000003df      0x1a7 ./MQXLITE/psp/cortex_m/cortex.o
                                        0x37f (size before relaxing)
 .debug_str     0x0000000000000586       0xbc ./MQXLITE/psp/cortex_m/int_gkis.o
                                        0x381 (size before relaxing)
 .debug_str     0x0000000000000642      0x847 ./MQXLITE/psp/cortex_m/int_inst.o
                                        0xac3 (size before relaxing)
 .debug_str     0x0000000000000e89       0x3b ./MQXLITE/psp/cortex_m/int_kisr.o
                                        0x228 (size before relaxing)
 .debug_str     0x0000000000000ec4       0x23 ./MQXLITE/psp/cortex_m/int_pvta.o
                                        0x1c3 (size before relaxing)
 .debug_str     0x0000000000000ee7       0x58 ./MQXLITE/psp/cortex_m/int_unx.o
                                        0xaf7 (size before relaxing)
 .debug_str     0x0000000000000f3f       0x5e ./MQXLITE/psp/cortex_m/int_vtab.o
                                        0x33c (size before relaxing)
 .debug_str     0x0000000000000f9d       0xc3 ./MQXLITE/psp/cortex_m/int_xcpt.o
                                        0xb75 (size before relaxing)
 .debug_str     0x0000000000001060       0x8f ./MQXLITE/psp/cortex_m/mem_zero.o
                                        0x249 (size before relaxing)
 .debug_str     0x00000000000010ef       0x6b ./MQXLITE/psp/cortex_m/psp_iinit.o
                                        0x23e (size before relaxing)
 .debug_str     0x000000000000115a       0x46 ./MQXLITE/psp/cortex_m/psp_supp.o
                                        0x1fc (size before relaxing)
 .debug_str     0x00000000000011a0       0x80 ./MQXLITE/psp/cortex_m/psp_tiad.o
                                        0xaee (size before relaxing)
 .debug_str     0x0000000000001220       0x38 ./MQXLITE/psp/cortex_m/psp_tinm.o
                                        0xb01 (size before relaxing)
 .debug_str     0x0000000000001258       0x5d ./MQXLITE/psp/cortex_m/psp_tipr.o
                                        0x26b (size before relaxing)
 .debug_str     0x00000000000012b5       0x67 ./MQXLITE/psp/cortex_m/psp_tisu.o
                                        0xb31 (size before relaxing)
 .debug_str     0x000000000000131c      0x156 ./MQXLITE/psp/cortex_m/sc_irdyq.o
                                        0xc0c (size before relaxing)
 .debug_str     0x0000000000001472      0x158 ./MQXLITE/psp/cortex_m/stack_bu.o
                                        0x636 (size before relaxing)
 .debug_str     0x00000000000015ca       0x3c ./MQXLITE/psp/cortex_m/stack_de.o
                                        0x4cd (size before relaxing)
 .debug_str     0x0000000000001606       0x38 ./MQXLITE/psp/cortex_m/stack_st.o
                                        0x5bc (size before relaxing)
 .debug_str     0x000000000000163e       0x2c ./MQXLITE/kernel/idletask.o
                                        0xabb (size before relaxing)
 .debug_str     0x000000000000166a      0x189 ./MQXLITE/kernel/int.o
                                        0xd21 (size before relaxing)
 .debug_str     0x00000000000017f3       0x19 ./MQXLITE/kernel/klog.o
                                        0x1b9 (size before relaxing)
 .debug_str     0x000000000000180c       0x1c ./MQXLITE/kernel/lwevent.o
                                        0x1bc (size before relaxing)
 .debug_str     0x0000000000001828       0x1a ./MQXLITE/kernel/lwlog.o
                                        0x1ba (size before relaxing)
 .debug_str     0x0000000000001842       0x1a ./MQXLITE/kernel/lwmem.o
                                        0x1ba (size before relaxing)
 .debug_str     0x000000000000185c       0x1b ./MQXLITE/kernel/lwmsgq.o
                                        0x1bb (size before relaxing)
 .debug_str     0x0000000000001877      0x1e2 ./MQXLITE/kernel/lwsem.o
                                        0xd28 (size before relaxing)
 .debug_str     0x0000000000001a59       0x1c ./MQXLITE/kernel/lwtimer.o
                                        0x1bc (size before relaxing)
 .debug_str     0x0000000000001a75      0x102 ./MQXLITE/kernel/mqx_utils.o
                                        0xc46 (size before relaxing)
 .debug_str     0x0000000000001b77      0x762 ./MQXLITE/kernel/mqxlite.o
                                       0x1337 (size before relaxing)
 .debug_str     0x00000000000022d9       0x1a ./MQXLITE/kernel/mutex.o
                                        0x1ba (size before relaxing)
 .debug_str     0x00000000000022f3       0x3d ./MQXLITE/kernel/qu_test.o
                                        0x293 (size before relaxing)
 .debug_str     0x0000000000002330      0x170 ./MQXLITE/kernel/sched.o
                                        0xc93 (size before relaxing)
 .debug_str     0x00000000000024a0      0x52f ./MQXLITE/kernel/task.o
                                       0x1917 (size before relaxing)
 .debug_str     0x00000000000029cf      0x203 ./MQXLITE/kernel/time_ticks.o
                                        0xe3d (size before relaxing)
 .debug_str     0x0000000000002bd2       0x39 ./MQXLITE/config/task_template_list.o
                                        0x831 (size before relaxing)
 .debug_str     0x0000000000002c0b      0x292 ./Generated_Code/AD1.o
                                        0x4ea (size before relaxing)
 .debug_str     0x0000000000002e9d      0x1da ./Generated_Code/AS1.o
                                        0xbc8 (size before relaxing)
 .debug_str     0x0000000000003077      0x369 ./Generated_Code/CAN1.o
                                        0xde2 (size before relaxing)
 .debug_str     0x00000000000033e0       0xb4 ./Generated_Code/CLUTCH_SW.o
                                        0x351 (size before relaxing)
 .debug_str     0x0000000000003494      0x2d8 ./Generated_Code/Cpu.o
                                        0xe2d (size before relaxing)
 .debug_str     0x000000000000376c       0x83 ./Generated_Code/FLTCLR1.o
                                        0x374 (size before relaxing)
 .debug_str     0x00000000000037ef       0x83 ./Generated_Code/FLTCLR2.o
                                        0x374 (size before relaxing)
 .debug_str     0x0000000000003872       0x7c ./Generated_Code/FLTSD1.o
                                        0x36c (size before relaxing)
 .debug_str     0x00000000000038ee       0x7c ./Generated_Code/FLTSD2.o
                                        0x36c (size before relaxing)
 .debug_str     0x000000000000396a       0x6e ./Generated_Code/HIN1.o
                                        0x35c (size before relaxing)
 .debug_str     0x00000000000039d8       0x6e ./Generated_Code/HIN2.o
                                        0x35c (size before relaxing)
 .debug_str     0x0000000000003a46       0x5c ./Generated_Code/LED.o
                                        0x354 (size before relaxing)
 .debug_str     0x0000000000003aa2       0x6e ./Generated_Code/LIN1.o
                                        0x35c (size before relaxing)
 .debug_str     0x0000000000003b10       0x6e ./Generated_Code/LIN2.o
                                        0x35c (size before relaxing)
 .debug_str     0x0000000000003b7e       0x5a ./Generated_Code/MODE_ENG.o
                                        0x34c (size before relaxing)
 .debug_str     0x0000000000003bd8      0x1c4 ./Generated_Code/MQX1.o
                                       0x138f (size before relaxing)
 .debug_str     0x0000000000003d9c       0x56 ./Generated_Code/NEUT_SW.o
                                        0x347 (size before relaxing)
 .debug_str     0x0000000000003df2      0x16b ./Generated_Code/PE_LDD.o
                                        0x90f (size before relaxing)
 .debug_str     0x0000000000003f5d       0x5e ./Generated_Code/ROT_SW_P1.o
                                        0x351 (size before relaxing)
 .debug_str     0x0000000000003fbb       0x5e ./Generated_Code/ROT_SW_P2.o
                                        0x351 (size before relaxing)
 .debug_str     0x0000000000004019       0x5e ./Generated_Code/ROT_SW_P3.o
                                        0x351 (size before relaxing)
 .debug_str     0x0000000000004077       0x76 ./Generated_Code/SHIFT_LEV_ANGLE.o
                                        0x36f (size before relaxing)
 .debug_str     0x00000000000040ed       0x4e ./Generated_Code/SH_DN.o
                                        0x33d (size before relaxing)
 .debug_str     0x000000000000413b       0x4e ./Generated_Code/SH_UP.o
                                        0x33d (size before relaxing)
 .debug_str     0x0000000000004189      0x114 ./Generated_Code/SystemTimer1.o
                                        0xad7 (size before relaxing)
 .debug_str     0x000000000000429d       0x4e ./Generated_Code/TEMP1.o
                                        0x33d (size before relaxing)
 .debug_str     0x00000000000042eb       0x4e ./Generated_Code/TEMP2.o
                                        0x33d (size before relaxing)
 .debug_str     0x0000000000004339       0xd5 ./Generated_Code/TU1.o
                                        0x3dd (size before relaxing)
 .debug_str     0x000000000000440e       0x1c ./Generated_Code/Vectors.o
                                        0x792 (size before relaxing)

.debug_loc      0x0000000000000000     0x5a3a
 *(.debug_loc)
 .debug_loc     0x0000000000000000       0x9a ./Project_Settings/Startup_Code/startup.o
 .debug_loc     0x000000000000009a      0x1f7 ./MQXLITE/psp/cortex_m/cortex.o
 .debug_loc     0x0000000000000291       0x58 ./MQXLITE/psp/cortex_m/int_gkis.o
 .debug_loc     0x00000000000002e9       0x1f ./MQXLITE/psp/cortex_m/int_inst.o
 .debug_loc     0x0000000000000308       0x42 ./MQXLITE/psp/cortex_m/int_kisr.o
 .debug_loc     0x000000000000034a       0x66 ./MQXLITE/psp/cortex_m/int_unx.o
 .debug_loc     0x00000000000003b0       0x1f ./MQXLITE/psp/cortex_m/int_vtab.o
 .debug_loc     0x00000000000003cf      0x13a ./MQXLITE/psp/cortex_m/int_xcpt.o
 .debug_loc     0x0000000000000509      0x21d ./MQXLITE/psp/cortex_m/mem_zero.o
 .debug_loc     0x0000000000000726       0x60 ./MQXLITE/psp/cortex_m/psp_iinit.o
 .debug_loc     0x0000000000000786       0x42 ./MQXLITE/psp/cortex_m/psp_supp.o
 .debug_loc     0x00000000000007c8       0x64 ./MQXLITE/psp/cortex_m/psp_tiad.o
 .debug_loc     0x000000000000082c       0x45 ./MQXLITE/psp/cortex_m/psp_tinm.o
 .debug_loc     0x0000000000000871       0x58 ./MQXLITE/psp/cortex_m/psp_tipr.o
 .debug_loc     0x00000000000008c9      0x13a ./MQXLITE/psp/cortex_m/psp_tisu.o
 .debug_loc     0x0000000000000a03      0x133 ./MQXLITE/psp/cortex_m/sc_irdyq.o
 .debug_loc     0x0000000000000b36      0x14e ./MQXLITE/psp/cortex_m/stack_bu.o
 .debug_loc     0x0000000000000c84       0x21 ./MQXLITE/psp/cortex_m/stack_st.o
 .debug_loc     0x0000000000000ca5      0x65e ./MQXLITE/kernel/int.o
 .debug_loc     0x0000000000001303      0xa7e ./MQXLITE/kernel/lwsem.o
 .debug_loc     0x0000000000001d81      0x173 ./MQXLITE/kernel/mqx_utils.o
 .debug_loc     0x0000000000001ef4      0x195 ./MQXLITE/kernel/mqxlite.o
 .debug_loc     0x0000000000002089       0xea ./MQXLITE/kernel/qu_test.o
 .debug_loc     0x0000000000002173      0x3ed ./MQXLITE/kernel/sched.o
 .debug_loc     0x0000000000002560     0x1911 ./MQXLITE/kernel/task.o
 .debug_loc     0x0000000000003e71      0x7f8 ./MQXLITE/kernel/time_ticks.o
 .debug_loc     0x0000000000004669      0x164 ./Generated_Code/AD1.o
 .debug_loc     0x00000000000047cd      0x28f ./Generated_Code/AS1.o
 .debug_loc     0x0000000000004a5c      0x501 ./Generated_Code/CAN1.o
 .debug_loc     0x0000000000004f5d       0x59 ./Generated_Code/CLUTCH_SW.o
 .debug_loc     0x0000000000004fb6       0x5a ./Generated_Code/FLTCLR1.o
 .debug_loc     0x0000000000005010       0x59 ./Generated_Code/FLTCLR2.o
 .debug_loc     0x0000000000005069       0x64 ./Generated_Code/FLTSD1.o
 .debug_loc     0x00000000000050cd       0x59 ./Generated_Code/FLTSD2.o
 .debug_loc     0x0000000000005126       0x5b ./Generated_Code/HIN1.o
 .debug_loc     0x0000000000005181       0x59 ./Generated_Code/HIN2.o
 .debug_loc     0x00000000000051da       0x5a ./Generated_Code/LED.o
 .debug_loc     0x0000000000005234       0x5b ./Generated_Code/LIN1.o
 .debug_loc     0x000000000000528f       0x59 ./Generated_Code/LIN2.o
 .debug_loc     0x00000000000052e8       0x59 ./Generated_Code/MODE_ENG.o
 .debug_loc     0x0000000000005341      0x142 ./Generated_Code/MQX1.o
 .debug_loc     0x0000000000005483       0x59 ./Generated_Code/NEUT_SW.o
 .debug_loc     0x00000000000054dc       0xc8 ./Generated_Code/PE_LDD.o
 .debug_loc     0x00000000000055a4       0x5a ./Generated_Code/ROT_SW_P1.o
 .debug_loc     0x00000000000055fe       0x5a ./Generated_Code/ROT_SW_P2.o
 .debug_loc     0x0000000000005658       0x59 ./Generated_Code/ROT_SW_P3.o
 .debug_loc     0x00000000000056b1       0x59 ./Generated_Code/SHIFT_LEV_ANGLE.o
 .debug_loc     0x000000000000570a       0x5a ./Generated_Code/SH_DN.o
 .debug_loc     0x0000000000005764       0x5a ./Generated_Code/SH_UP.o
 .debug_loc     0x00000000000057be      0x18f ./Generated_Code/SystemTimer1.o
 .debug_loc     0x000000000000594d       0x64 ./Generated_Code/TEMP1.o
 .debug_loc     0x00000000000059b1       0x59 ./Generated_Code/TEMP2.o
 .debug_loc     0x0000000000005a0a       0x30 ./Generated_Code/TU1.o

.debug_macinfo
 *(.debug_macinfo)

.debug_weaknames
 *(.debug_weaknames)

.debug_funcnames
 *(.debug_funcnames)

.debug_typenames
 *(.debug_typenames)

.debug_varnames
 *(.debug_varnames)

.debug_pubtypes
 *(.debug_pubtypes)

.debug_ranges   0x0000000000000000      0xb00
 *(.debug_ranges)
 .debug_ranges  0x0000000000000000       0x30 ./Sources/Events.o
 .debug_ranges  0x0000000000000030       0x10 ./Sources/main.o
 .debug_ranges  0x0000000000000040       0x10 ./Sources/mqx_tasks.o
 .debug_ranges  0x0000000000000050       0x40 ./Project_Settings/Startup_Code/startup.o
 .debug_ranges  0x0000000000000090       0x20 ./MQXLITE/psp/cortex_m/cortex.o
 .debug_ranges  0x00000000000000b0       0x10 ./MQXLITE/psp/cortex_m/int_gkis.o
 .debug_ranges  0x00000000000000c0       0x10 ./MQXLITE/psp/cortex_m/int_inst.o
 .debug_ranges  0x00000000000000d0       0x10 ./MQXLITE/psp/cortex_m/int_kisr.o
 .debug_ranges  0x00000000000000e0       0x10 ./MQXLITE/psp/cortex_m/int_unx.o
 .debug_ranges  0x00000000000000f0       0x18 ./MQXLITE/psp/cortex_m/int_vtab.o
 .debug_ranges  0x0000000000000108       0x10 ./MQXLITE/psp/cortex_m/int_xcpt.o
 .debug_ranges  0x0000000000000118       0x10 ./MQXLITE/psp/cortex_m/mem_zero.o
 .debug_ranges  0x0000000000000128       0x10 ./MQXLITE/psp/cortex_m/psp_iinit.o
 .debug_ranges  0x0000000000000138       0x18 ./MQXLITE/psp/cortex_m/psp_supp.o
 .debug_ranges  0x0000000000000150       0x10 ./MQXLITE/psp/cortex_m/psp_tiad.o
 .debug_ranges  0x0000000000000160       0x10 ./MQXLITE/psp/cortex_m/psp_tinm.o
 .debug_ranges  0x0000000000000170       0x10 ./MQXLITE/psp/cortex_m/psp_tipr.o
 .debug_ranges  0x0000000000000180       0x18 ./MQXLITE/psp/cortex_m/psp_tisu.o
 .debug_ranges  0x0000000000000198       0x18 ./MQXLITE/psp/cortex_m/sc_irdyq.o
 .debug_ranges  0x00000000000001b0       0x10 ./MQXLITE/psp/cortex_m/stack_bu.o
 .debug_ranges  0x00000000000001c0       0x10 ./MQXLITE/psp/cortex_m/stack_de.o
 .debug_ranges  0x00000000000001d0       0x10 ./MQXLITE/psp/cortex_m/stack_st.o
 .debug_ranges  0x00000000000001e0       0x10 ./MQXLITE/kernel/idletask.o
 .debug_ranges  0x00000000000001f0       0x80 ./MQXLITE/kernel/int.o
 .debug_ranges  0x0000000000000270      0x108 ./MQXLITE/kernel/lwsem.o
 .debug_ranges  0x0000000000000378       0x50 ./MQXLITE/kernel/mqx_utils.o
 .debug_ranges  0x00000000000003c8       0x38 ./MQXLITE/kernel/mqxlite.o
 .debug_ranges  0x0000000000000400       0x10 ./MQXLITE/kernel/qu_test.o
 .debug_ranges  0x0000000000000410       0x60 ./MQXLITE/kernel/sched.o
 .debug_ranges  0x0000000000000470      0x190 ./MQXLITE/kernel/task.o
 .debug_ranges  0x0000000000000600       0xa8 ./MQXLITE/kernel/time_ticks.o
 .debug_ranges  0x00000000000006a8       0x28 ./Generated_Code/AD1.o
 .debug_ranges  0x00000000000006d0       0x40 ./Generated_Code/AS1.o
 .debug_ranges  0x0000000000000710       0x58 ./Generated_Code/CAN1.o
 .debug_ranges  0x0000000000000768       0x18 ./Generated_Code/CLUTCH_SW.o
 .debug_ranges  0x0000000000000780       0x30 ./Generated_Code/Cpu.o
 .debug_ranges  0x00000000000007b0       0x30 ./Generated_Code/FLTCLR1.o
 .debug_ranges  0x00000000000007e0       0x30 ./Generated_Code/FLTCLR2.o
 .debug_ranges  0x0000000000000810       0x30 ./Generated_Code/FLTSD1.o