Archive member included because of file (symbol)

/Applications/KDS_3.0.0.app/Contents/toolchain/bin/../lib/gcc/arm-none-eabi/4.8.4/../../../../arm-none-eabi/lib/armv7e-m/libg_s.a(lib_a-exit.o)
                              /Applications/KDS_3.0.0.app/Contents/toolchain/bin/../lib/gcc/arm-none-eabi/4.8.4/../../../../arm-none-eabi/lib/armv7e-m/crt0.o (exit)
/Applications/KDS_3.0.0.app/Contents/toolchain/bin/../lib/gcc/arm-none-eabi/4.8.4/../../../../arm-none-eabi/lib/armv7e-m/libg_s.a(lib_a-impure.o)
                              /Applications/KDS_3.0.0.app/Contents/toolchain/bin/../lib/gcc/arm-none-eabi/4.8.4/../../../../arm-none-eabi/lib/armv7e-m/libg_s.a(lib_a-exit.o) (_global_impure_ptr)
/Applications/KDS_3.0.0.app/Contents/toolchain/bin/../lib/gcc/arm-none-eabi/4.8.4/../../../../arm-none-eabi/lib/armv7e-m/libg_s.a(lib_a-init.o)
                              /Applications/KDS_3.0.0.app/Contents/toolchain/bin/../lib/gcc/arm-none-eabi/4.8.4/../../../../arm-none-eabi/lib/armv7e-m/crt0.o (__libc_init_array)
/Applications/KDS_3.0.0.app/Contents/toolchain/bin/../lib/gcc/arm-none-eabi/4.8.4/../../../../arm-none-eabi/lib/armv7e-m/libg_s.a(lib_a-memset.o)
                              /Applications/KDS_3.0.0.app/Contents/toolchain/bin/../lib/gcc/arm-none-eabi/4.8.4/../../../../arm-none-eabi/lib/armv7e-m/crt0.o (memset)
/Applications/KDS_3.0.0.app/Contents/toolchain/bin/../lib/gcc/arm-none-eabi/4.8.4/../../../../arm-none-eabi/lib/armv7e-m/libnosys.a(_exit.o)
                              /Applications/KDS_3.0.0.app/Contents/toolchain/bin/../lib/gcc/arm-none-eabi/4.8.4/../../../../arm-none-eabi/lib/armv7e-m/libg_s.a(lib_a-exit.o) (_exit)

Allocating common symbols
Common symbol       size              file

SR_reg              0x1               ./Generated_Code/Cpu.o

Discarded input sections

 .text          0x0000000000000000        0x0 /Applications/KDS_3.0.0.app/Contents/toolchain/bin/../lib/gcc/arm-none-eabi/4.8.4/armv7e-m/crti.o
 .data          0x0000000000000000        0x0 /Applications/KDS_3.0.0.app/Contents/toolchain/bin/../lib/gcc/arm-none-eabi/4.8.4/armv7e-m/crti.o
 .bss           0x0000000000000000        0x0 /Applications/KDS_3.0.0.app/Contents/toolchain/bin/../lib/gcc/arm-none-eabi/4.8.4/armv7e-m/crti.o
 .data          0x0000000000000000        0x4 /Applications/KDS_3.0.0.app/Contents/toolchain/bin/../lib/gcc/arm-none-eabi/4.8.4/armv7e-m/crtbegin.o
 .data          0x0000000000000000        0x0 /Applications/KDS_3.0.0.app/Contents/toolchain/bin/../lib/gcc/arm-none-eabi/4.8.4/../../../../arm-none-eabi/lib/armv7e-m/crt0.o
 .bss           0x0000000000000000        0x0 /Applications/KDS_3.0.0.app/Contents/toolchain/bin/../lib/gcc/arm-none-eabi/4.8.4/../../../../arm-none-eabi/lib/armv7e-m/crt0.o
 .ARM.extab     0x0000000000000000        0x0 /Applications/KDS_3.0.0.app/Contents/toolchain/bin/../lib/gcc/arm-none-eabi/4.8.4/../../../../arm-none-eabi/lib/armv7e-m/crt0.o
 .group         0x0000000000000000        0x8 ./Sources/Events.o
 .group         0x0000000000000000        0x8 ./Sources/Events.o
 .group         0x0000000000000000        0x8 ./Sources/Events.o
 .group         0x0000000000000000        0x8 ./Sources/Events.o
 .group         0x0000000000000000        0x8 ./Sources/Events.o
 .group         0x0000000000000000        0x8 ./Sources/Events.o
 .group         0x0000000000000000        0x8 ./Sources/Events.o
 .group         0x0000000000000000        0x8 ./Sources/Events.o
 .group         0x0000000000000000        0x8 ./Sources/Events.o
 .group         0x0000000000000000        0x8 ./Sources/Events.o
 .group         0x0000000000000000        0x8 ./Sources/Events.o
 .group         0x0000000000000000        0x8 ./Sources/Events.o
 .group         0x0000000000000000        0x8 ./Sources/Events.o
 .group         0x0000000000000000        0x8 ./Sources/Events.o
 .group         0x0000000000000000        0x8 ./Sources/Events.o
 .group         0x0000000000000000        0x8 ./Sources/Events.o
 .group         0x0000000000000000        0x8 ./Sources/Events.o
 .group         0x0000000000000000        0x8 ./Sources/Events.o
 .group         0x0000000000000000        0x8 ./Sources/Events.o
 .group         0x0000000000000000        0x8 ./Sources/Events.o
 .group         0x0000000000000000        0x8 ./Sources/Events.o
 .group         0x0000000000000000        0x8 ./Sources/Events.o
 .group         0x0000000000000000        0x8 ./Sources/Events.o
 .group         0x0000000000000000        0x8 ./Sources/Events.o
 .group         0x0000000000000000        0x8 ./Sources/Events.o
 .group         0x0000000000000000        0x8 ./Sources/Events.o
 .group         0x0000000000000000        0x8 ./Sources/Events.o
 .group         0x0000000000000000        0x8 ./Sources/Events.o
 .group         0x0000000000000000        0x8 ./Sources/Events.o
 .group         0x0000000000000000        0x8 ./Sources/Events.o
 .group         0x0000000000000000        0x8 ./Sources/Events.o
 .group         0x0000000000000000        0x8 ./Sources/Events.o
[...]
Memory Configuration

Name             Origin             Length             Attributes
m_interrupts     0x0000000000000000 0x00000000000001bc xr
m_text           0x0000000000000410 0x000000000003fbf0 xr
m_data           0x000000001fff8000 0x0000000000008000 rw
m_data_20000000  0x0000000020000000 0x0000000000008000 rw
m_cfmprotrom     0x0000000000000400 0x0000000000000010 xr
*default*        0x0000000000000000 0xffffffffffffffff

Linker script and memory map

LOAD /Applications/KDS_3.0.0.app/Contents/toolchain/bin/../lib/gcc/arm-none-eabi/4.8.4/armv7e-m/crti.o
LOAD /Applications/KDS_3.0.0.app/Contents/toolchain/bin/../lib/gcc/arm-none-eabi/4.8.4/armv7e-m/crtbegin.o
LOAD /Applications/KDS_3.0.0.app/Contents/toolchain/bin/../lib/gcc/arm-none-eabi/4.8.4/../../../../arm-none-eabi/lib/armv7e-m/crt0.o
LOAD ./Sources/Events.o
LOAD ./Sources/main.o
LOAD ./Project_Settings/Startup_Code/startup.o
LOAD ./Generated_Code/ADC0.o
LOAD ./Generated_Code/CLUTCH_SW.o
LOAD ./Generated_Code/Cpu.o
LOAD ./Generated_Code/FC1.o
LOAD ./Generated_Code/FLTCLR1.o
LOAD ./Generated_Code/FLTCLR2.o
LOAD ./Generated_Code/FLTSD1.o
LOAD ./Generated_Code/FLTSD2.o
LOAD ./Generated_Code/FreeCntrLdd1.o
LOAD ./Generated_Code/HIN1.o
LOAD ./Generated_Code/HIN2.o
LOAD ./Generated_Code/LIN1.o
LOAD ./Generated_Code/LIN2.o
LOAD ./Generated_Code/MODE_ENG.o
LOAD ./Generated_Code/MOTEC_GEAR_SIG.o
LOAD ./Generated_Code/NEUT_SW.o
LOAD ./Generated_Code/PE_LDD.o
LOAD ./Generated_Code/PTA.o
LOAD ./Generated_Code/ROT_SW_P1.o
LOAD ./Generated_Code/ROT_SW_P2.o
LOAD ./Generated_Code/ROT_SW_P3.o
LOAD ./Generated_Code/SHIFT_LEV_ANGLE.o
LOAD ./Generated_Code/SH_DN.o
LOAD ./Generated_Code/SH_UP.o
LOAD ./Generated_Code/TEMP1.o
LOAD ./Generated_Code/TEMP2.o
LOAD ./Generated_Code/TU1.o
LOAD ./Generated_Code/UART0.o
LOAD ./Generated_Code/VREF.o
LOAD /Applications/KDS_3.0.0.app/Contents/toolchain/bin/../lib/gcc/arm-none-eabi/4.8.4/../../../../arm-none-eabi/lib/armv7e-m/libstdc++_s.a
LOAD /Applications/KDS_3.0.0.app/Contents/toolchain/bin/../lib/gcc/arm-none-eabi/4.8.4/../../../../arm-none-eabi/lib/armv7e-m/libm.a
START GROUP
LOAD /Applications/KDS_3.0.0.app/Contents/toolchain/bin/../lib/gcc/arm-none-eabi/4.8.4/armv7e-m/libgcc.a
LOAD /Applications/KDS_3.0.0.app/Contents/toolchain/bin/../lib/gcc/arm-none-eabi/4.8.4/../../../../arm-none-eabi/lib/armv7e-m/libg_s.a
LOAD /Applications/KDS_3.0.0.app/Contents/toolchain/bin/../lib/gcc/arm-none-eabi/4.8.4/../../../../arm-none-eabi/lib/armv7e-m/libc_s.a
END GROUP
START GROUP
LOAD /Applications/KDS_3.0.0.app/Contents/toolchain/bin/../lib/gcc/arm-none-eabi/4.8.4/armv7e-m/libgcc.a
LOAD /Applications/KDS_3.0.0.app/Contents/toolchain/bin/../lib/gcc/arm-none-eabi/4.8.4/../../../../arm-none-eabi/lib/armv7e-m/libc_s.a
LOAD /Applications/KDS_3.0.0.app/Contents/toolchain/bin/../lib/gcc/arm-none-eabi/4.8.4/../../../../arm-none-eabi/lib/armv7e-m/libnosys.a
END GROUP
START GROUP
LOAD /Applications/KDS_3.0.0.app/Contents/toolchain/bin/../lib/gcc/arm-none-eabi/4.8.4/armv7e-m/libgcc.a
LOAD /Applications/KDS_3.0.0.app/Contents/toolchain/bin/../lib/gcc/arm-none-eabi/4.8.4/../../../../arm-none-eabi/lib/armv7e-m/libc_s.a
LOAD /Applications/KDS_3.0.0.app/Contents/toolchain/bin/../lib/gcc/arm-none-eabi/4.8.4/../../../../arm-none-eabi/lib/armv7e-m/libnosys.a
END GROUP
LOAD /Applications/KDS_3.0.0.app/Contents/toolchain/bin/../lib/gcc/arm-none-eabi/4.8.4/armv7e-m/crtend.o
LOAD /Applications/KDS_3.0.0.app/Contents/toolchain/bin/../lib/gcc/arm-none-eabi/4.8.4/armv7e-m/crtn.o
                0x0000000020000000                _estack = 0x20000000
                0x0000000020000000                __SP_INIT = _estack
                0x0000000020000000                __stack = _estack
                0x0000000000000000                __heap_size = 0x0
                0x0000000000000400                __stack_size = 0x400

.interrupts     0x0000000000000000        0x0
                0x0000000000000000                __vector_table = .
                0x0000000000000000                . = ALIGN (0x4)
 *(.vectortable)
                0x0000000000000000                . = ALIGN (0x4)

.cfmprotect     0x0000000000000400       0x10
                0x0000000000000400                . = ALIGN (0x4)
 *(.cfmconfig)
 .cfmconfig     0x0000000000000400       0x10 ./Generated_Code/Cpu.o
                0x0000000000000400                _cfm
                0x0000000000000410                . = ALIGN (0x4)

.text           0x0000000000000410      0xfdc
                0x0000000000000410                . = ALIGN (0x4)
 *(.text)
 .text          0x0000000000000410       0x54 /Applications/KDS_3.0.0.app/Contents/toolchain/bin/../lib/gcc/arm-none-eabi/4.8.4/armv7e-m/crtbegin.o
 .text          0x0000000000000464       0x74 /Applications/KDS_3.0.0.app/Contents/toolchain/bin/../lib/gcc/arm-none-eabi/4.8.4/../../../../arm-none-eabi/lib/armv7e-m/crt0.o
                0x0000000000000464                _mainCRTStartup
                0x0000000000000464                _start
 *(.text*)
 .text.main     0x00000000000004d8       0x14 ./Sources/main.o
                0x00000000000004d8                main
 .text.__copy_rom_section
                0x00000000000004ec       0xe4 ./Project_Settings/Startup_Code/startup.o
                0x00000000000004ec                __copy_rom_section
 .text.__copy_rom_sections_to_ram
                0x00000000000005d0       0x9c ./Project_Settings/Startup_Code/startup.o
                0x00000000000005d0                __copy_rom_sections_to_ram
 .text.__init_registers
                0x000000000000066c        0xc ./Project_Settings/Startup_Code/startup.o
                0x000000000000066c                __init_registers
 .text.__init_user
                0x0000000000000678        0xc ./Project_Settings/Startup_Code/startup.o
                0x0000000000000678                __init_user
 .text.__thumb_startup
                0x0000000000000684       0x34 ./Project_Settings/Startup_Code/startup.o
                0x0000000000000684                __thumb_startup
 .text.ADC0_Init
                0x00000000000006b8       0x4c ./Generated_Code/ADC0.o
                0x00000000000006b8                ADC0_Init
 .text.CLUTCH_SW_Init
                0x0000000000000704       0x58 ./Generated_Code/CLUTCH_SW.o
                0x0000000000000704                CLUTCH_SW_Init
 .text.__init_hardware
                0x000000000000075c      0x11c ./Generated_Code/Cpu.o
                0x000000000000075c                __init_hardware
 .text.Cpu_SetBASEPRI
                0x0000000000000878       0x18 ./Generated_Code/Cpu.o
                0x0000000000000878                Cpu_SetBASEPRI
 .text.PE_low_level_init
                0x0000000000000890      0x1bc ./Generated_Code/Cpu.o
                0x0000000000000890                PE_low_level_init
 .text.FLTCLR1_Init
                0x0000000000000a4c       0x64 ./Generated_Code/FLTCLR1.o
                0x0000000000000a4c                FLTCLR1_Init
 .text.FLTCLR2_Init
                0x0000000000000ab0       0x64 ./Generated_Code/FLTCLR2.o
                0x0000000000000ab0                FLTCLR2_Init
 .text.FLTSD1_Init
                0x0000000000000b14       0x64 ./Generated_Code/FLTSD1.o
                0x0000000000000b14                FLTSD1_Init
 .text.FLTSD2_Init
                0x0000000000000b78       0x64 ./Generated_Code/FLTSD2.o
                0x0000000000000b78                FLTSD2_Init
 .text.FreeCntrLdd1_Init
                0x0000000000000bdc       0x50 ./Generated_Code/FreeCntrLdd1.o
                0x0000000000000bdc                FreeCntrLdd1_Init
 .text.HIN1_Init
                0x0000000000000c2c       0x64 ./Generated_Code/HIN1.o
                0x0000000000000c2c                HIN1_Init
 .text.HIN2_Init
                0x0000000000000c90       0x64 ./Generated_Code/HIN2.o
                0x0000000000000c90                HIN2_Init
 .text.LIN1_Init
                0x0000000000000cf4       0x64 ./Generated_Code/LIN1.o
                0x0000000000000cf4                LIN1_Init
 .text.LIN2_Init
                0x0000000000000d58       0x64 ./Generated_Code/LIN2.o
                0x0000000000000d58                LIN2_Init
 .text.MODE_ENG_Init
                0x0000000000000dbc       0x58 ./Generated_Code/MODE_ENG.o
                0x0000000000000dbc                MODE_ENG_Init
 .text.MOTEC_GEAR_SIG_Init
                0x0000000000000e14       0x58 ./Generated_Code/MOTEC_GEAR_SIG.o
                0x0000000000000e14                MOTEC_GEAR_SIG_Init
 .text.NEUT_SW_Init
                0x0000000000000e6c       0x58 ./Generated_Code/NEUT_SW.o
                0x0000000000000e6c                NEUT_SW_Init
 .text.PTA_Init
                0x0000000000000ec4        0xc ./Generated_Code/PTA.o
                0x0000000000000ec4                PTA_Init
 .text.ROT_SW_P1_Init
                0x0000000000000ed0       0x58 ./Generated_Code/ROT_SW_P1.o
                0x0000000000000ed0                ROT_SW_P1_Init
 .text.ROT_SW_P2_Init
                0x0000000000000f28       0x58 ./Generated_Code/ROT_SW_P2.o
                0x0000000000000f28                ROT_SW_P2_Init
 .text.ROT_SW_P3_Init
                0x0000000000000f80       0x58 ./Generated_Code/ROT_SW_P3.o
                0x0000000000000f80                ROT_SW_P3_Init
 .text.SHIFT_LEV_ANGLE_Init
                0x0000000000000fd8       0x58 ./Generated_Code/SHIFT_LEV_ANGLE.o
                0x0000000000000fd8                SHIFT_LEV_ANGLE_Init
 .text.SH_DN_Init
                0x0000000000001030       0x58 ./Generated_Code/SH_DN.o
                0x0000000000001030                SH_DN_Init
 .text.SH_UP_Init
                0x0000000000001088       0x58 ./Generated_Code/SH_UP.o
                0x0000000000001088                SH_UP_Init
 .text.TEMP1_Init
                0x00000000000010e0       0x58 ./Generated_Code/TEMP1.o
                0x00000000000010e0                TEMP1_Init
 .text.TEMP2_Init
                0x0000000000001138       0x58 ./Generated_Code/TEMP2.o
                0x0000000000001138                TEMP2_Init
 .text.TU1_Init
                0x0000000000001190       0xd0 ./Generated_Code/TU1.o
                0x0000000000001190                TU1_Init
 .text.UART0_Init
                0x0000000000001260       0xcc ./Generated_Code/UART0.o
                0x0000000000001260                UART0_Init
 .text.VREF_Init
                0x000000000000132c       0x18 ./Generated_Code/VREF.o
                0x000000000000132c                VREF_Init
 .text.exit     0x0000000000001344       0x28 /Applications/KDS_3.0.0.app/Contents/toolchain/bin/../lib/gcc/arm-none-eabi/4.8.4/../../../../arm-none-eabi/lib/armv7e-m/libg_s.a(lib_a-exit.o)
                0x0000000000001344                exit
 .text.__libc_init_array
                0x000000000000136c       0x4c /Applications/KDS_3.0.0.app/Contents/toolchain/bin/../lib/gcc/arm-none-eabi/4.8.4/../../../../arm-none-eabi/lib/armv7e-m/libg_s.a(lib_a-init.o)
                0x000000000000136c                __libc_init_array
 .text.memset   0x00000000000013b8       0x10 /Applications/KDS_3.0.0.app/Contents/toolchain/bin/../lib/gcc/arm-none-eabi/4.8.4/../../../../arm-none-eabi/lib/armv7e-m/libg_s.a(lib_a-memset.o)
                0x00000000000013b8                memset
 .text._exit    0x00000000000013c8        0x4 /Applications/KDS_3.0.0.app/Contents/toolchain/bin/../lib/gcc/arm-none-eabi/4.8.4/../../../../arm-none-eabi/lib/armv7e-m/libnosys.a(_exit.o)
                0x00000000000013c8                _exit
 *(.rodata)
 *(.rodata*)
 .rodata.str1.1
                0x00000000000013cc        0x2 /Applications/KDS_3.0.0.app/Contents/toolchain/bin/../lib/gcc/arm-none-eabi/4.8.4/../../../../arm-none-eabi/lib/armv7e-m/libg_s.a(lib_a-impure.o)
 *fill*         0x00000000000013ce        0x2 
 .rodata._global_impure_ptr
                0x00000000000013d0        0x4 /Applications/KDS_3.0.0.app/Contents/toolchain/bin/../lib/gcc/arm-none-eabi/4.8.4/../../../../arm-none-eabi/lib/armv7e-m/libg_s.a(lib_a-impure.o)
                0x00000000000013d0                _global_impure_ptr
 *(.glue_7)
 .glue_7        0x0000000000000000        0x0 linker stubs
 *(.glue_7t)
 .glue_7t       0x0000000000000000        0x0 linker stubs
 *(.eh_frame)
 .eh_frame      0x00000000000013d4        0x0 /Applications/KDS_3.0.0.app/Contents/toolchain/bin/../lib/gcc/arm-none-eabi/4.8.4/armv7e-m/crtbegin.o
 *(.init)
 .init          0x00000000000013d4        0x4 /Applications/KDS_3.0.0.app/Contents/toolchain/bin/../lib/gcc/arm-none-eabi/4.8.4/armv7e-m/crti.o
                0x00000000000013d4                _init
 .init          0x00000000000013d8        0x8 /Applications/KDS_3.0.0.app/Contents/toolchain/bin/../lib/gcc/arm-none-eabi/4.8.4/armv7e-m/crtn.o
 *(.fini)
 .fini          0x00000000000013e0        0x4 /Applications/KDS_3.0.0.app/Contents/toolchain/bin/../lib/gcc/arm-none-eabi/4.8.4/armv7e-m/crti.o
                0x00000000000013e0                _fini
 .fini          0x00000000000013e4        0x8 /Applications/KDS_3.0.0.app/Contents/toolchain/bin/../lib/gcc/arm-none-eabi/4.8.4/armv7e-m/crtn.o
                0x00000000000013ec                . = ALIGN (0x4)
                0x00000000000013ec                _etext = .

.vfp11_veneer   0x00000000000013ec        0x0
 .vfp11_veneer  0x0000000000000000        0x0 linker stubs

.v4_bx          0x00000000000013ec        0x0
 .v4_bx         0x0000000000000000        0x0 linker stubs

.iplt           0x00000000000013ec        0x0
 .iplt          0x0000000000000000        0x0 /Applications/KDS_3.0.0.app/Contents/toolchain/bin/../lib/gcc/arm-none-eabi/4.8.4/armv7e-m/crtbegin.o

.ARM.extab
 *(.ARM.extab* .gnu.linkonce.armextab.*)

.ARM            0x00000000000013ec        0x8
                0x00000000000013ec                __exidx_start = .
 *(.ARM.exidx*)
 .ARM.exidx     0x00000000000013ec        0x8 /Applications/KDS_3.0.0.app/Contents/toolchain/bin/../lib/gcc/arm-none-eabi/4.8.4/../../../../arm-none-eabi/lib/armv7e-m/crt0.o
                0x00000000000013f4                __exidx_end = .

.rel.dyn        0x00000000000013f4        0x0
 .rel.iplt      0x0000000000000000        0x0 /Applications/KDS_3.0.0.app/Contents/toolchain/bin/../lib/gcc/arm-none-eabi/4.8.4/armv7e-m/crtbegin.o

.ctors          0x00000000000013f4        0x0
                0x00000000000013f4                __CTOR_LIST__ = .
 *crtbegin.o(.ctors)
 *(EXCLUDE_FILE(*crtend.o) .ctors)
 *(SORT(.ctors.*))
 *(.ctors)
                0x00000000000013f4                __CTOR_END__ = .

.dtors          0x00000000000013f4        0x0
                0x00000000000013f4                __DTOR_LIST__ = .
 *crtbegin.o(.dtors)
 *(EXCLUDE_FILE(*crtend.o) .dtors)
 *(SORT(.dtors.*))
 *(.dtors)
                0x00000000000013f4                __DTOR_END__ = .

.preinit_array  0x00000000000013f4        0x0
                0x00000000000013f4                PROVIDE (__preinit_array_start, .)
 *(.preinit_array*)
                0x00000000000013f4                PROVIDE (__preinit_array_end, .)

.init_array     0x00000000000013f4        0x4
                0x00000000000013f4                PROVIDE (__init_array_start, .)
 *(SORT(.init_array.*))
 *(.init_array*)
 .init_array    0x00000000000013f4        0x4 /Applications/KDS_3.0.0.app/Contents/toolchain/bin/../lib/gcc/arm-none-eabi/4.8.4/armv7e-m/crtbegin.o
                0x00000000000013f8                PROVIDE (__init_array_end, .)

.fini_array     0x00000000000013f8        0x4
                0x00000000000013f8                PROVIDE (__fini_array_start, .)
 *(SORT(.fini_array.*))
 *(.fini_array*)
 .fini_array    0x00000000000013f8        0x4 /Applications/KDS_3.0.0.app/Contents/toolchain/bin/../lib/gcc/arm-none-eabi/4.8.4/armv7e-m/crtbegin.o
                0x00000000000013fc                PROVIDE (__fini_array_end, .)
                0x00000000000013fc                ___ROM_AT = .

.data           0x000000001fff8000       0x60 load address 0x00000000000013fc
                0x000000001fff8000                . = ALIGN (0x4)
                0x000000001fff8000                _sdata = .
 *(.data)
 *(.data*)
 .data.impure_data
                0x000000001fff8000       0x60 /Applications/KDS_3.0.0.app/Contents/toolchain/bin/../lib/gcc/arm-none-eabi/4.8.4/../../../../arm-none-eabi/lib/armv7e-m/libg_s.a(lib_a-impure.o)
                0x000000001fff8060                . = ALIGN (0x4)
                0x000000001fff8060                _edata = .
                0x0000000000000060                ___data_size = (_edata - _sdata)
                0x000000000000145c                ___m_data_20000000_ROMStart = (___ROM_AT + SIZEOF (.data))

.jcr            0x000000001fff8060        0x0 load address 0x000000000000145c
 .jcr           0x000000001fff8060        0x0 /Applications/KDS_3.0.0.app/Contents/toolchain/bin/../lib/gcc/arm-none-eabi/4.8.4/armv7e-m/crtbegin.o

.igot.plt       0x000000001fff8060        0x0 load address 0x000000000000145c
 .igot.plt      0x0000000000000000        0x0 /Applications/KDS_3.0.0.app/Contents/toolchain/bin/../lib/gcc/arm-none-eabi/4.8.4/armv7e-m/crtbegin.o

.m_data_20000000
                0x0000000020000000        0x0 load address 0x000000000000145c
                0x0000000020000000                . = ALIGN (0x4)
                0x0000000020000000                ___m_data_20000000_RAMStart = .
 *(.m_data_20000000)
                0x0000000020000000                ___m_data_20000000_RAMEnd = .
                0x0000000020000000                . = ALIGN (0x4)
                0x0000000000000000                ___m_data_20000000_ROMSize = (___m_data_20000000_RAMEnd - ___m_data_20000000_RAMStart)
                0x0000000020000000                . = ALIGN (0x4)

.bss            0x000000001fff8060       0xd8 load address 0x000000000000145c
                0x000000001fff8060                __START_BSS = .
                0x000000001fff8060                PROVIDE (__bss_start__, __START_BSS)
 *(.bss)
 .bss           0x000000001fff8060       0x1c /Applications/KDS_3.0.0.app/Contents/toolchain/bin/../lib/gcc/arm-none-eabi/4.8.4/armv7e-m/crtbegin.o
 *(.bss*)
 .bss.DeviceDataPrv__DEFAULT_RTOS_ALLOC
                0x000000001fff807c        0x4 ./Generated_Code/CLUTCH_SW.o
 .bss.DeviceDataPrv__DEFAULT_RTOS_ALLOC
                0x000000001fff8080        0x4 ./Generated_Code/FLTCLR1.o
 .bss.DeviceDataPrv__DEFAULT_RTOS_ALLOC
                0x000000001fff8084        0x4 ./Generated_Code/FLTCLR2.o
 .bss.DeviceDataPrv__DEFAULT_RTOS_ALLOC
                0x000000001fff8088        0x4 ./Generated_Code/FLTSD1.o
 .bss.DeviceDataPrv__DEFAULT_RTOS_ALLOC
                0x000000001fff808c        0x4 ./Generated_Code/FLTSD2.o
 .bss.DeviceDataPrv__DEFAULT_RTOS_ALLOC
                0x000000001fff8090        0xc ./Generated_Code/FreeCntrLdd1.o
 .bss.DeviceDataPrv__DEFAULT_RTOS_ALLOC
                0x000000001fff809c        0x4 ./Generated_Code/HIN1.o
 .bss.DeviceDataPrv__DEFAULT_RTOS_ALLOC
                0x000000001fff80a0        0x4 ./Generated_Code/HIN2.o
 .bss.DeviceDataPrv__DEFAULT_RTOS_ALLOC
                0x000000001fff80a4        0x4 ./Generated_Code/LIN1.o
 .bss.DeviceDataPrv__DEFAULT_RTOS_ALLOC
                0x000000001fff80a8        0x4 ./Generated_Code/LIN2.o
 .bss.DeviceDataPrv__DEFAULT_RTOS_ALLOC
                0x000000001fff80ac        0x4 ./Generated_Code/MODE_ENG.o
 .bss.DeviceDataPrv__DEFAULT_RTOS_ALLOC
                0x000000001fff80b0        0x4 ./Generated_Code/MOTEC_GEAR_SIG.o
 .bss.DeviceDataPrv__DEFAULT_RTOS_ALLOC
                0x000000001fff80b4        0x4 ./Generated_Code/NEUT_SW.o
 .bss.PE_LDD_DeviceDataList
                0x000000001fff80b8       0x58 ./Generated_Code/PE_LDD.o
                0x000000001fff80b8                PE_LDD_DeviceDataList
 .bss.DeviceDataPrv__DEFAULT_RTOS_ALLOC
                0x000000001fff8110        0x4 ./Generated_Code/ROT_SW_P1.o
 .bss.DeviceDataPrv__DEFAULT_RTOS_ALLOC
                0x000000001fff8114        0x4 ./Generated_Code/ROT_SW_P2.o
 .bss.DeviceDataPrv__DEFAULT_RTOS_ALLOC
                0x000000001fff8118        0x4 ./Generated_Code/ROT_SW_P3.o
 .bss.DeviceDataPrv__DEFAULT_RTOS_ALLOC
                0x000000001fff811c        0x4 ./Generated_Code/SHIFT_LEV_ANGLE.o
 .bss.DeviceDataPrv__DEFAULT_RTOS_ALLOC
                0x000000001fff8120        0x4 ./Generated_Code/SH_DN.o
 .bss.DeviceDataPrv__DEFAULT_RTOS_ALLOC
                0x000000001fff8124        0x4 ./Generated_Code/SH_UP.o
 .bss.DeviceDataPrv__DEFAULT_RTOS_ALLOC
                0x000000001fff8128        0x4 ./Generated_Code/TEMP1.o
 .bss.DeviceDataPrv__DEFAULT_RTOS_ALLOC
                0x000000001fff812c        0x4 ./Generated_Code/TEMP2.o
 .bss.DeviceDataPrv__DEFAULT_RTOS_ALLOC
                0x000000001fff8130        0x8 ./Generated_Code/TU1.o
 *(COMMON)
                0x000000001fff8138                . = ALIGN (0x4)
                0x000000001fff8138                __END_BSS = .
                0x000000001fff8138                PROVIDE (__bss_end__, __END_BSS)
                0x000000000000145c                _romp_at = ((___ROM_AT + SIZEOF (.data)) + SIZEOF (.m_data_20000000))

.romp           0x000000001fff8138       0x24 load address 0x000000000000145c
                0x000000000000145c                __S_romp = _romp_at
                0x000000001fff8138        0x4 LONG 0x13fc ___ROM_AT
                0x000000001fff813c        0x4 LONG 0x1fff8000 _sdata
                0x000000001fff8140        0x4 LONG 0x60 ___data_size
                0x000000001fff8144        0x4 LONG 0x145c ___m_data_20000000_ROMStart
                0x000000001fff8148        0x4 LONG 0x20000000 ___m_data_20000000_RAMStart
                0x000000001fff814c        0x4 LONG 0x0 ___m_data_20000000_ROMSize
                0x000000001fff8150        0x4 LONG 0x0
                0x000000001fff8154        0x4 LONG 0x0
                0x000000001fff8158        0x4 LONG 0x0
                0x0000000000040000                text_end = (ORIGIN (m_text) + 0x3fbf0)
                0x0000000000001480                data_init_end = ((___m_data_20000000_ROMStart + SIZEOF (.m_data_20000000)) + SIZEOF (.romp))
                0x0000000000000001                ASSERT ((data_init_end <= text_end), region m_text overflowed with text and data)

._user_heap_stack
                0x000000001fff815c      0x400 load address 0x0000000000001480
                0x000000001fff815c                . = ALIGN (0x4)
                0x000000001fff815c                PROVIDE (end, .)
                0x000000001fff815c                PROVIDE (_end, .)
                0x000000001fff815c                PROVIDE (__end__, .)
                0x000000001fff815c                __heap_addr = .
                0x000000001fff815c                __HeapBase = .
                0x000000001fff815c                . = (. + __heap_size)
                0x000000001fff815c                __HeapLimit = .
                0x000000001fff855c                . = (. + __stack_size)
 *fill*         0x000000001fff815c      0x400 
                0x000000001fff855c                . = ALIGN (0x4)

.ARM.attributes
                0x0000000000000000       0x2a
 *(.ARM.attributes)
 .ARM.attributes
                0x0000000000000000       0x1e /Applications/KDS_3.0.0.app/Contents/toolchain/bin/../lib/gcc/arm-none-eabi/4.8.4/armv7e-m/crti.o
 .ARM.attributes
                0x000000000000001e       0x2e /Applications/KDS_3.0.0.app/Contents/toolchain/bin/../lib/gcc/arm-none-eabi/4.8.4/armv7e-m/crtbegin.o
 .ARM.attributes
                0x000000000000004c       0x1c /Applications/KDS_3.0.0.app/Contents/toolchain/bin/../lib/gcc/arm-none-eabi/4.8.4/../../../../arm-none-eabi/lib/armv7e-m/crt0.o
 .ARM.attributes
                0x0000000000000068       0x33 ./Sources/main.o
 .ARM.attributes
                0x000000000000009b       0x33 ./Project_Settings/Startup_Code/startup.o
 .ARM.attributes
                0x00000000000000ce       0x33 ./Generated_Code/ADC0.o
 .ARM.attributes
                0x0000000000000101       0x33 ./Generated_Code/CLUTCH_SW.o
 .ARM.attributes
                0x0000000000000134       0x33 ./Generated_Code/Cpu.o
 .ARM.attributes
                0x0000000000000167       0x33 ./Generated_Code/FLTCLR1.o
 .ARM.attributes
                0x000000000000019a       0x33 ./Generated_Code/FLTCLR2.o
 .ARM.attributes
                0x00000000000001cd       0x33 ./Generated_Code/FLTSD1.o
 .ARM.attributes
                0x0000000000000200       0x33 ./Generated_Code/FLTSD2.o
 .ARM.attributes
                0x0000000000000233       0x33 ./Generated_Code/FreeCntrLdd1.o
 .ARM.attributes
                0x0000000000000266       0x33 ./Generated_Code/HIN1.o
 .ARM.attributes
                0x0000000000000299       0x33 ./Generated_Code/HIN2.o
 .ARM.attributes
                0x00000000000002cc       0x33 ./Generated_Code/LIN1.o
 .ARM.attributes
                0x00000000000002ff       0x33 ./Generated_Code/LIN2.o
 .ARM.attributes
                0x0000000000000332       0x33 ./Generated_Code/MODE_ENG.o
 .ARM.attributes
                0x0000000000000365       0x33 ./Generated_Code/MOTEC_GEAR_SIG.o
 .ARM.attributes
                0x0000000000000398       0x33 ./Generated_Code/NEUT_SW.o
 .ARM.attributes
                0x00000000000003cb       0x33 ./Generated_Code/PE_LDD.o
 .ARM.attributes
                0x00000000000003fe       0x33 ./Generated_Code/PTA.o
 .ARM.attributes
                0x0000000000000431       0x33 ./Generated_Code/ROT_SW_P1.o
 .ARM.attributes
                0x0000000000000464       0x33 ./Generated_Code/ROT_SW_P2.o
 .ARM.attributes
                0x0000000000000497       0x33 ./Generated_Code/ROT_SW_P3.o
 .ARM.attributes
                0x00000000000004ca       0x33 ./Generated_Code/SHIFT_LEV_ANGLE.o
 .ARM.attributes
                0x00000000000004fd       0x33 ./Generated_Code/SH_DN.o
 .ARM.attributes
                0x0000000000000530       0x33 ./Generated_Code/SH_UP.o
 .ARM.attributes
                0x0000000000000563       0x33 ./Generated_Code/TEMP1.o
 .ARM.attributes
                0x0000000000000596       0x33 ./Generated_Code/TEMP2.o
 .ARM.attributes
                0x00000000000005c9       0x33 ./Generated_Code/TU1.o
 .ARM.attributes
                0x00000000000005fc       0x33 ./Generated_Code/UART0.o
 .ARM.attributes
                0x000000000000062f       0x33 ./Generated_Code/VREF.o
 .ARM.attributes
                0x0000000000000662       0x2e /Applications/KDS_3.0.0.app/Contents/toolchain/bin/../lib/gcc/arm-none-eabi/4.8.4/../../../../arm-none-eabi/lib/armv7e-m/libg_s.a(lib_a-exit.o)
 .ARM.attributes
                0x0000000000000690       0x2e /Applications/KDS_3.0.0.app/Contents/toolchain/bin/../lib/gcc/arm-none-eabi/4.8.4/../../../../arm-none-eabi/lib/armv7e-m/libg_s.a(lib_a-impure.o)
 .ARM.attributes
                0x00000000000006be       0x2e /Applications/KDS_3.0.0.app/Contents/toolchain/bin/../lib/gcc/arm-none-eabi/4.8.4/../../../../arm-none-eabi/lib/armv7e-m/libg_s.a(lib_a-init.o)
 .ARM.attributes
                0x00000000000006ec       0x2e /Applications/KDS_3.0.0.app/Contents/toolchain/bin/../lib/gcc/arm-none-eabi/4.8.4/../../../../arm-none-eabi/lib/armv7e-m/libg_s.a(lib_a-memset.o)
 .ARM.attributes
                0x000000000000071a       0x2e /Applications/KDS_3.0.0.app/Contents/toolchain/bin/../lib/gcc/arm-none-eabi/4.8.4/../../../../arm-none-eabi/lib/armv7e-m/libnosys.a(_exit.o)
 .ARM.attributes
                0x0000000000000748       0x1e /Applications/KDS_3.0.0.app/Contents/toolchain/bin/../lib/gcc/arm-none-eabi/4.8.4/armv7e-m/crtn.o
OUTPUT(GS.elf elf32-littlearm)

.debug_info     0x0000000000000000     0x5a42
 .debug_info    0x0000000000000000       0xb7 ./Sources/main.o
 .debug_info    0x00000000000000b7      0x20a ./Project_Settings/Startup_Code/startup.o
 .debug_info    0x00000000000002c1      0x22f ./Generated_Code/ADC0.o
 .debug_info    0x00000000000004f0      0x2d8 ./Generated_Code/CLUTCH_SW.o
 .debug_info    0x00000000000007c8      0x9f6 ./Generated_Code/Cpu.o
 .debug_info    0x00000000000011be      0x352 ./Generated_Code/FLTCLR1.o
 .debug_info    0x0000000000001510      0x352 ./Generated_Code/FLTCLR2.o
 .debug_info    0x0000000000001862      0x352 ./Generated_Code/FLTSD1.o
 .debug_info    0x0000000000001bb4      0x352 ./Generated_Code/FLTSD2.o
 .debug_info    0x0000000000001f06      0x26e ./Generated_Code/FreeCntrLdd1.o
 .debug_info    0x0000000000002174      0x352 ./Generated_Code/HIN1.o
 .debug_info    0x00000000000024c6      0x352 ./Generated_Code/HIN2.o
 .debug_info    0x0000000000002818      0x352 ./Generated_Code/LIN1.o
 .debug_info    0x0000000000002b6a      0x352 ./Generated_Code/LIN2.o
 .debug_info    0x0000000000002ebc      0x2d8 ./Generated_Code/MODE_ENG.o
 .debug_info    0x0000000000003194      0x2d8 ./Generated_Code/MOTEC_GEAR_SIG.o
 .debug_info    0x000000000000346c      0x2d8 ./Generated_Code/NEUT_SW.o
 .debug_info    0x0000000000003744      0x251 ./Generated_Code/PE_LDD.o
 .debug_info    0x0000000000003995       0x96 ./Generated_Code/PTA.o
 .debug_info    0x0000000000003a2b      0x2d8 ./Generated_Code/ROT_SW_P1.o
 .debug_info    0x0000000000003d03      0x2d8 ./Generated_Code/ROT_SW_P2.o
 .debug_info    0x0000000000003fdb      0x2d8 ./Generated_Code/ROT_SW_P3.o
 .debug_info    0x00000000000042b3      0x2d8 ./Generated_Code/SHIFT_LEV_ANGLE.o
 .debug_info    0x000000000000458b      0x2d8 ./Generated_Code/SH_DN.o
 .debug_info    0x0000000000004863      0x2d8 ./Generated_Code/SH_UP.o
 .debug_info    0x0000000000004b3b      0x2d8 ./Generated_Code/TEMP1.o
 .debug_info    0x0000000000004e13      0x2d8 ./Generated_Code/TEMP2.o
 .debug_info    0x00000000000050eb      0x5dc ./Generated_Code/TU1.o
 .debug_info    0x00000000000056c7      0x291 ./Generated_Code/UART0.o
 .debug_info    0x0000000000005958       0xea ./Generated_Code/VREF.o

.debug_abbrev   0x0000000000000000     0x1f4d
 .debug_abbrev  0x0000000000000000       0x56 ./Sources/main.o
 .debug_abbrev  0x0000000000000056      0x11e ./Project_Settings/Startup_Code/startup.o
 .debug_abbrev  0x0000000000000174       0xae ./Generated_Code/ADC0.o
 .debug_abbrev  0x0000000000000222      0x10d ./Generated_Code/CLUTCH_SW.o
 .debug_abbrev  0x000000000000032f      0x178 ./Generated_Code/Cpu.o
 .debug_abbrev  0x00000000000004a7      0x136 ./Generated_Code/FLTCLR1.o
 .debug_abbrev  0x00000000000005dd      0x136 ./Generated_Code/FLTCLR2.o
 .debug_abbrev  0x0000000000000713      0x136 ./Generated_Code/FLTSD1.o
 .debug_abbrev  0x0000000000000849      0x136 ./Generated_Code/FLTSD2.o
 .debug_abbrev  0x000000000000097f      0x117 ./Generated_Code/FreeCntrLdd1.o
 .debug_abbrev  0x0000000000000a96      0x136 ./Generated_Code/HIN1.o
 .debug_abbrev  0x0000000000000bcc      0x136 ./Generated_Code/HIN2.o
 .debug_abbrev  0x0000000000000d02      0x136 ./Generated_Code/LIN1.o
 .debug_abbrev  0x0000000000000e38      0x136 ./Generated_Code/LIN2.o
 .debug_abbrev  0x0000000000000f6e      0x10d ./Generated_Code/MODE_ENG.o
 .debug_abbrev  0x000000000000107b      0x10d ./Generated_Code/MOTEC_GEAR_SIG.o
 .debug_abbrev  0x0000000000001188      0x10d ./Generated_Code/NEUT_SW.o
 .debug_abbrev  0x0000000000001295      0x10d ./Generated_Code/PE_LDD.o
 .debug_abbrev  0x00000000000013a2       0x45 ./Generated_Code/PTA.o
 .debug_abbrev  0x00000000000013e7      0x10d ./Generated_Code/ROT_SW_P1.o
 .debug_abbrev  0x00000000000014f4      0x10d ./Generated_Code/ROT_SW_P2.o
 .debug_abbrev  0x0000000000001601      0x10d ./Generated_Code/ROT_SW_P3.o
 .debug_abbrev  0x000000000000170e      0x10d ./Generated_Code/SHIFT_LEV_ANGLE.o
 .debug_abbrev  0x000000000000181b      0x10d ./Generated_Code/SH_DN.o
 .debug_abbrev  0x0000000000001928      0x10d ./Generated_Code/SH_UP.o
 .debug_abbrev  0x0000000000001a35      0x10d ./Generated_Code/TEMP1.o
 .debug_abbrev  0x0000000000001b42      0x10d ./Generated_Code/TEMP2.o
 .debug_abbrev  0x0000000000001c4f      0x1a0 ./Generated_Code/TU1.o
 .debug_abbrev  0x0000000000001def       0xd1 ./Generated_Code/UART0.o
 .debug_abbrev  0x0000000000001ec0       0x8d ./Generated_Code/VREF.o

.debug_aranges  0x0000000000000000      0x5c0
 .debug_aranges
                0x0000000000000000       0x20 ./Sources/main.o
 .debug_aranges
                0x0000000000000020       0x50 ./Project_Settings/Startup_Code/startup.o
 .debug_aranges
                0x0000000000000070       0x20 ./Generated_Code/ADC0.o
 .debug_aranges
                0x0000000000000090       0x28 ./Generated_Code/CLUTCH_SW.o
 .debug_aranges
                0x00000000000000b8       0x40 ./Generated_Code/Cpu.o
 .debug_aranges
                0x00000000000000f8       0x40 ./Generated_Code/FLTCLR1.o
 .debug_aranges
                0x0000000000000138       0x40 ./Generated_Code/FLTCLR2.o
 .debug_aranges
                0x0000000000000178       0x40 ./Generated_Code/FLTSD1.o
 .debug_aranges
                0x00000000000001b8       0x40 ./Generated_Code/FLTSD2.o
 .debug_aranges
                0x00000000000001f8       0x40 ./Generated_Code/FreeCntrLdd1.o
 .debug_aranges
                0x0000000000000238       0x40 ./Generated_Code/HIN1.o
 .debug_aranges
                0x0000000000000278       0x40 ./Generated_Code/HIN2.o
 .debug_aranges
                0x00000000000002b8       0x40 ./Generated_Code/LIN1.o
 .debug_aranges
                0x00000000000002f8       0x40 ./Generated_Code/LIN2.o
 .debug_aranges
                0x0000000000000338       0x28 ./Generated_Code/MODE_ENG.o
 .debug_aranges
                0x0000000000000360       0x28 ./Generated_Code/MOTEC_GEAR_SIG.o
 .debug_aranges
                0x0000000000000388       0x28 ./Generated_Code/NEUT_SW.o
 .debug_aranges
                0x00000000000003b0       0x30 ./Generated_Code/PE_LDD.o
 .debug_aranges
                0x00000000000003e0       0x20 ./Generated_Code/PTA.o
 .debug_aranges
                0x0000000000000400       0x28 ./Generated_Code/ROT_SW_P1.o
 .debug_aranges
                0x0000000000000428       0x28 ./Generated_Code/ROT_SW_P2.o
 .debug_aranges
                0x0000000000000450       0x28 ./Generated_Code/ROT_SW_P3.o
 .debug_aranges
                0x0000000000000478       0x28 ./Generated_Code/SHIFT_LEV_ANGLE.o
 .debug_aranges
                0x00000000000004a0       0x28 ./Generated_Code/SH_DN.o
 .debug_aranges
                0x00000000000004c8       0x28 ./Generated_Code/SH_UP.o
 .debug_aranges
                0x00000000000004f0       0x28 ./Generated_Code/TEMP1.o
 .debug_aranges
                0x0000000000000518       0x28 ./Generated_Code/TEMP2.o
 .debug_aranges
                0x0000000000000540       0x40 ./Generated_Code/TU1.o
 .debug_aranges
                0x0000000000000580       0x20 ./Generated_Code/UART0.o
 .debug_aranges
                0x00000000000005a0       0x20 ./Generated_Code/VREF.o

.debug_ranges   0x0000000000000000      0x3e0
 .debug_ranges  0x0000000000000000       0x10 ./Sources/main.o
 .debug_ranges  0x0000000000000010       0x40 ./Project_Settings/Startup_Code/startup.o
 .debug_ranges  0x0000000000000050       0x10 ./Generated_Code/ADC0.o
 .debug_ranges  0x0000000000000060       0x18 ./Generated_Code/CLUTCH_SW.o
 .debug_ranges  0x0000000000000078       0x30 ./Generated_Code/Cpu.o
 .debug_ranges  0x00000000000000a8       0x30 ./Generated_Code/FLTCLR1.o
 .debug_ranges  0x00000000000000d8       0x30 ./Generated_Code/FLTCLR2.o
 .debug_ranges  0x0000000000000108       0x30 ./Generated_Code/FLTSD1.o
 .debug_ranges  0x0000000000000138       0x30 ./Generated_Code/FLTSD2.o
 .debug_ranges  0x0000000000000168       0x30 ./Generated_Code/FreeCntrLdd1.o
 .debug_ranges  0x0000000000000198       0x30 ./Generated_Code/HIN1.o
 .debug_ranges  0x00000000000001c8       0x30 ./Generated_Code/HIN2.o
 .debug_ranges  0x00000000000001f8       0x30 ./Generated_Code/LIN1.o
 .debug_ranges  0x0000000000000228       0x30 ./Generated_Code/LIN2.o
 .debug_ranges  0x0000000000000258       0x18 ./Generated_Code/MODE_ENG.o
 .debug_ranges  0x0000000000000270       0x18 ./Generated_Code/MOTEC_GEAR_SIG.o
 .debug_ranges  0x0000000000000288       0x18 ./Generated_Code/NEUT_SW.o
 .debug_ranges  0x00000000000002a0       0x20 ./Generated_Code/PE_LDD.o
 .debug_ranges  0x00000000000002c0       0x10 ./Generated_Code/PTA.o
 .debug_ranges  0x00000000000002d0       0x18 ./Generated_Code/ROT_SW_P1.o
 .debug_ranges  0x00000000000002e8       0x18 ./Generated_Code/ROT_SW_P2.o
 .debug_ranges  0x0000000000000300       0x18 ./Generated_Code/ROT_SW_P3.o
 .debug_ranges  0x0000000000000318       0x18 ./Generated_Code/SHIFT_LEV_ANGLE.o
 .debug_ranges  0x0000000000000330       0x18 ./Generated_Code/SH_DN.o
 .debug_ranges  0x0000000000000348       0x18 ./Generated_Code/SH_UP.o
 .debug_ranges  0x0000000000000360       0x18 ./Generated_Code/TEMP1.o
 .debug_ranges  0x0000000000000378       0x18 ./Generated_Code/TEMP2.o
 .debug_ranges  0x0000000000000390       0x30 ./Generated_Code/TU1.o
 .debug_ranges  0x00000000000003c0       0x10 ./Generated_Code/UART0.o
 .debug_ranges  0x00000000000003d0       0x10 ./Generated_Code/VREF.o

.debug_macro    0x0000000000000000     0xfc8d
 .debug_macro   0x0000000000000000      0x1dd ./Sources/main.o
 .debug_macro   0x00000000000001dd      0x121 ./Project_Settings/Startup_Code/startup.o
 .debug_macro   0x00000000000002fe       0x58 ./Project_Settings/Startup_Code/startup.o
 .debug_macro   0x0000000000000356       0x35 ./Project_Settings/Startup_Code/startup.o
 .debug_macro   0x000000000000038b       0xa3 ./Project_Settings/Startup_Code/startup.o
 .debug_macro   0x000000000000042e      0x166 ./Project_Settings/Startup_Code/startup.o
 .debug_macro   0x0000000000000594       0x4a ./Project_Settings/Startup_Code/startup.o
 .debug_macro   0x00000000000005de       0x52 ./Project_Settings/Startup_Code/startup.o
 .debug_macro   0x0000000000000630       0x16 ./Project_Settings/Startup_Code/startup.o
 .debug_macro   0x0000000000000646       0x43 ./Project_Settings/Startup_Code/startup.o
 .debug_macro   0x0000000000000689      0x180 ./Project_Settings/Startup_Code/startup.o
 .debug_macro   0x0000000000000809      0x2a6 ./Project_Settings/Startup_Code/startup.o
 .debug_macro   0x0000000000000aaf       0x10 ./Project_Settings/Startup_Code/startup.o
 .debug_macro   0x0000000000000abf       0x35 ./Project_Settings/Startup_Code/startup.o
 .debug_macro   0x0000000000000af4       0x16 ./Project_Settings/Startup_Code/startup.o
 .debug_macro   0x0000000000000b0a       0x22 ./Project_Settings/Startup_Code/startup.o
 .debug_macro   0x0000000000000b2c       0x10 ./Project_Settings/Startup_Code/startup.o
 .debug_macro   0x0000000000000b3c      0x20f ./Project_Settings/Startup_Code/startup.o
 .debug_macro   0x0000000000000d4b     0xd4ea ./Project_Settings/Startup_Code/startup.o
 .debug_macro   0x000000000000e235       0x97 ./Generated_Code/ADC0.o
 .debug_macro   0x000000000000e2cc       0x9a ./Generated_Code/ADC0.o
 .debug_macro   0x000000000000e366       0xa6 ./Generated_Code/CLUTCH_SW.o
 .debug_macro   0x000000000000e40c      0x12c ./Generated_Code/CLUTCH_SW.o
 .debug_macro   0x000000000000e538       0x2e ./Generated_Code/CLUTCH_SW.o
 .debug_macro   0x000000000000e566      0x251 ./Generated_Code/Cpu.o
 .debug_macro   0x000000000000e7b7       0xa6 ./Generated_Code/FLTCLR1.o
 .debug_macro   0x000000000000e85d       0x40 ./Generated_Code/FLTCLR1.o
 .debug_macro   0x000000000000e89d       0xa6 ./Generated_Code/FLTCLR2.o
 .debug_macro   0x000000000000e943       0x40 ./Generated_Code/FLTCLR2.o
 .debug_macro   0x000000000000e983       0xa6 ./Generated_Code/FLTSD1.o
 .debug_macro   0x000000000000ea29       0xa6 ./Generated_Code/FLTSD2.o
 .debug_macro   0x000000000000eacf       0x40 ./Generated_Code/FLTSD2.o
 .debug_macro   0x000000000000eb0f       0xb5 ./Generated_Code/FreeCntrLdd1.o
 .debug_macro   0x000000000000ebc4       0xa6 ./Generated_Code/HIN1.o
 .debug_macro   0x000000000000ec6a       0x40 ./Generated_Code/HIN1.o
 .debug_macro   0x000000000000ecaa       0xa6 ./Generated_Code/HIN2.o
 .debug_macro   0x000000000000ed50       0x40 ./Generated_Code/HIN2.o
 .debug_macro   0x000000000000ed90       0xa6 ./Generated_Code/LIN1.o
 .debug_macro   0x000000000000ee36       0x40 ./Generated_Code/LIN1.o
 .debug_macro   0x000000000000ee76       0xa6 ./Generated_Code/LIN2.o
 .debug_macro   0x000000000000ef1c       0x40 ./Generated_Code/LIN2.o
 .debug_macro   0x000000000000ef5c       0xa6 ./Generated_Code/MODE_ENG.o
 .debug_macro   0x000000000000f002       0x2e ./Generated_Code/MODE_ENG.o
 .debug_macro   0x000000000000f030       0xa6 ./Generated_Code/MOTEC_GEAR_SIG.o
 .debug_macro   0x000000000000f0d6       0x2e ./Generated_Code/MOTEC_GEAR_SIG.o
 .debug_macro   0x000000000000f104       0xa6 ./Generated_Code/NEUT_SW.o
 .debug_macro   0x000000000000f1aa       0x2e ./Generated_Code/NEUT_SW.o
 .debug_macro   0x000000000000f1d8      0x1bb ./Generated_Code/PE_LDD.o
 .debug_macro   0x000000000000f393       0x8e ./Generated_Code/PTA.o
 .debug_macro   0x000000000000f421       0xa6 ./Generated_Code/ROT_SW_P1.o
 .debug_macro   0x000000000000f4c7       0x2e ./Generated_Code/ROT_SW_P1.o
 .debug_macro   0x000000000000f4f5       0xa6 ./Generated_Code/ROT_SW_P2.o
 .debug_macro   0x000000000000f59b       0x2e ./Generated_Code/ROT_SW_P2.o
 .debug_macro   0x000000000000f5c9       0xa6 ./Generated_Code/ROT_SW_P3.o
 .debug_macro   0x000000000000f66f       0x2e ./Generated_Code/ROT_SW_P3.o
 .debug_macro   0x000000000000f69d       0xa6 ./Generated_Code/SHIFT_LEV_ANGLE.o
 .debug_macro   0x000000000000f743       0x2e ./Generated_Code/SHIFT_LEV_ANGLE.o
 .debug_macro   0x000000000000f771       0xa6 ./Generated_Code/SH_DN.o
 .debug_macro   0x000000000000f817       0x2e ./Generated_Code/SH_DN.o
 .debug_macro   0x000000000000f845       0xa6 ./Generated_Code/SH_UP.o
 .debug_macro   0x000000000000f8eb       0x2e ./Generated_Code/SH_UP.o
 .debug_macro   0x000000000000f919       0xa6 ./Generated_Code/TEMP1.o
 .debug_macro   0x000000000000f9bf       0x2e ./Generated_Code/TEMP1.o
 .debug_macro   0x000000000000f9ed       0xa6 ./Generated_Code/TEMP2.o
 .debug_macro   0x000000000000fa93       0x2e ./Generated_Code/TEMP2.o
 .debug_macro   0x000000000000fac1       0xa6 ./Generated_Code/TU1.o
 .debug_macro   0x000000000000fb67       0x97 ./Generated_Code/UART0.o
 .debug_macro   0x000000000000fbfe       0x8f ./Generated_Code/VREF.o

.debug_line     0x0000000000000000     0x5e7f
 .debug_line    0x0000000000000000      0x467 ./Sources/main.o
 .debug_line    0x0000000000000467      0x438 ./Project_Settings/Startup_Code/startup.o
 .debug_line    0x000000000000089f      0x25d ./Generated_Code/ADC0.o
 .debug_line    0x0000000000000afc      0x2de ./Generated_Code/CLUTCH_SW.o
 .debug_line    0x0000000000000dda      0x6c4 ./Generated_Code/Cpu.o
 .debug_line    0x000000000000149e      0x313 ./Generated_Code/FLTCLR1.o
 .debug_line    0x00000000000017b1      0x313 ./Generated_Code/FLTCLR2.o
 .debug_line    0x0000000000001ac4      0x311 ./Generated_Code/FLTSD1.o
 .debug_line    0x0000000000001dd5      0x311 ./Generated_Code/FLTSD2.o
 .debug_line    0x00000000000020e6      0x344 ./Generated_Code/FreeCntrLdd1.o
 .debug_line    0x000000000000242a      0x30d ./Generated_Code/HIN1.o
 .debug_line    0x0000000000002737      0x30d ./Generated_Code/HIN2.o
 .debug_line    0x0000000000002a44      0x30d ./Generated_Code/LIN1.o
 .debug_line    0x0000000000002d51      0x30d ./Generated_Code/LIN2.o
 .debug_line    0x000000000000305e      0x2dc ./Generated_Code/MODE_ENG.o
 .debug_line    0x000000000000333a      0x2e8 ./Generated_Code/MOTEC_GEAR_SIG.o
 .debug_line    0x0000000000003622      0x2da ./Generated_Code/NEUT_SW.o
 .debug_line    0x00000000000038fc      0x456 ./Generated_Code/PE_LDD.o
 .debug_line    0x0000000000003d52      0x252 ./Generated_Code/PTA.o
 .debug_line    0x0000000000003fa4      0x2de ./Generated_Code/ROT_SW_P1.o
 .debug_line    0x0000000000004282      0x2de ./Generated_Code/ROT_SW_P2.o
 .debug_line    0x0000000000004560      0x2de ./Generated_Code/ROT_SW_P3.o
 .debug_line    0x000000000000483e      0x2ea ./Generated_Code/SHIFT_LEV_ANGLE.o
 .debug_line    0x0000000000004b28      0x2d6 ./Generated_Code/SH_DN.o
 .debug_line    0x0000000000004dfe      0x2d6 ./Generated_Code/SH_UP.o
 .debug_line    0x00000000000050d4      0x2d6 ./Generated_Code/TEMP1.o
 .debug_line    0x00000000000053aa      0x2d6 ./Generated_Code/TEMP2.o
 .debug_line    0x0000000000005680      0x339 ./Generated_Code/TU1.o
 .debug_line    0x00000000000059b9      0x271 ./Generated_Code/UART0.o
 .debug_line    0x0000000000005c2a      0x255 ./Generated_Code/VREF.o

.debug_str      0x0000000000000000    0x60bda
 .debug_str     0x0000000000000000    0x5d2f3 ./Sources/main.o
                                      0x5d43d (size before relaxing)
 .debug_str     0x000000000005d2f3     0x25f6 ./Project_Settings/Startup_Code/startup.o
                                      0x4c40e (size before relaxing)
 .debug_str     0x000000000005f8e9       0x8d ./Generated_Code/ADC0.o
                                      0x518b5 (size before relaxing)
 .debug_str     0x000000000005f976      0x17f ./Generated_Code/CLUTCH_SW.o
                                      0x5280f (size before relaxing)
 .debug_str     0x000000000005faf5      0x360 ./Generated_Code/Cpu.o
                                      0x5d7fc (size before relaxing)
 .debug_str     0x000000000005fe55       0x90 ./Generated_Code/FLTCLR1.o
                                      0x5287d (size before relaxing)
 .debug_str     0x000000000005fee5       0x90 ./Generated_Code/FLTCLR2.o
                                      0x5287d (size before relaxing)
 .debug_str     0x000000000005ff75       0x88 ./Generated_Code/FLTSD1.o
                                      0x52869 (size before relaxing)
 .debug_str     0x000000000005fffd       0x88 ./Generated_Code/FLTSD2.o
                                      0x52869 (size before relaxing)
 .debug_str     0x0000000000060085      0x111 ./Generated_Code/FreeCntrLdd1.o
                                      0x5afc1 (size before relaxing)
 .debug_str     0x0000000000060196       0x78 ./Generated_Code/HIN1.o
                                      0x52843 (size before relaxing)
 .debug_str     0x000000000006020e       0x78 ./Generated_Code/HIN2.o
                                      0x52841 (size before relaxing)
 .debug_str     0x0000000000060286       0x78 ./Generated_Code/LIN1.o
                                      0x52843 (size before relaxing)
 .debug_str     0x00000000000602fe       0x78 ./Generated_Code/LIN2.o
                                      0x52841 (size before relaxing)
 .debug_str     0x0000000000060376       0x68 ./Generated_Code/MODE_ENG.o
                                      0x52801 (size before relaxing)
 .debug_str     0x00000000000603de       0x86 ./Generated_Code/MOTEC_GEAR_SIG.o
                                      0x52855 (size before relaxing)
 .debug_str     0x0000000000060464       0x63 ./Generated_Code/NEUT_SW.o
                                      0x527f3 (size before relaxing)
 .debug_str     0x00000000000604c7      0x17e ./Generated_Code/PE_LDD.o
                                      0x5d5e2 (size before relaxing)
 .debug_str     0x0000000000060645       0x21 ./Generated_Code/PTA.o
                                      0x51852 (size before relaxing)
 .debug_str     0x0000000000060666       0x6d ./Generated_Code/ROT_SW_P1.o
                                      0x5280f (size before relaxing)
 .debug_str     0x00000000000606d3       0x6d ./Generated_Code/ROT_SW_P2.o
                                      0x5280f (size before relaxing)
 .debug_str     0x0000000000060740       0x6d ./Generated_Code/ROT_SW_P3.o
                                      0x5280f (size before relaxing)
 .debug_str     0x00000000000607ad       0x8b ./Generated_Code/SHIFT_LEV_ANGLE.o
                                      0x52863 (size before relaxing)
 .debug_str     0x0000000000060838       0x59 ./Generated_Code/SH_DN.o
                                      0x527d7 (size before relaxing)
 .debug_str     0x0000000000060891       0x59 ./Generated_Code/SH_UP.o
                                      0x527d7 (size before relaxing)
 .debug_str     0x00000000000608ea       0x59 ./Generated_Code/TEMP1.o
                                      0x527d7 (size before relaxing)
 .debug_str     0x0000000000060943       0x59 ./Generated_Code/TEMP2.o
                                      0x527d7 (size before relaxing)
 .debug_str     0x000000000006099c      0x150 ./Generated_Code/TU1.o
                                      0x5ae7c (size before relaxing)
 .debug_str     0x0000000000060aec       0xb0 ./Generated_Code/UART0.o
                                      0x518f6 (size before relaxing)
 .debug_str     0x0000000000060b9c       0x3e ./Generated_Code/VREF.o
                                      0x51865 (size before relaxing)

.comment        0x0000000000000000       0x70
 .comment       0x0000000000000000       0x70 ./Sources/main.o
                                         0x71 (size before relaxing)
 .comment       0x0000000000000000       0x71 ./Project_Settings/Startup_Code/startup.o
 .comment       0x0000000000000000       0x71 ./Generated_Code/ADC0.o
 .comment       0x0000000000000000       0x71 ./Generated_Code/CLUTCH_SW.o
 .comment       0x0000000000000000       0x71 ./Generated_Code/Cpu.o
 .comment       0x0000000000000000       0x71 ./Generated_Code/FLTCLR1.o
 .comment       0x0000000000000000       0x71 ./Generated_Code/FLTCLR2.o
 .comment       0x0000000000000000       0x71 ./Generated_Code/FLTSD1.o
 .comment       0x0000000000000000       0x71 ./Generated_Code/FLTSD2.o
 .comment       0x0000000000000000       0x71 ./Generated_Code/FreeCntrLdd1.o
 .comment       0x0000000000000000       0x71 ./Generated_Code/HIN1.o
 .comment       0x0000000000000000       0x71 ./Generated_Code/HIN2.o
 .comment       0x0000000000000000       0x71 ./Generated_Code/LIN1.o
 .comment       0x0000000000000000       0x71 ./Generated_Code/LIN2.o
 .comment       0x0000000000000000       0x71 ./Generated_Code/MODE_ENG.o
 .comment       0x0000000000000000       0x71 ./Generated_Code/MOTEC_GEAR_SIG.o
 .comment       0x0000000000000000       0x71 ./Generated_Code/NEUT_SW.o
 .comment       0x0000000000000000       0x71 ./Generated_Code/PE_LDD.o
 .comment       0x0000000000000000       0x71 ./Generated_Code/PTA.o
 .comment       0x0000000000000000       0x71 ./Generated_Code/ROT_SW_P1.o
 .comment       0x0000000000000000       0x71 ./Generated_Code/ROT_SW_P2.o
 .comment       0x0000000000000000       0x71 ./Generated_Code/ROT_SW_P3.o
 .comment       0x0000000000000000       0x71 ./Generated_Code/SHIFT_LEV_ANGLE.o
 .comment       0x0000000000000000       0x71 ./Generated_Code/SH_DN.o
 .comment       0x0000000000000000       0x71 ./Generated_Code/SH_UP.o
 .comment       0x0000000000000000       0x71 ./Generated_Code/TEMP1.o
 .comment       0x0000000000000000       0x71 ./Generated_Code/TEMP2.o
 .comment       0x0000000000000000       0x71 ./Generated_Code/TU1.o
 .comment       0x0000000000000000       0x71 ./Generated_Code/UART0.o
 .comment       0x0000000000000000       0x71 ./Generated_Code/VREF.o

.debug_frame    0x0000000000000000      0xcb4
 .debug_frame   0x0000000000000000       0x30 ./Sources/main.o
 .debug_frame   0x0000000000000030       0xc0 ./Project_Settings/Startup_Code/startup.o
 .debug_frame   0x00000000000000f0       0x28 ./Generated_Code/ADC0.o
 .debug_frame   0x0000000000000118       0x48 ./Generated_Code/CLUTCH_SW.o
 .debug_frame   0x0000000000000160       0xa4 ./Generated_Code/Cpu.o
 .debug_frame   0x0000000000000204       0x9c ./Generated_Code/FLTCLR1.o
 .debug_frame   0x00000000000002a0       0x9c ./Generated_Code/FLTCLR2.o
 .debug_frame   0x000000000000033c       0x9c ./Generated_Code/FLTSD1.o
 .debug_frame   0x00000000000003d8       0x9c ./Generated_Code/FLTSD2.o
 .debug_frame   0x0000000000000474       0xac ./Generated_Code/FreeCntrLdd1.o
 .debug_frame   0x0000000000000520       0x9c ./Generated_Code/HIN1.o
 .debug_frame   0x00000000000005bc       0x9c ./Generated_Code/HIN2.o
 .debug_frame   0x0000000000000658       0x9c ./Generated_Code/LIN1.o
 .debug_frame   0x00000000000006f4       0x9c ./Generated_Code/LIN2.o
 .debug_frame   0x0000000000000790       0x48 ./Generated_Code/MODE_ENG.o
 .debug_frame   0x00000000000007d8       0x48 ./Generated_Code/MOTEC_GEAR_SIG.o
 .debug_frame   0x0000000000000820       0x48 ./Generated_Code/NEUT_SW.o
 .debug_frame   0x0000000000000868       0x64 ./Generated_Code/PE_LDD.o
 .debug_frame   0x00000000000008cc       0x28 ./Generated_Code/PTA.o
 .debug_frame   0x00000000000008f4       0x48 ./Generated_Code/ROT_SW_P1.o
 .debug_frame   0x000000000000093c       0x48 ./Generated_Code/ROT_SW_P2.o
 .debug_frame   0x0000000000000984       0x48 ./Generated_Code/ROT_SW_P3.o
 .debug_frame   0x00000000000009cc       0x48 ./Generated_Code/SHIFT_LEV_ANGLE.o
 .debug_frame   0x0000000000000a14       0x48 ./Generated_Code/SH_DN.o
 .debug_frame   0x0000000000000a5c       0x48 ./Generated_Code/SH_UP.o
 .debug_frame   0x0000000000000aa4       0x48 ./Generated_Code/TEMP1.o
 .debug_frame   0x0000000000000aec       0x48 ./Generated_Code/TEMP2.o
 .debug_frame   0x0000000000000b34       0x9c ./Generated_Code/TU1.o
 .debug_frame   0x0000000000000bd0       0x28 ./Generated_Code/UART0.o
 .debug_frame   0x0000000000000bf8       0x28 ./Generated_Code/VREF.o
 .debug_frame   0x0000000000000c20       0x28 /Applications/KDS_3.0.0.app/Contents/toolchain/bin/../lib/gcc/arm-none-eabi/4.8.4/../../../../arm-none-eabi/lib/armv7e-m/libg_s.a(lib_a-exit.o)
 .debug_frame   0x0000000000000c48       0x2c /Applications/KDS_3.0.0.app/Contents/toolchain/bin/../lib/gcc/arm-none-eabi/4.8.4/../../../../arm-none-eabi/lib/armv7e-m/libg_s.a(lib_a-init.o)
 .debug_frame   0x0000000000000c74       0x20 /Applications/KDS_3.0.0.app/Contents/toolchain/bin/../lib/gcc/arm-none-eabi/4.8.4/../../../../arm-none-eabi/lib/armv7e-m/libg_s.a(lib_a-memset.o)
 .debug_frame   0x0000000000000c94       0x20 /Applications/KDS_3.0.0.app/Contents/toolchain/bin/../lib/gcc/arm-none-eabi/4.8.4/../../../../arm-none-eabi/lib/armv7e-m/libnosys.a(_exit.o)
