Archive member included because of file (symbol)

/Applications/KDS_3.0.0.app/Contents/toolchain/bin/../lib/gcc/arm-none-eabi/4.8.4/armv7e-m/libgcc.a(_arm_addsubsf3.o)
                              ./Generated_Code/PWM1.o (__aeabi_i2f)
/Applications/KDS_3.0.0.app/Contents/toolchain/bin/../lib/gcc/arm-none-eabi/4.8.4/armv7e-m/libgcc.a(_arm_muldivsf3.o)
                              ./Generated_Code/PWM1.o (__aeabi_fmul)
/Applications/KDS_3.0.0.app/Contents/toolchain/bin/../lib/gcc/arm-none-eabi/4.8.4/armv7e-m/libgcc.a(_arm_cmpsf2.o)
                              ./Generated_Code/PWM1.o (__aeabi_fcmpgt)
/Applications/KDS_3.0.0.app/Contents/toolchain/bin/../lib/gcc/arm-none-eabi/4.8.4/armv7e-m/libgcc.a(_arm_fixunssfsi.o)
                              ./Generated_Code/PWM1.o (__aeabi_f2uiz)
/Applications/KDS_3.0.0.app/Contents/toolchain/bin/../lib/gcc/arm-none-eabi/4.8.4/../../../../arm-none-eabi/lib/armv7e-m/libg_s.a(lib_a-exit.o)
                              /Applications/KDS_3.0.0.app/Contents/toolchain/bin/../lib/gcc/arm-none-eabi/4.8.4/../../../../arm-none-eabi/lib/armv7e-m/crt0.o (exit)
/Applications/KDS_3.0.0.app/Contents/toolchain/bin/../lib/gcc/arm-none-eabi/4.8.4/../../../../arm-none-eabi/lib/armv7e-m/libg_s.a(lib_a-impure.o)
                              /Applications/KDS_3.0.0.app/Contents/toolchain/bin/../lib/gcc/arm-none-eabi/4.8.4/../../../../arm-none-eabi/lib/armv7e-m/libg_s.a(lib_a-exit.o) (_global_impure_ptr)
/Applications/KDS_3.0.0.app/Contents/toolchain/bin/../lib/gcc/arm-none-eabi/4.8.4/../../../../arm-none-eabi/lib/armv7e-m/libg_s.a(lib_a-init.o)
                              /Applications/KDS_3.0.0.app/Contents/toolchain/bin/../lib/gcc/arm-none-eabi/4.8.4/../../../../arm-none-eabi/lib/armv7e-m/crt0.o (__libc_init_array)
/Applications/KDS_3.0.0.app/Contents/toolchain/bin/../lib/gcc/arm-none-eabi/4.8.4/../../../../arm-none-eabi/lib/armv7e-m/libg_s.a(lib_a-memset.o)
                              /Applications/KDS_3.0.0.app/Contents/toolchain/bin/../lib/gcc/arm-none-eabi/4.8.4/../../../../arm-none-eabi/lib/armv7e-m/crt0.o (memset)
/Applications/KDS_3.0.0.app/Contents/toolchain/bin/../lib/gcc/arm-none-eabi/4.8.4/../../../../arm-none-eabi/lib/armv7e-m/libg_s.a(lib_a-printf.o)
                              ./MQXLITE/psp/cortex_m/psp_tipr.o (printf)
/Applications/KDS_3.0.0.app/Contents/toolchain/bin/../lib/gcc/arm-none-eabi/4.8.4/../../../../arm-none-eabi/lib/armv7e-m/libg_s.a(lib_a-strncmp.o)
                              ./MQXLITE/kernel/task.o (strncmp)
/Applications/KDS_3.0.0.app/Contents/toolchain/bin/../lib/gcc/arm-none-eabi/4.8.4/../../../../arm-none-eabi/lib/armv7e-m/libg_s.a(lib_a-vfprintf.o)
                              /Applications/KDS_3.0.0.app/Contents/toolchain/bin/../lib/gcc/arm-none-eabi/4.8.4/../../../../arm-none-eabi/lib/armv7e-m/libg_s.a(lib_a-printf.o) (_vfprintf_r)
/Applications/KDS_3.0.0.app/Contents/toolchain/bin/../lib/gcc/arm-none-eabi/4.8.4/../../../../arm-none-eabi/lib/armv7e-m/libg_s.a(lib_a-vfprintf_i.o)
                              /Applications/KDS_3.0.0.app/Contents/toolchain/bin/../lib/gcc/arm-none-eabi/4.8.4/../../../../arm-none-eabi/lib/armv7e-m/libg_s.a(lib_a-vfprintf.o) (_printf_i)
/Applications/KDS_3.0.0.app/Contents/toolchain/bin/../lib/gcc/arm-none-eabi/4.8.4/../../../../arm-none-eabi/lib/armv7e-m/libg_s.a(lib_a-wbuf.o)
                              /Applications/KDS_3.0.0.app/Contents/toolchain/bin/../lib/gcc/arm-none-eabi/4.8.4/../../../../arm-none-eabi/lib/armv7e-m/libg_s.a(lib_a-vfprintf.o) (__swbuf_r)
/Applications/KDS_3.0.0.app/Contents/toolchain/bin/../lib/gcc/arm-none-eabi/4.8.4/../../../../arm-none-eabi/lib/armv7e-m/libg_s.a(lib_a-wsetup.o)
                              /Applications/KDS_3.0.0.app/Contents/toolchain/bin/../lib/gcc/arm-none-eabi/4.8.4/../../../../arm-none-eabi/lib/armv7e-m/libg_s.a(lib_a-vfprintf.o) (__swsetup_r)
/Applications/KDS_3.0.0.app/Contents/toolchain/bin/../lib/gcc/arm-none-eabi/4.8.4/../../../../arm-none-eabi/lib/armv7e-m/libg_s.a(lib_a-fflush.o)
                              /Applications/KDS_3.0.0.app/Contents/toolchain/bin/../lib/gcc/arm-none-eabi/4.8.4/../../../../arm-none-eabi/lib/armv7e-m/libg_s.a(lib_a-wbuf.o) (_fflush_r)
/Applications/KDS_3.0.0.app/Contents/toolchain/bin/../lib/gcc/arm-none-eabi/4.8.4/../../../../arm-none-eabi/lib/armv7e-m/libg_s.a(lib_a-findfp.o)
                              /Applications/KDS_3.0.0.app/Contents/toolchain/bin/../lib/gcc/arm-none-eabi/4.8.4/../../../../arm-none-eabi/lib/armv7e-m/libg_s.a(lib_a-printf.o) (__sinit)
/Applications/KDS_3.0.0.app/Contents/toolchain/bin/../lib/gcc/arm-none-eabi/4.8.4/../../../../arm-none-eabi/lib/armv7e-m/libg_s.a(lib_a-fvwrite.o)
                              /Applications/KDS_3.0.0.app/Contents/toolchain/bin/../lib/gcc/arm-none-eabi/4.8.4/../../../../arm-none-eabi/lib/armv7e-m/libg_s.a(lib_a-vfprintf.o) (__sfvwrite_r)
[...]
Memory Configuration

Name             Origin             Length             Attributes
m_interrupts     0x0000000000000000 0x00000000000001bc xr
m_text           0x0000000000000410 0x000000000003fbf0 xr
m_data           0x000000001fff8000 0x0000000000008000 rw
m_data_20000000  0x0000000020000000 0x0000000000008000 rw
m_cfmprotrom     0x0000000000000400 0x0000000000000010 xr
*default*        0x0000000000000000 0xffffffffffffffff

Linker script and memory map

LOAD /Applications/KDS_3.0.0.app/Contents/toolchain/bin/../lib/gcc/arm-none-eabi/4.8.4/armv7e-m/crti.o
LOAD /Applications/KDS_3.0.0.app/Contents/toolchain/bin/../lib/gcc/arm-none-eabi/4.8.4/armv7e-m/crtbegin.o
LOAD /Applications/KDS_3.0.0.app/Contents/toolchain/bin/../lib/gcc/arm-none-eabi/4.8.4/../../../../arm-none-eabi/lib/armv7e-m/crt0.o
LOAD ./Sources/Events.o
LOAD ./Sources/main.o
LOAD ./Sources/mqx_tasks.o
LOAD ./Project_Settings/Startup_Code/startup.o
LOAD ./MQXLITE/psp/cortex_m/core/M4/boot.o
LOAD ./MQXLITE/psp/cortex_m/core/M4/dispatch.o
LOAD ./MQXLITE/psp/cortex_m/cortex.o
LOAD ./MQXLITE/psp/cortex_m/int_gkis.o
LOAD ./MQXLITE/psp/cortex_m/int_inst.o
LOAD ./MQXLITE/psp/cortex_m/int_kisr.o
LOAD ./MQXLITE/psp/cortex_m/int_pvta.o
LOAD ./MQXLITE/psp/cortex_m/int_unx.o
LOAD ./MQXLITE/psp/cortex_m/int_vtab.o
LOAD ./MQXLITE/psp/cortex_m/int_xcpt.o
LOAD ./MQXLITE/psp/cortex_m/mem_zero.o
LOAD ./MQXLITE/psp/cortex_m/psp_iinit.o
LOAD ./MQXLITE/psp/cortex_m/psp_supp.o
LOAD ./MQXLITE/psp/cortex_m/psp_tiad.o
LOAD ./MQXLITE/psp/cortex_m/psp_tinm.o
LOAD ./MQXLITE/psp/cortex_m/psp_tipr.o
LOAD ./MQXLITE/psp/cortex_m/psp_tisu.o
LOAD ./MQXLITE/psp/cortex_m/sc_irdyq.o
LOAD ./MQXLITE/psp/cortex_m/stack_bu.o
LOAD ./MQXLITE/psp/cortex_m/stack_de.o
LOAD ./MQXLITE/psp/cortex_m/stack_st.o
LOAD ./MQXLITE/kernel/idletask.o
LOAD ./MQXLITE/kernel/int.o
LOAD ./MQXLITE/kernel/klog.o
LOAD ./MQXLITE/kernel/lwevent.o
LOAD ./MQXLITE/kernel/lwlog.o
LOAD ./MQXLITE/kernel/lwmem.o
LOAD ./MQXLITE/kernel/lwmsgq.o
LOAD ./MQXLITE/kernel/lwsem.o
LOAD ./MQXLITE/kernel/lwtimer.o
LOAD ./MQXLITE/kernel/mqx_utils.o
LOAD ./MQXLITE/kernel/mqxlite.o
LOAD ./MQXLITE/kernel/mutex.o
LOAD ./MQXLITE/kernel/qu_test.o
LOAD ./MQXLITE/kernel/sched.o
LOAD ./MQXLITE/kernel/task.o
LOAD ./MQXLITE/kernel/time_ticks.o
LOAD ./MQXLITE/config/task_template_list.o
LOAD ./Generated_Code/AS1.o
LOAD ./Generated_Code/Bit1.o
LOAD ./Generated_Code/CAN1.o
LOAD ./Generated_Code/CI2C1.o
LOAD ./Generated_Code/Cpu.o
LOAD ./Generated_Code/MQX1.o
LOAD ./Generated_Code/PE_LDD.o
LOAD ./Generated_Code/PWM1.o
LOAD ./Generated_Code/SystemTimer1.o
LOAD ./Generated_Code/TU1.o
LOAD ./Generated_Code/Vectors.o
LOAD /Applications/KDS_3.0.0.app/Contents/toolchain/bin/../lib/gcc/arm-none-eabi/4.8.4/../../../../arm-none-eabi/lib/armv7e-m/libstdc++_s.a
LOAD /Applications/KDS_3.0.0.app/Contents/toolchain/bin/../lib/gcc/arm-none-eabi/4.8.4/../../../../arm-none-eabi/lib/armv7e-m/libm.a
START GROUP
LOAD /Applications/KDS_3.0.0.app/Contents/toolchain/bin/../lib/gcc/arm-none-eabi/4.8.4/armv7e-m/libgcc.a
LOAD /Applications/KDS_3.0.0.app/Contents/toolchain/bin/../lib/gcc/arm-none-eabi/4.8.4/../../../../arm-none-eabi/lib/armv7e-m/libg_s.a
LOAD /Applications/KDS_3.0.0.app/Contents/toolchain/bin/../lib/gcc/arm-none-eabi/4.8.4/../../../../arm-none-eabi/lib/armv7e-m/libc_s.a
END GROUP
START GROUP
LOAD /Applications/KDS_3.0.0.app/Contents/toolchain/bin/../lib/gcc/arm-none-eabi/4.8.4/armv7e-m/libgcc.a
LOAD /Applications/KDS_3.0.0.app/Contents/toolchain/bin/../lib/gcc/arm-none-eabi/4.8.4/../../../../arm-none-eabi/lib/armv7e-m/libc_s.a
LOAD /Applications/KDS_3.0.0.app/Contents/toolchain/bin/../lib/gcc/arm-none-eabi/4.8.4/../../../../arm-none-eabi/lib/armv7e-m/libnosys.a
END GROUP
START GROUP
LOAD /Applications/KDS_3.0.0.app/Contents/toolchain/bin/../lib/gcc/arm-none-eabi/4.8.4/armv7e-m/libgcc.a
LOAD /Applications/KDS_3.0.0.app/Contents/toolchain/bin/../lib/gcc/arm-none-eabi/4.8.4/../../../../arm-none-eabi/lib/armv7e-m/libc_s.a
LOAD /Applications/KDS_3.0.0.app/Contents/toolchain/bin/../lib/gcc/arm-none-eabi/4.8.4/../../../../arm-none-eabi/lib/armv7e-m/libnosys.a
END GROUP
LOAD /Applications/KDS_3.0.0.app/Contents/toolchain/bin/../lib/gcc/arm-none-eabi/4.8.4/armv7e-m/crtend.o
LOAD /Applications/KDS_3.0.0.app/Contents/toolchain/bin/../lib/gcc/arm-none-eabi/4.8.4/armv7e-m/crtn.o
                0x0000000020000000                _estack = 0x20000000
                0x0000000020000000                __SP_INIT = _estack
                0x0000000020000000                __stack = _estack
                0x0000000000000000                __heap_size = 0x0
                0x0000000000000400                __stack_size = 0x400

.interrupts     0x0000000000000000      0x1bc
                0x0000000000000000                __vector_table = .
                0x0000000000000000                . = ALIGN (0x4)
 *(.vectortable)
 .vectortable   0x0000000000000000      0x1bc ./Generated_Code/Vectors.o
                0x0000000000000000                __vect_table
                0x00000000000001bc                . = ALIGN (0x4)

.cfmprotect     0x0000000000000400       0x10
                0x0000000000000400                . = ALIGN (0x4)
 *(.cfmconfig)
 .cfmconfig     0x0000000000000400       0x10 ./Generated_Code/Cpu.o
                0x0000000000000400                _cfm
                0x0000000000000410                . = ALIGN (0x4)

.text           0x0000000000000410     0x22c4
                0x0000000000000410                . = ALIGN (0x4)
 *(.text)
 .text          0x0000000000000410       0x54 /Applications/KDS_3.0.0.app/Contents/toolchain/bin/../lib/gcc/arm-none-eabi/4.8.4/armv7e-m/crtbegin.o
 .text          0x0000000000000464       0x74 /Applications/KDS_3.0.0.app/Contents/toolchain/bin/../lib/gcc/arm-none-eabi/4.8.4/../../../../arm-none-eabi/lib/armv7e-m/crt0.o
                0x0000000000000464                _mainCRTStartup
                0x0000000000000464                _start
 .text          0x00000000000004d8       0x4c ./MQXLITE/psp/cortex_m/core/M4/boot.o
                0x00000000000004d8                __boot
                0x0000000000000510                __set_MSP
 *(.text*)
 .text.Cpu_OnNMIINT
                0x0000000000000524        0xc ./Sources/Events.o
                0x0000000000000524                Cpu_OnNMIINT
 .text.main     0x0000000000000530       0x10 ./Sources/main.o
                0x0000000000000530                main
 .text.Task1_task
                0x0000000000000540       0x14 ./Sources/mqx_tasks.o
                0x0000000000000540                Task1_task
 .text.__copy_rom_section
                0x0000000000000554       0xe4 ./Project_Settings/Startup_Code/startup.o
                0x0000000000000554                __copy_rom_section
 .text.__copy_rom_sections_to_ram
                0x0000000000000638       0x9c ./Project_Settings/Startup_Code/startup.o
                0x0000000000000638                __copy_rom_sections_to_ram
 .text.__init_registers
                0x00000000000006d4        0xc ./Project_Settings/Startup_Code/startup.o
                0x00000000000006d4                __init_registers
 .text.__init_user
                0x00000000000006e0        0xc ./Project_Settings/Startup_Code/startup.o
                0x00000000000006e0                __init_user
 .text.__thumb_startup
                0x00000000000006ec       0x34 ./Project_Settings/Startup_Code/startup.o
                0x00000000000006ec                __thumb_startup
 .text._psp_int_install
                0x0000000000000720       0x20 ./MQXLITE/psp/cortex_m/int_inst.o
                0x0000000000000720                _psp_int_install
 .text._int_set_vector_table
                0x0000000000000740       0x34 ./MQXLITE/psp/cortex_m/int_vtab.o
                0x0000000000000740                _int_set_vector_table
 .text._mem_zero
                0x0000000000000774      0x1c8 ./MQXLITE/psp/cortex_m/mem_zero.o
                0x0000000000000774                _mem_zero
 .text._psp_int_init
                0x000000000000093c       0x28 ./MQXLITE/psp/cortex_m/psp_iinit.o
                0x000000000000093c                _psp_int_init
 .text._psp_normalize_ticks
                0x0000000000000964       0x58 ./MQXLITE/psp/cortex_m/psp_tinm.o
                0x0000000000000964                _psp_normalize_ticks
 .text._psp_set_kernel_disable_level
                0x00000000000009bc       0xa8 ./MQXLITE/psp/cortex_m/sc_irdyq.o
                0x00000000000009bc                _psp_set_kernel_disable_level
 .text._psp_init_readyqs
                0x0000000000000a64       0xa8 ./MQXLITE/psp/cortex_m/sc_irdyq.o
                0x0000000000000a64                _psp_init_readyqs
 .text._psp_build_stack_frame
                0x0000000000000b0c       0x90 ./MQXLITE/psp/cortex_m/stack_bu.o
                0x0000000000000b0c                _psp_build_stack_frame
 .text._psp_destroy_stack_frame
                0x0000000000000b9c       0x14 ./MQXLITE/psp/cortex_m/stack_de.o
                0x0000000000000b9c                _psp_destroy_stack_frame
 .text._mqx_idle_task
                0x0000000000000bb0       0x14 ./MQXLITE/kernel/idletask.o
                0x0000000000000bb0                _mqx_idle_task
 .text._int_default_isr
                0x0000000000000bc4       0x5c ./MQXLITE/kernel/int.o
                0x0000000000000bc4                _int_default_isr
 .text._int_disable
                0x0000000000000c20       0x38 ./MQXLITE/kernel/int.o
                0x0000000000000c20                _int_disable
 .text._int_enable
                0x0000000000000c58       0x50 ./MQXLITE/kernel/int.o
                0x0000000000000c58                _int_enable
 .text._int_get_isr_data
                0x0000000000000ca8       0x68 ./MQXLITE/kernel/int.o
                0x0000000000000ca8                _int_get_isr_data
 .text._int_install_isr
                0x0000000000000d10       0x84 ./MQXLITE/kernel/int.o
                0x0000000000000d10                _int_install_isr
 .text._int_init
                0x0000000000000d94       0x8c ./MQXLITE/kernel/int.o
                0x0000000000000d94                _int_init
 .text._lwsem_create_internal
                0x0000000000000e20       0xc8 ./MQXLITE/kernel/lwsem.o
                0x0000000000000e20                _lwsem_create_internal
 .text._lwsem_create
                0x0000000000000ee8       0x20 ./MQXLITE/kernel/lwsem.o
                0x0000000000000ee8                _lwsem_create
 .text._lwsem_post
                0x0000000000000f08      0x164 ./MQXLITE/kernel/lwsem.o
                0x0000000000000f08                _lwsem_post
 .text._lwsem_wait
                0x000000000000106c      0x128 ./MQXLITE/kernel/lwsem.o
                0x000000000000106c                _lwsem_wait
 .text._mqx_set_cpu_type
                0x0000000000001194       0x24 ./MQXLITE/kernel/mqx_utils.o
                0x0000000000001194                _mqx_set_cpu_type
 .text._mqx_init_kernel_data_internal
                0x00000000000011b8      0x190 ./MQXLITE/kernel/mqx_utils.o
                0x00000000000011b8                _mqx_init_kernel_data_internal
 .text._mqxlite_init
                0x0000000000001348      0x104 ./MQXLITE/kernel/mqxlite.o
                0x0000000000001348                _mqxlite_init
 .text._mqxlite
                0x000000000000144c       0xc0 ./MQXLITE/kernel/mqxlite.o
                0x000000000000144c                _mqxlite
 .text._mqx_exit
                0x000000000000150c       0x18 ./MQXLITE/kernel/mqxlite.o
                0x000000000000150c                _mqx_exit
 .text._task_destroy_internal
                0x0000000000001524      0x260 ./MQXLITE/kernel/task.o
                0x0000000000001524                _task_destroy_internal
 .text._task_destroy
                0x0000000000001784       0x1c ./MQXLITE/kernel/task.o
                0x0000000000001784                _task_destroy
 .text._task_get_td
                0x00000000000017a0       0xc4 ./MQXLITE/kernel/task.o
                0x00000000000017a0                _task_get_td
 .text._task_set_error
                0x0000000000001864       0x4c ./MQXLITE/kernel/task.o
                0x0000000000001864                _task_set_error
 .text._task_exit_function_internal
                0x00000000000018b0       0x24 ./MQXLITE/kernel/task.o
                0x00000000000018b0                _task_exit_function_internal
 .text._task_init_internal
                0x00000000000018d4      0x198 ./MQXLITE/kernel/task.o
                0x00000000000018d4                _task_init_internal
 .text._task_fill_stack_internal
                0x0000000000001a6c       0x38 ./MQXLITE/kernel/task.o
                0x0000000000001a6c                _task_fill_stack_internal
 .text._task_ready_internal
                0x0000000000001aa4       0x44 ./MQXLITE/kernel/task.o
                0x0000000000001aa4                _task_ready_internal
 .text._task_alloc_td_internal
                0x0000000000001ae8      0x108 ./MQXLITE/kernel/task.o
                0x0000000000001ae8                _task_alloc_td_internal
 .text._task_set_error_td_internal
                0x0000000000001bf0       0x30 ./MQXLITE/kernel/task.o
                0x0000000000001bf0                _task_set_error_td_internal
 .text._time_notify_kernel
                0x0000000000001c20      0x17c ./MQXLITE/kernel/time_ticks.o
                0x0000000000001c20                _time_notify_kernel
 .text._time_set_hwtick_function
                0x0000000000001d9c       0x28 ./MQXLITE/kernel/time_ticks.o
                0x0000000000001d9c                _time_set_hwtick_function
 .text._time_set_hwticks_per_tick
                0x0000000000001dc4       0x20 ./MQXLITE/kernel/time_ticks.o
                0x0000000000001dc4                _time_set_hwticks_per_tick
 .text.Cpu_INT_NMIInterrupt
                0x0000000000001de4        0xc ./Generated_Code/Cpu.o
                0x0000000000001de4                Cpu_INT_NMIInterrupt
 .text.Cpu_Interrupt
                0x0000000000001df0       0x18 ./Generated_Code/Cpu.o
                0x0000000000001df0                Cpu_Interrupt
 .text.__init_hardware
                0x0000000000001e08      0x140 ./Generated_Code/Cpu.o
                0x0000000000001e08                __init_hardware
 .text.PE_low_level_init
                0x0000000000001f48       0xb4 ./Generated_Code/Cpu.o
                0x0000000000001f48                PE_low_level_init
 .text.SystemTimer1_OnCounterRestart
                0x0000000000001ffc       0x14 ./Generated_Code/MQX1.o
                0x0000000000001ffc                SystemTimer1_OnCounterRestart
 .text.SystemTimer1_GetTicsPerSecond
                0x0000000000002010       0x2c ./Generated_Code/MQX1.o
                0x0000000000002010                SystemTimer1_GetTicsPerSecond
 .text.system_timer_init
                0x000000000000203c       0x68 ./Generated_Code/MQX1.o
                0x000000000000203c                system_timer_init
 .text.system_timer_start
                0x00000000000020a4       0x20 ./Generated_Code/MQX1.o
                0x00000000000020a4                system_timer_start
 .text.SystemTimer1_Init
                0x00000000000020c4       0x84 ./Generated_Code/SystemTimer1.o
                0x00000000000020c4                SystemTimer1_Init
 .text.SystemTimer1_Enable
                0x0000000000002148       0x28 ./Generated_Code/SystemTimer1.o
                0x0000000000002148                SystemTimer1_Enable
 .text.SystemTimer1_GetInputFrequency
                0x0000000000002170       0x18 ./Generated_Code/SystemTimer1.o
                0x0000000000002170                SystemTimer1_GetInputFrequency
 .text.SystemTimer1_GetPeriodTicks
                0x0000000000002188       0x3c ./Generated_Code/SystemTimer1.o
                0x0000000000002188                SystemTimer1_GetPeriodTicks
 .text.SystemTimer1_GetCounterValue
                0x00000000000021c4       0x1c ./Generated_Code/SystemTimer1.o
                0x00000000000021c4                SystemTimer1_GetCounterValue
 .text.SystemTimer1_Interrupt
                0x00000000000021e0       0x2c ./Generated_Code/SystemTimer1.o
                0x00000000000021e0                SystemTimer1_Interrupt
 .text.exit     0x000000000000220c       0x28 /Applications/KDS_3.0.0.app/Contents/toolchain/bin/../lib/gcc/arm-none-eabi/4.8.4/../../../../arm-none-eabi/lib/armv7e-m/libg_s.a(lib_a-exit.o)
                0x000000000000220c                exit
 .text.__libc_init_array
                0x0000000000002234       0x4c /Applications/KDS_3.0.0.app/Contents/toolchain/bin/../lib/gcc/arm-none-eabi/4.8.4/../../../../arm-none-eabi/lib/armv7e-m/libg_s.a(lib_a-init.o)
                0x0000000000002234                __libc_init_array
 .text.memset   0x0000000000002280       0x10 /Applications/KDS_3.0.0.app/Contents/toolchain/bin/../lib/gcc/arm-none-eabi/4.8.4/../../../../arm-none-eabi/lib/armv7e-m/libg_s.a(lib_a-memset.o)
                0x0000000000002280                memset
 .text._exit    0x0000000000002290        0x4 /Applications/KDS_3.0.0.app/Contents/toolchain/bin/../lib/gcc/arm-none-eabi/4.8.4/../../../../arm-none-eabi/lib/armv7e-m/libnosys.a(_exit.o)
                0x0000000000002290                _exit
 *(.rodata)
 .rodata        0x0000000000002294       0x10 ./MQXLITE/kernel/mqx_utils.o
 .rodata        0x00000000000022a4       0xec ./MQXLITE/kernel/mqxlite.o
 .rodata        0x0000000000002390        0x8 ./MQXLITE/config/task_template_list.o
 *(.rodata*)
 .rodata._mqx_version_number
                0x0000000000002398        0x4 ./MQXLITE/kernel/mqxlite.o
                0x0000000000002398                _mqx_version_number
 .rodata._mqx_vendor
                0x000000000000239c        0x4 ./MQXLITE/kernel/mqxlite.o
                0x000000000000239c                _mqx_vendor
 .rodata._mqx_path
                0x00000000000023a0        0x4 ./MQXLITE/kernel/mqxlite.o
                0x00000000000023a0                _mqx_path
 .rodata._mqxlite_version_number
                0x00000000000023a4        0x4 ./MQXLITE/kernel/mqxlite.o
                0x00000000000023a4                _mqxlite_version_number
 .rodata.MQX_template_list
                0x00000000000023a8       0x38 ./MQXLITE/config/task_template_list.o
                0x00000000000023a8                MQX_template_list
 .rodata.MQX_init_struct
                0x00000000000023e0       0x24 ./Generated_Code/MQX1.o
                0x00000000000023e0                MQX_init_struct
 .rodata.str1.1
                0x0000000000002404        0x2 /Applications/KDS_3.0.0.app/Contents/toolchain/bin/../lib/gcc/arm-none-eabi/4.8.4/../../../../arm-none-eabi/lib/armv7e-m/libg_s.a(lib_a-impure.o)
 *fill*         0x0000000000002406        0x2 
 .rodata._global_impure_ptr
                0x0000000000002408        0x4 /Applications/KDS_3.0.0.app/Contents/toolchain/bin/../lib/gcc/arm-none-eabi/4.8.4/../../../../arm-none-eabi/lib/armv7e-m/libg_s.a(lib_a-impure.o)
                0x0000000000002408                _global_impure_ptr
 .rodata.__sf_fake_stdin
                0x000000000000240c       0x20 /Applications/KDS_3.0.0.app/Contents/toolchain/bin/../lib/gcc/arm-none-eabi/4.8.4/../../../../arm-none-eabi/lib/armv7e-m/libg_s.a(lib_a-findfp.o)
                0x000000000000240c                __sf_fake_stdin
 .rodata.__sf_fake_stdout
                0x000000000000242c       0x20 /Applications/KDS_3.0.0.app/Contents/toolchain/bin/../lib/gcc/arm-none-eabi/4.8.4/../../../../arm-none-eabi/lib/armv7e-m/libg_s.a(lib_a-findfp.o)
                0x000000000000242c                __sf_fake_stdout
 .rodata.__sf_fake_stderr
                0x000000000000244c       0x20 /Applications/KDS_3.0.0.app/Contents/toolchain/bin/../lib/gcc/arm-none-eabi/4.8.4/../../../../arm-none-eabi/lib/armv7e-m/libg_s.a(lib_a-findfp.o)
                0x000000000000244c                __sf_fake_stderr
 *(.glue_7)
 .glue_7        0x0000000000000000        0x0 linker stubs
 *(.glue_7t)
 .glue_7t       0x0000000000000000        0x0 linker stubs
 *(.eh_frame)
 .eh_frame      0x000000000000246c        0x0 /Applications/KDS_3.0.0.app/Contents/toolchain/bin/../lib/gcc/arm-none-eabi/4.8.4/armv7e-m/crtbegin.o
 *(.init)
 .init          0x000000000000246c        0x4 /Applications/KDS_3.0.0.app/Contents/toolchain/bin/../lib/gcc/arm-none-eabi/4.8.4/armv7e-m/crti.o
                0x000000000000246c                _init
 .init          0x0000000000002470        0x8 /Applications/KDS_3.0.0.app/Contents/toolchain/bin/../lib/gcc/arm-none-eabi/4.8.4/armv7e-m/crtn.o
 *(.fini)
 .fini          0x0000000000002478        0x4 /Applications/KDS_3.0.0.app/Contents/toolchain/bin/../lib/gcc/arm-none-eabi/4.8.4/armv7e-m/crti.o
                0x0000000000002478                _fini
 .fini          0x000000000000247c        0x8 /Applications/KDS_3.0.0.app/Contents/toolchain/bin/../lib/gcc/arm-none-eabi/4.8.4/armv7e-m/crtn.o
                0x0000000000002484                . = ALIGN (0x4)
 *(KERNEL)
 KERNEL         0x0000000000002484      0x250 ./MQXLITE/psp/cortex_m/core/M4/dispatch.o
                0x0000000000002484                _sched_start_internal
                0x0000000000002488                _sched_run_internal
                0x000000000000248e                _sched_check_scheduler_internal
                0x00000000000024ac                _sched_execute_scheduler_internal
                0x00000000000024b0                _mqx_api_call
                0x00000000000024b4                _task_block
                0x00000000000024b8                _svc_handler
                0x000000000000253a                _pend_svc
                0x00000000000025a2                _int_kernel_isr
                0x000000000000262a                _psp_exception_return
                0x0000000000002664                _psp_save_fp_context_internal
                0x0000000000002666                _mem_test_and_set
                0x0000000000002684                __get_PSP
                0x000000000000268a                __get_MSP
                0x0000000000002696                __get_PSR
                0x000000000000269c                __enable_interrupt
                0x00000000000026a0                __disable_interrupt
                0x00000000000026a4                __get_LR
                0x00000000000026a8                __get_PC
                0x00000000000026ac                __get_CONTROL
                0x0000000000000000                __VECTOR_TABLE_START = __vector_table
                0x00000000000026d4                . = ALIGN (0x4)
 *(.rdata)
                0x00000000000026d4                . = ALIGN (0x4)
 *(.exception)
                0x00000000000026d4                . = ALIGN (0x4)
                0x00000000000026d4                __exception_table_start__ = .
                0x00000000000026d4                __exception_table_end__ = .
                0x00000000000026d4                __sinit__ = .
                0x00000000000026d4                _etext = .

.vfp11_veneer   0x00000000000026d4        0x0
 .vfp11_veneer  0x0000000000000000        0x0 linker stubs

.v4_bx          0x00000000000026d4        0x0
 .v4_bx         0x0000000000000000        0x0 linker stubs

.iplt           0x00000000000026d4        0x0
 .iplt          0x0000000000000000        0x0 /Applications/KDS_3.0.0.app/Contents/toolchain/bin/../lib/gcc/arm-none-eabi/4.8.4/armv7e-m/crtbegin.o

.ARM.extab
 *(.ARM.extab* .gnu.linkonce.armextab.*)

.ARM            0x00000000000026d4        0x8
                0x00000000000026d4                __exidx_start = .
 *(.ARM.exidx*)
 .ARM.exidx     0x00000000000026d4        0x8 /Applications/KDS_3.0.0.app/Contents/toolchain/bin/../lib/gcc/arm-none-eabi/4.8.4/../../../../arm-none-eabi/lib/armv7e-m/crt0.o
                0x00000000000026dc                __exidx_end = .

.rel.dyn        0x00000000000026dc        0x0
 .rel.iplt      0x0000000000000000        0x0 /Applications/KDS_3.0.0.app/Contents/toolchain/bin/../lib/gcc/arm-none-eabi/4.8.4/armv7e-m/crtbegin.o

.ctors          0x00000000000026dc        0x0
                0x00000000000026dc                __CTOR_LIST__ = .
 *crtbegin.o(.ctors)
 *(EXCLUDE_FILE(*crtend.o) .ctors)
 *(SORT(.ctors.*))
 *(.ctors)
                0x00000000000026dc                __CTOR_END__ = .

.dtors          0x00000000000026dc        0x0
                0x00000000000026dc                __DTOR_LIST__ = .
 *crtbegin.o(.dtors)
 *(EXCLUDE_FILE(*crtend.o) .dtors)
 *(SORT(.dtors.*))
 *(.dtors)
                0x00000000000026dc                __DTOR_END__ = .

.preinit_array  0x00000000000026dc        0x0
                0x00000000000026dc                PROVIDE (__preinit_array_start, .)
 *(.preinit_array*)
                0x00000000000026dc                PROVIDE (__preinit_array_end, .)

.init_array     0x00000000000026dc        0x4
                0x00000000000026dc                PROVIDE (__init_array_start, .)
 *(SORT(.init_array.*))
 *(.init_array*)
 .init_array    0x00000000000026dc        0x4 /Applications/KDS_3.0.0.app/Contents/toolchain/bin/../lib/gcc/arm-none-eabi/4.8.4/armv7e-m/crtbegin.o
                0x00000000000026e0                PROVIDE (__init_array_end, .)

.fini_array     0x00000000000026e0        0x4
                0x00000000000026e0                PROVIDE (__fini_array_start, .)
 *(SORT(.fini_array.*))
 *(.fini_array*)
 .fini_array    0x00000000000026e0        0x4 /Applications/KDS_3.0.0.app/Contents/toolchain/bin/../lib/gcc/arm-none-eabi/4.8.4/armv7e-m/crtbegin.o
                0x00000000000026e4                PROVIDE (__fini_array_end, .)
                0x00000000000026e4                ___ROM_AT = .

.data           0x000000001fff8000       0x6c load address 0x00000000000026e4
                0x000000001fff8000                . = ALIGN (0x4)
                0x000000001fff8000                _sdata = .
 *(.data)
 *(.data*)
 .data._mqx_kernel_data
                0x000000001fff8000        0x4 ./MQXLITE/kernel/mqxlite.o
                0x000000001fff8000                _mqx_kernel_data
 .data.mqx_task_stack_pointers
                0x000000001fff8004        0x8 ./Generated_Code/MQX1.o
                0x000000001fff8004                mqx_task_stack_pointers
 .data.impure_data
                0x000000001fff800c       0x60 /Applications/KDS_3.0.0.app/Contents/toolchain/bin/../lib/gcc/arm-none-eabi/4.8.4/../../../../arm-none-eabi/lib/armv7e-m/libg_s.a(lib_a-impure.o)
                0x000000001fff806c                . = ALIGN (0x4)
                0x000000001fff806c                _edata = .
                0x000000000000006c                ___data_size = (_edata - _sdata)
                0x0000000000002750                ___m_data_20000000_ROMStart = (___ROM_AT + SIZEOF (.data))

.jcr            0x000000001fff806c        0x0 load address 0x0000000000002750
 .jcr           0x000000001fff806c        0x0 /Applications/KDS_3.0.0.app/Contents/toolchain/bin/../lib/gcc/arm-none-eabi/4.8.4/armv7e-m/crtbegin.o

.igot.plt       0x000000001fff806c        0x0 load address 0x0000000000002750
 .igot.plt      0x0000000000000000        0x0 /Applications/KDS_3.0.0.app/Contents/toolchain/bin/../lib/gcc/arm-none-eabi/4.8.4/armv7e-m/crtbegin.o

.m_data_20000000
                0x0000000020000000        0x0 load address 0x0000000000002750
                0x0000000020000000                . = ALIGN (0x4)
                0x0000000020000000                ___m_data_20000000_RAMStart = .
 *(.m_data_20000000)
                0x0000000020000000                ___m_data_20000000_RAMEnd = .
                0x0000000020000000                . = ALIGN (0x4)
                0x0000000000000000                ___m_data_20000000_ROMSize = (___m_data_20000000_RAMEnd - ___m_data_20000000_RAMStart)
                0x0000000020000000                . = ALIGN (0x4)

.bss            0x000000001fff806c      0xb1c load address 0x0000000000002750
                0x000000001fff806c                __START_BSS = .
                0x000000001fff806c                PROVIDE (__bss_start__, __START_BSS)
 *(.bss)
 .bss           0x000000001fff806c       0x1c /Applications/KDS_3.0.0.app/Contents/toolchain/bin/../lib/gcc/arm-none-eabi/4.8.4/armv7e-m/crtbegin.o
 *(.bss*)
 .bss.SystemTimerDeviceDataPtr
                0x000000001fff8088        0x4 ./Generated_Code/MQX1.o
 .bss.PE_LDD_DeviceDataList
                0x000000001fff808c       0x1c ./Generated_Code/PE_LDD.o
                0x000000001fff808c                PE_LDD_DeviceDataList
 .bss.DeviceDataPrv__DEFAULT_RTOS_ALLOC
                0x000000001fff80a8        0xc ./Generated_Code/SystemTimer1.o
 *(COMMON)
 COMMON         0x000000001fff80b4      0xad4 ./Generated_Code/MQX1.o
                0x000000001fff80b4                _mqx_kernel_data_struct
                0x000000001fff82e8                mqx_interrupt_stack
                0x000000001fff83f8                mqx_static_ready_queue
                0x000000001fff8498                mqx_static_isr_table
                0x000000001fff8798                mqx_idle_task_stack
                0x000000001fff8900                Task1_task_stack
                0x000000001fff8b88                . = ALIGN (0x4)
                0x000000001fff8b88                __END_BSS = .
                0x000000001fff8b88                PROVIDE (__bss_end__, __END_BSS)
                0x0000000000002750                _romp_at = ((___ROM_AT + SIZEOF (.data)) + SIZEOF (.m_data_20000000))

.romp           0x000000001fff8b88       0x24 load address 0x0000000000002750
                0x0000000000002750                __S_romp = _romp_at
                0x000000001fff8b88        0x4 LONG 0x26e4 ___ROM_AT
                0x000000001fff8b8c        0x4 LONG 0x1fff8000 _sdata
                0x000000001fff8b90        0x4 LONG 0x6c ___data_size
                0x000000001fff8b94        0x4 LONG 0x2750 ___m_data_20000000_ROMStart
                0x000000001fff8b98        0x4 LONG 0x20000000 ___m_data_20000000_RAMStart
                0x000000001fff8b9c        0x4 LONG 0x0 ___m_data_20000000_ROMSize
                0x000000001fff8ba0        0x4 LONG 0x0
                0x000000001fff8ba4        0x4 LONG 0x0
                0x000000001fff8ba8        0x4 LONG 0x0
                0x0000000000040000                text_end = (ORIGIN (m_text) + 0x3fbf0)
                0x0000000000002774                data_init_end = ((___m_data_20000000_ROMStart + SIZEOF (.m_data_20000000)) + SIZEOF (.romp))
                0x0000000000000001                ASSERT ((data_init_end <= text_end), region m_text overflowed with text and data)

._user_heap_stack
                0x000000001fff8bac      0x400 load address 0x0000000000002774
                0x000000001fff8bac                . = ALIGN (0x4)
                0x000000001fff8bac                PROVIDE (end, .)
                0x000000001fff8bac                PROVIDE (_end, .)
                0x000000001fff8bac                PROVIDE (__end__, .)
                0x000000001fff8bac                __heap_addr = .
                0x000000001fff8bac                __HeapBase = .
                0x000000001fff8bac                . = (. + __heap_size)
                0x000000001fff8bac                __HeapLimit = .
                0x000000001fff8fac                . = (. + __stack_size)
 *fill*         0x000000001fff8bac      0x400 
                0x000000001fff8fac                . = ALIGN (0x4)

.ARM.attributes
                0x0000000000000000       0x2a
 *(.ARM.attributes)
 .ARM.attributes
                0x0000000000000000       0x1e /Applications/KDS_3.0.0.app/Contents/toolchain/bin/../lib/gcc/arm-none-eabi/4.8.4/armv7e-m/crti.o
 .ARM.attributes
                0x000000000000001e       0x2e /Applications/KDS_3.0.0.app/Contents/toolchain/bin/../lib/gcc/arm-none-eabi/4.8.4/armv7e-m/crtbegin.o
 .ARM.attributes
                0x000000000000004c       0x1c /Applications/KDS_3.0.0.app/Contents/toolchain/bin/../lib/gcc/arm-none-eabi/4.8.4/../../../../arm-none-eabi/lib/armv7e-m/crt0.o
 .ARM.attributes
                0x0000000000000068       0x33 ./Sources/Events.o
 .ARM.attributes
                0x000000000000009b       0x33 ./Sources/main.o
 .ARM.attributes
                0x00000000000000ce       0x33 ./Sources/mqx_tasks.o
 .ARM.attributes
                0x0000000000000101       0x33 ./Project_Settings/Startup_Code/startup.o
 .ARM.attributes
                0x0000000000000134       0x21 ./MQXLITE/psp/cortex_m/core/M4/boot.o
 .ARM.attributes
                0x0000000000000155       0x21 ./MQXLITE/psp/cortex_m/core/M4/dispatch.o
 .ARM.attributes
                0x0000000000000176       0x33 ./MQXLITE/psp/cortex_m/int_inst.o
 .ARM.attributes
                0x00000000000001a9       0x33 ./MQXLITE/psp/cortex_m/int_vtab.o
 .ARM.attributes
                0x00000000000001dc       0x33 ./MQXLITE/psp/cortex_m/mem_zero.o
 .ARM.attributes
                0x000000000000020f       0x33 ./MQXLITE/psp/cortex_m/psp_iinit.o
 .ARM.attributes
                0x0000000000000242       0x33 ./MQXLITE/psp/cortex_m/psp_tinm.o
 .ARM.attributes
                0x0000000000000275       0x33 ./MQXLITE/psp/cortex_m/sc_irdyq.o
 .ARM.attributes
                0x00000000000002a8       0x33 ./MQXLITE/psp/cortex_m/stack_bu.o
 .ARM.attributes
                0x00000000000002db       0x33 ./MQXLITE/psp/cortex_m/stack_de.o
 .ARM.attributes
                0x000000000000030e       0x33 ./MQXLITE/kernel/idletask.o
 .ARM.attributes
                0x0000000000000341       0x33 ./MQXLITE/kernel/int.o
 .ARM.attributes
                0x0000000000000374       0x33 ./MQXLITE/kernel/lwsem.o
 .ARM.attributes
                0x00000000000003a7       0x33 ./MQXLITE/kernel/mqx_utils.o
 .ARM.attributes
                0x00000000000003da       0x33 ./MQXLITE/kernel/mqxlite.o
 .ARM.attributes
                0x000000000000040d       0x33 ./MQXLITE/kernel/task.o
 .ARM.attributes
                0x0000000000000440       0x33 ./MQXLITE/kernel/time_ticks.o
 .ARM.attributes
                0x0000000000000473       0x33 ./MQXLITE/config/task_template_list.o
 .ARM.attributes
                0x00000000000004a6       0x33 ./Generated_Code/Cpu.o
 .ARM.attributes
                0x00000000000004d9       0x33 ./Generated_Code/MQX1.o
 .ARM.attributes
                0x000000000000050c       0x33 ./Generated_Code/PE_LDD.o
 .ARM.attributes
                0x000000000000053f       0x33 ./Generated_Code/SystemTimer1.o
 .ARM.attributes
                0x0000000000000572       0x33 ./Generated_Code/Vectors.o
 .ARM.attributes
                0x00000000000005a5       0x2e /Applications/KDS_3.0.0.app/Contents/toolchain/bin/../lib/gcc/arm-none-eabi/4.8.4/../../../../arm-none-eabi/lib/armv7e-m/libg_s.a(lib_a-exit.o)
 .ARM.attributes
                0x00000000000005d3       0x2e /Applications/KDS_3.0.0.app/Contents/toolchain/bin/../lib/gcc/arm-none-eabi/4.8.4/../../../../arm-none-eabi/lib/armv7e-m/libg_s.a(lib_a-impure.o)
 .ARM.attributes
                0x0000000000000601       0x2e /Applications/KDS_3.0.0.app/Contents/toolchain/bin/../lib/gcc/arm-none-eabi/4.8.4/../../../../arm-none-eabi/lib/armv7e-m/libg_s.a(lib_a-init.o)
 .ARM.attributes
                0x000000000000062f       0x2e /Applications/KDS_3.0.0.app/Contents/toolchain/bin/../lib/gcc/arm-none-eabi/4.8.4/../../../../arm-none-eabi/lib/armv7e-m/libg_s.a(lib_a-memset.o)
 .ARM.attributes
                0x000000000000065d       0x2e /Applications/KDS_3.0.0.app/Contents/toolchain/bin/../lib/gcc/arm-none-eabi/4.8.4/../../../../arm-none-eabi/lib/armv7e-m/libg_s.a(lib_a-findfp.o)
 .ARM.attributes
                0x000000000000068b       0x2e /Applications/KDS_3.0.0.app/Contents/toolchain/bin/../lib/gcc/arm-none-eabi/4.8.4/../../../../arm-none-eabi/lib/armv7e-m/libnosys.a(_exit.o)
 .ARM.attributes
                0x00000000000006b9       0x1e /Applications/KDS_3.0.0.app/Contents/toolchain/bin/../lib/gcc/arm-none-eabi/4.8.4/armv7e-m/crtn.o
OUTPUT(ETC.elf elf32-littlearm)

.debug_info     0x0000000000000000     0xd820
 .debug_info    0x0000000000000000      0x1bc ./Sources/Events.o
 .debug_info    0x00000000000001bc       0xa1 ./Sources/main.o
 .debug_info    0x000000000000025d       0xd0 ./Sources/mqx_tasks.o
 .debug_info    0x000000000000032d      0x20a ./Project_Settings/Startup_Code/startup.o
 .debug_info    0x0000000000000537       0x90 ./MQXLITE/psp/cortex_m/core/M4/boot.o
 .debug_info    0x00000000000005c7       0x94 ./MQXLITE/psp/cortex_m/core/M4/dispatch.o
 .debug_info    0x000000000000065b      0x975 ./MQXLITE/psp/cortex_m/int_inst.o
 .debug_info    0x0000000000000fd0      0x33d ./MQXLITE/psp/cortex_m/int_vtab.o
 .debug_info    0x000000000000130d      0x144 ./MQXLITE/psp/cortex_m/mem_zero.o
 .debug_info    0x0000000000001451       0xe2 ./MQXLITE/psp/cortex_m/psp_iinit.o
 .debug_info    0x0000000000001533      0xa06 ./MQXLITE/psp/cortex_m/psp_tinm.o
 .debug_info    0x0000000000001f39      0xbb4 ./MQXLITE/psp/cortex_m/sc_irdyq.o
 .debug_info    0x0000000000002aed      0x61f ./MQXLITE/psp/cortex_m/stack_bu.o
 .debug_info    0x000000000000310c      0x3fc ./MQXLITE/psp/cortex_m/stack_de.o
 .debug_info    0x0000000000003508      0x988 ./MQXLITE/kernel/idletask.o
 .debug_info    0x0000000000003e90      0xd6b ./MQXLITE/kernel/int.o
 .debug_info    0x0000000000004bfb      0xff5 ./MQXLITE/kernel/lwsem.o
 .debug_info    0x0000000000005bf0      0xb27 ./MQXLITE/kernel/mqx_utils.o
 .debug_info    0x0000000000006717      0xf17 ./MQXLITE/kernel/mqxlite.o
 .debug_info    0x000000000000762e     0x1fa6 ./MQXLITE/kernel/task.o
 .debug_info    0x00000000000095d4      0xfb6 ./MQXLITE/kernel/time_ticks.o
 .debug_info    0x000000000000a58a      0x44a ./MQXLITE/config/task_template_list.o
 .debug_info    0x000000000000a9d4      0xe37 ./Generated_Code/Cpu.o
 .debug_info    0x000000000000b80b      0xefe ./Generated_Code/MQX1.o
 .debug_info    0x000000000000c709      0x540 ./Generated_Code/PE_LDD.o
 .debug_info    0x000000000000cc49      0x7ef ./Generated_Code/SystemTimer1.o
 .debug_info    0x000000000000d438      0x3e8 ./Generated_Code/Vectors.o

.debug_abbrev   0x0000000000000000     0x2033
 .debug_abbrev  0x0000000000000000       0xb4 ./Sources/Events.o
 .debug_abbrev  0x00000000000000b4       0x47 ./Sources/main.o
 .debug_abbrev  0x00000000000000fb       0x70 ./Sources/mqx_tasks.o
 .debug_abbrev  0x000000000000016b      0x11e ./Project_Settings/Startup_Code/startup.o
 .debug_abbrev  0x0000000000000289       0x14 ./MQXLITE/psp/cortex_m/core/M4/boot.o
 .debug_abbrev  0x000000000000029d       0x14 ./MQXLITE/psp/cortex_m/core/M4/dispatch.o
 .debug_abbrev  0x00000000000002b1      0x12e ./MQXLITE/psp/cortex_m/int_inst.o
 .debug_abbrev  0x00000000000003df      0x120 ./MQXLITE/psp/cortex_m/int_vtab.o
 .debug_abbrev  0x00000000000004ff       0x80 ./MQXLITE/psp/cortex_m/mem_zero.o
 .debug_abbrev  0x000000000000057f       0x72 ./MQXLITE/psp/cortex_m/psp_iinit.o
 .debug_abbrev  0x00000000000005f1      0x155 ./MQXLITE/psp/cortex_m/psp_tinm.o
 .debug_abbrev  0x0000000000000746      0x192 ./MQXLITE/psp/cortex_m/sc_irdyq.o
 .debug_abbrev  0x00000000000008d8      0x117 ./MQXLITE/psp/cortex_m/stack_bu.o
 .debug_abbrev  0x00000000000009ef       0xdc ./MQXLITE/psp/cortex_m/stack_de.o
 .debug_abbrev  0x0000000000000acb      0x144 ./MQXLITE/kernel/idletask.o
 .debug_abbrev  0x0000000000000c0f      0x1ff ./MQXLITE/kernel/int.o
 .debug_abbrev  0x0000000000000e0e      0x1c7 ./MQXLITE/kernel/lwsem.o
 .debug_abbrev  0x0000000000000fd5      0x1e1 ./MQXLITE/kernel/mqx_utils.o
 .debug_abbrev  0x00000000000011b6      0x1e3 ./MQXLITE/kernel/mqxlite.o
 .debug_abbrev  0x0000000000001399      0x276 ./MQXLITE/kernel/task.o
 .debug_abbrev  0x000000000000160f      0x200 ./MQXLITE/kernel/time_ticks.o
 .debug_abbrev  0x000000000000180f       0xba ./MQXLITE/config/task_template_list.o
 .debug_abbrev  0x00000000000018c9      0x19e ./Generated_Code/Cpu.o
 .debug_abbrev  0x0000000000001a67      0x1bd ./Generated_Code/MQX1.o
 .debug_abbrev  0x0000000000001c24      0x123 ./Generated_Code/PE_LDD.o
 .debug_abbrev  0x0000000000001d47      0x232 ./Generated_Code/SystemTimer1.o
 .debug_abbrev  0x0000000000001f79       0xba ./Generated_Code/Vectors.o

.debug_aranges  0x0000000000000000      0x748
 .debug_aranges
                0x0000000000000000       0x50 ./Sources/Events.o
 .debug_aranges
                0x0000000000000050       0x20 ./Sources/main.o
 .debug_aranges
                0x0000000000000070       0x20 ./Sources/mqx_tasks.o
 .debug_aranges
                0x0000000000000090       0x50 ./Project_Settings/Startup_Code/startup.o
 .debug_aranges
                0x00000000000000e0       0x20 ./MQXLITE/psp/cortex_m/core/M4/boot.o
 .debug_aranges
                0x0000000000000100       0x20 ./MQXLITE/psp/cortex_m/core/M4/dispatch.o
 .debug_aranges
                0x0000000000000120       0x20 ./MQXLITE/psp/cortex_m/int_inst.o
 .debug_aranges
                0x0000000000000140       0x28 ./MQXLITE/psp/cortex_m/int_vtab.o
 .debug_aranges
                0x0000000000000168       0x20 ./MQXLITE/psp/cortex_m/mem_zero.o
 .debug_aranges
                0x0000000000000188       0x20 ./MQXLITE/psp/cortex_m/psp_iinit.o
 .debug_aranges
                0x00000000000001a8       0x20 ./MQXLITE/psp/cortex_m/psp_tinm.o
 .debug_aranges
                0x00000000000001c8       0x28 ./MQXLITE/psp/cortex_m/sc_irdyq.o
 .debug_aranges
                0x00000000000001f0       0x20 ./MQXLITE/psp/cortex_m/stack_bu.o
 .debug_aranges
                0x0000000000000210       0x20 ./MQXLITE/psp/cortex_m/stack_de.o
 .debug_aranges
                0x0000000000000230       0x20 ./MQXLITE/kernel/idletask.o
 .debug_aranges
                0x0000000000000250       0x90 ./MQXLITE/kernel/int.o
 .debug_aranges
                0x00000000000002e0       0x80 ./MQXLITE/kernel/lwsem.o
 .debug_aranges
                0x0000000000000360       0x60 ./MQXLITE/kernel/mqx_utils.o
 .debug_aranges
                0x00000000000003c0       0x30 ./MQXLITE/kernel/mqxlite.o
 .debug_aranges
                0x00000000000003f0      0x160 ./MQXLITE/kernel/task.o
 .debug_aranges
                0x0000000000000550       0xb8 ./MQXLITE/kernel/time_ticks.o
 .debug_aranges
                0x0000000000000608       0x18 ./MQXLITE/config/task_template_list.o
 .debug_aranges
                0x0000000000000620       0x40 ./Generated_Code/Cpu.o
 .debug_aranges
                0x0000000000000660       0x40 ./Generated_Code/MQX1.o
 .debug_aranges
                0x00000000000006a0       0x30 ./Generated_Code/PE_LDD.o
 .debug_aranges
                0x00000000000006d0       0x60 ./Generated_Code/SystemTimer1.o
 .debug_aranges
                0x0000000000000730       0x18 ./Generated_Code/Vectors.o

.debug_ranges   0x0000000000000000      0x568
 .debug_ranges  0x0000000000000000       0x40 ./Sources/Events.o
 .debug_ranges  0x0000000000000040       0x10 ./Sources/main.o
 .debug_ranges  0x0000000000000050       0x10 ./Sources/mqx_tasks.o
 .debug_ranges  0x0000000000000060       0x40 ./Project_Settings/Startup_Code/startup.o
 .debug_ranges  0x00000000000000a0       0x10 ./MQXLITE/psp/cortex_m/int_inst.o
 .debug_ranges  0x00000000000000b0       0x18 ./MQXLITE/psp/cortex_m/int_vtab.o
 .debug_ranges  0x00000000000000c8       0x10 ./MQXLITE/psp/cortex_m/mem_zero.o
 .debug_ranges  0x00000000000000d8       0x10 ./MQXLITE/psp/cortex_m/psp_iinit.o
 .debug_ranges  0x00000000000000e8       0x10 ./MQXLITE/psp/cortex_m/psp_tinm.o
 .debug_ranges  0x00000000000000f8       0x18 ./MQXLITE/psp/cortex_m/sc_irdyq.o
 .debug_ranges  0x0000000000000110       0x10 ./MQXLITE/psp/cortex_m/stack_bu.o
 .debug_ranges  0x0000000000000120       0x10 ./MQXLITE/psp/cortex_m/stack_de.o
 .debug_ranges  0x0000000000000130       0x10 ./MQXLITE/kernel/idletask.o
 .debug_ranges  0x0000000000000140       0x80 ./MQXLITE/kernel/int.o
 .debug_ranges  0x00000000000001c0       0x70 ./MQXLITE/kernel/lwsem.o
 .debug_ranges  0x0000000000000230       0x50 ./MQXLITE/kernel/mqx_utils.o
 .debug_ranges  0x0000000000000280       0x20 ./MQXLITE/kernel/mqxlite.o
 .debug_ranges  0x00000000000002a0      0x150 ./MQXLITE/kernel/task.o
 .debug_ranges  0x00000000000003f0       0xa8 ./MQXLITE/kernel/time_ticks.o
 .debug_ranges  0x0000000000000498       0x30 ./Generated_Code/Cpu.o
 .debug_ranges  0x00000000000004c8       0x30 ./Generated_Code/MQX1.o
 .debug_ranges  0x00000000000004f8       0x20 ./Generated_Code/PE_LDD.o
 .debug_ranges  0x0000000000000518       0x50 ./Generated_Code/SystemTimer1.o

.debug_macro    0x0000000000000000    0x24ab9
 .debug_macro   0x0000000000000000      0x1fc ./Sources/Events.o
 .debug_macro   0x00000000000001fc      0x84a ./Sources/Events.o
 .debug_macro   0x0000000000000a46       0x16 ./Sources/Events.o
 .debug_macro   0x0000000000000a5c       0x44 ./Sources/Events.o
 .debug_macro   0x0000000000000aa0      0x209 ./Sources/Events.o
 .debug_macro   0x0000000000000ca9     0x17de ./Sources/Events.o
 .debug_macro   0x0000000000002487      0x14e ./Sources/Events.o
 .debug_macro   0x00000000000025d5       0x6a ./Sources/Events.o
 .debug_macro   0x000000000000263f     0xd4f6 ./Sources/Events.o
 .debug_macro   0x000000000000fb35       0x9a ./Sources/Events.o
 .debug_macro   0x000000000000fbcf       0x94 ./Sources/Events.o
 .debug_macro   0x000000000000fc63      0x6a0 ./Sources/Events.o
 .debug_macro   0x0000000000010303       0x74 ./Sources/Events.o
 .debug_macro   0x0000000000010377       0x28 ./Sources/Events.o
 .debug_macro   0x000000000001039f      0x132 ./Sources/Events.o
 .debug_macro   0x00000000000104d1       0x46 ./Sources/Events.o
 .debug_macro   0x0000000000010517       0x35 ./Sources/Events.o
 .debug_macro   0x000000000001054c       0x50 ./Sources/Events.o
 .debug_macro   0x000000000001059c       0x81 ./Sources/Events.o
 .debug_macro   0x000000000001061d       0x81 ./Sources/Events.o
 .debug_macro   0x000000000001069e       0x16 ./Sources/Events.o
 .debug_macro   0x00000000000106b4       0x16 ./Sources/Events.o
 .debug_macro   0x00000000000106ca       0x70 ./Sources/Events.o
 .debug_macro   0x000000000001073a      0x215 ./Sources/Events.o
 .debug_macro   0x000000000001094f       0xa2 ./Sources/Events.o
 .debug_macro   0x00000000000109f1       0x16 ./Sources/Events.o
 .debug_macro   0x0000000000010a07       0x1c ./Sources/Events.o
 .debug_macro   0x0000000000010a23      0x70f ./Sources/Events.o
 .debug_macro   0x0000000000011132       0xa6 ./Sources/Events.o
 .debug_macro   0x00000000000111d8      0x16d ./Sources/Events.o
 .debug_macro   0x0000000000011345       0x7c ./Sources/Events.o
 .debug_macro   0x00000000000113c1       0xfc ./Sources/Events.o
 .debug_macro   0x00000000000114bd       0x89 ./Sources/Events.o
 .debug_macro   0x0000000000011546      0x3c9 ./Sources/Events.o
 .debug_macro   0x000000000001190f       0x67 ./Sources/Events.o
 .debug_macro   0x0000000000011976      0x1fc ./Sources/main.o
 .debug_macro   0x0000000000011b72      0x1fc ./Sources/mqx_tasks.o
 .debug_macro   0x0000000000011d6e      0x121 ./Project_Settings/Startup_Code/startup.o
 .debug_macro   0x0000000000011e8f       0x58 ./Project_Settings/Startup_Code/startup.o
 .debug_macro   0x0000000000011ee7       0x35 ./Project_Settings/Startup_Code/startup.o
 .debug_macro   0x0000000000011f1c       0xa3 ./Project_Settings/Startup_Code/startup.o
 .debug_macro   0x0000000000011fbf      0x166 ./Project_Settings/Startup_Code/startup.o
 .debug_macro   0x0000000000012125       0x4a ./Project_Settings/Startup_Code/startup.o
 .debug_macro   0x000000000001216f       0x52 ./Project_Settings/Startup_Code/startup.o
 .debug_macro   0x00000000000121c1       0x16 ./Project_Settings/Startup_Code/startup.o
 .debug_macro   0x00000000000121d7       0x43 ./Project_Settings/Startup_Code/startup.o
 .debug_macro   0x000000000001221a      0x180 ./Project_Settings/Startup_Code/startup.o
 .debug_macro   0x000000000001239a      0x2a6 ./Project_Settings/Startup_Code/startup.o
 .debug_macro   0x0000000000012640       0x10 ./Project_Settings/Startup_Code/startup.o
 .debug_macro   0x0000000000012650       0x35 ./Project_Settings/Startup_Code/startup.o
 .debug_macro   0x0000000000012685       0x16 ./Project_Settings/Startup_Code/startup.o
 .debug_macro   0x000000000001269b       0x22 ./Project_Settings/Startup_Code/startup.o
 .debug_macro   0x00000000000126bd       0x10 ./Project_Settings/Startup_Code/startup.o
 .debug_macro   0x00000000000126cd      0x20f ./Project_Settings/Startup_Code/startup.o
 .debug_macro   0x00000000000128dc     0xd4ea ./Project_Settings/Startup_Code/startup.o
 .debug_macro   0x000000000001fdc6      0x237 ./MQXLITE/psp/cortex_m/int_inst.o
 .debug_macro   0x000000000001fffd      0x237 ./MQXLITE/psp/cortex_m/int_vtab.o
 .debug_macro   0x0000000000020234      0x237 ./MQXLITE/psp/cortex_m/mem_zero.o
 .debug_macro   0x000000000002046b      0x237 ./MQXLITE/psp/cortex_m/psp_iinit.o
 .debug_macro   0x00000000000206a2      0x237 ./MQXLITE/psp/cortex_m/psp_tinm.o
 .debug_macro   0x00000000000208d9      0x237 ./MQXLITE/psp/cortex_m/sc_irdyq.o
 .debug_macro   0x0000000000020b10      0x237 ./MQXLITE/psp/cortex_m/stack_bu.o
 .debug_macro   0x0000000000020d47      0x237 ./MQXLITE/psp/cortex_m/stack_de.o
 .debug_macro   0x0000000000020f7e      0x237 ./MQXLITE/kernel/idletask.o
 .debug_macro   0x00000000000211b5      0x237 ./MQXLITE/kernel/int.o
 .debug_macro   0x00000000000213ec      0x237 ./MQXLITE/kernel/lwsem.o
 .debug_macro   0x0000000000021623      0x276 ./MQXLITE/kernel/mqx_utils.o
 .debug_macro   0x0000000000021899      0x276 ./MQXLITE/kernel/mqxlite.o
 .debug_macro   0x0000000000021b0f      0x2d3 ./MQXLITE/kernel/task.o
 .debug_macro   0x0000000000021de2     0x17d8 ./MQXLITE/kernel/task.o
 .debug_macro   0x00000000000235ba      0x243 ./MQXLITE/kernel/time_ticks.o
 .debug_macro   0x00000000000237fd      0x1f8 ./MQXLITE/config/task_template_list.o
 .debug_macro   0x00000000000239f5      0x220 ./Generated_Code/Cpu.o
 .debug_macro   0x0000000000023c15      0x212 ./Generated_Code/MQX1.o
 .debug_macro   0x0000000000023e27       0x7b ./Generated_Code/MQX1.o
 .debug_macro   0x0000000000023ea2      0x6a6 ./Generated_Code/MQX1.o
 .debug_macro   0x0000000000024548      0x1e0 ./Generated_Code/PE_LDD.o
 .debug_macro   0x0000000000024728      0x173 ./Generated_Code/SystemTimer1.o
 .debug_macro   0x000000000002489b      0x20c ./Generated_Code/Vectors.o
 .debug_macro   0x0000000000024aa7       0x12 ./Generated_Code/Vectors.o

.debug_line     0x0000000000000000     0xa65f
 .debug_line    0x0000000000000000      0x5c1 ./Sources/Events.o
 .debug_line    0x00000000000005c1      0x561 ./Sources/main.o
 .debug_line    0x0000000000000b22      0x568 ./Sources/mqx_tasks.o
 .debug_line    0x000000000000108a      0x43a ./Project_Settings/Startup_Code/startup.o
 .debug_line    0x00000000000014c4       0x71 ./MQXLITE/psp/cortex_m/core/M4/boot.o
 .debug_line    0x0000000000001535      0x17a ./MQXLITE/psp/cortex_m/core/M4/dispatch.o
 .debug_line    0x00000000000016af      0x60c ./MQXLITE/psp/cortex_m/int_inst.o
 .debug_line    0x0000000000001cbb      0x61f ./MQXLITE/psp/cortex_m/int_vtab.o
 .debug_line    0x00000000000022da      0x693 ./MQXLITE/psp/cortex_m/mem_zero.o
 .debug_line    0x000000000000296d      0x60d ./MQXLITE/psp/cortex_m/psp_iinit.o
 .debug_line    0x0000000000002f7a      0x60e ./MQXLITE/psp/cortex_m/psp_tinm.o
 .debug_line    0x0000000000003588      0x665 ./MQXLITE/psp/cortex_m/sc_irdyq.o
 .debug_line    0x0000000000003bed      0x61a ./MQXLITE/psp/cortex_m/stack_bu.o
 .debug_line    0x0000000000004207      0x608 ./MQXLITE/psp/cortex_m/stack_de.o
 .debug_line    0x000000000000480f      0x609 ./MQXLITE/kernel/idletask.o
 .debug_line    0x0000000000004e18      0x7cb ./MQXLITE/kernel/int.o
 .debug_line    0x00000000000055e3      0x894 ./MQXLITE/kernel/lwsem.o
 .debug_line    0x0000000000005e77      0x717 ./MQXLITE/kernel/mqx_utils.o
 .debug_line    0x000000000000658e      0x6bf ./MQXLITE/kernel/mqxlite.o
 .debug_line    0x0000000000006c4d      0xcc6 ./MQXLITE/kernel/task.o
 .debug_line    0x0000000000007913      0x942 ./MQXLITE/kernel/time_ticks.o
 .debug_line    0x0000000000008255      0x5ad ./MQXLITE/config/task_template_list.o
 .debug_line    0x0000000000008802      0x6ad ./Generated_Code/Cpu.o
 .debug_line    0x0000000000008eaf      0x646 ./Generated_Code/MQX1.o
 .debug_line    0x00000000000094f5      0x599 ./Generated_Code/PE_LDD.o
 .debug_line    0x0000000000009a8e      0x5ae ./Generated_Code/SystemTimer1.o
 .debug_line    0x000000000000a03c      0x623 ./Generated_Code/Vectors.o

.debug_str      0x0000000000000000    0x69fc4
 .debug_str     0x0000000000000000    0x643c7 ./Sources/Events.o
                                      0x64538 (size before relaxing)
 .debug_str     0x00000000000643c7       0x17 ./Sources/main.o
                                      0x64467 (size before relaxing)
 .debug_str     0x00000000000643de       0x44 ./Sources/mqx_tasks.o
                                      0x6449d (size before relaxing)
 .debug_str     0x0000000000064422     0x25e6 ./Project_Settings/Startup_Code/startup.o
                                      0x4c40f (size before relaxing)
 .debug_str     0x0000000000066a08     0x128a ./MQXLITE/psp/cortex_m/int_inst.o
                                      0x65790 (size before relaxing)
 .debug_str     0x0000000000067c92      0x186 ./MQXLITE/psp/cortex_m/int_vtab.o
                                      0x65013 (size before relaxing)
 .debug_str     0x0000000000067e18       0x8f ./MQXLITE/psp/cortex_m/mem_zero.o
                                      0x64f20 (size before relaxing)
 .debug_str     0x0000000000067ea7       0x6b ./MQXLITE/psp/cortex_m/psp_iinit.o
                                      0x64efa (size before relaxing)
 .debug_str     0x0000000000067f12       0x64 ./MQXLITE/psp/cortex_m/psp_tinm.o
                                      0x657d8 (size before relaxing)
 .debug_str     0x0000000000067f76      0x15b ./MQXLITE/psp/cortex_m/sc_irdyq.o
                                      0x658e3 (size before relaxing)
 .debug_str     0x00000000000680d1      0x167 ./MQXLITE/psp/cortex_m/stack_bu.o
                                      0x65303 (size before relaxing)
 .debug_str     0x0000000000068238       0x3c ./MQXLITE/psp/cortex_m/stack_de.o
                                      0x651a4 (size before relaxing)
 .debug_str     0x0000000000068274       0x2c ./MQXLITE/kernel/idletask.o
                                      0x65792 (size before relaxing)
 .debug_str     0x00000000000682a0      0x1d5 ./MQXLITE/kernel/int.o
                                      0x659cc (size before relaxing)
 .debug_str     0x0000000000068475      0x17f ./MQXLITE/kernel/lwsem.o
                                      0x65974 (size before relaxing)
 .debug_str     0x00000000000685f4      0x11f ./MQXLITE/kernel/mqx_utils.o
                                      0x65d4c (size before relaxing)
 .debug_str     0x0000000000068713      0x726 ./MQXLITE/kernel/mqxlite.o
                                      0x6634d (size before relaxing)
 .debug_str     0x0000000000068e39      0x5b3 ./MQXLITE/kernel/task.o
                                      0x68971 (size before relaxing)
 .debug_str     0x00000000000693ec      0x274 ./MQXLITE/kernel/time_ticks.o
                                      0x65ab8 (size before relaxing)
 .debug_str     0x0000000000069660       0x66 ./MQXLITE/config/task_template_list.o
                                      0x64b02 (size before relaxing)
 .debug_str     0x00000000000696c6      0x2da ./Generated_Code/Cpu.o
                                      0x64f77 (size before relaxing)
 .debug_str     0x00000000000699a0      0x21c ./Generated_Code/MQX1.o
                                      0x655c4 (size before relaxing)
 .debug_str     0x0000000000069bbc      0x186 ./Generated_Code/PE_LDD.o
                                      0x64b7e (size before relaxing)
 .debug_str     0x0000000000069d42      0x266 ./Generated_Code/SystemTimer1.o
                                      0x5b26b (size before relaxing)
 .debug_str     0x0000000000069fa8       0x1c ./Generated_Code/Vectors.o
                                      0x64a42 (size before relaxing)

.comment        0x0000000000000000       0x70
 .comment       0x0000000000000000       0x70 ./Sources/Events.o
                                         0x71 (size before relaxing)
 .comment       0x0000000000000000       0x71 ./Sources/main.o
 .comment       0x0000000000000000       0x71 ./Sources/mqx_tasks.o
 .comment       0x0000000000000000       0x71 ./Project_Settings/Startup_Code/startup.o
 .comment       0x0000000000000000       0x71 ./MQXLITE/psp/cortex_m/int_inst.o
 .comment       0x0000000000000000       0x71 ./MQXLITE/psp/cortex_m/int_vtab.o
 .comment       0x0000000000000000       0x71 ./MQXLITE/psp/cortex_m/mem_zero.o
 .comment       0x0000000000000000       0x71 ./MQXLITE/psp/cortex_m/psp_iinit.o
 .comment       0x0000000000000000       0x71 ./MQXLITE/psp/cortex_m/psp_tinm.o
 .comment       0x0000000000000000       0x71 ./MQXLITE/psp/cortex_m/sc_irdyq.o
 .comment       0x0000000000000000       0x71 ./MQXLITE/psp/cortex_m/stack_bu.o
 .comment       0x0000000000000000       0x71 ./MQXLITE/psp/cortex_m/stack_de.o
 .comment       0x0000000000000000       0x71 ./MQXLITE/kernel/idletask.o
 .comment       0x0000000000000000       0x71 ./MQXLITE/kernel/int.o
 .comment       0x0000000000000000       0x71 ./MQXLITE/kernel/lwsem.o
 .comment       0x0000000000000000       0x71 ./MQXLITE/kernel/mqx_utils.o
 .comment       0x0000000000000000       0x71 ./MQXLITE/kernel/mqxlite.o
 .comment       0x0000000000000000       0x71 ./MQXLITE/kernel/task.o
 .comment       0x0000000000000000       0x71 ./MQXLITE/kernel/time_ticks.o
 .comment       0x0000000000000000       0x71 ./MQXLITE/config/task_template_list.o
 .comment       0x0000000000000000       0x71 ./Generated_Code/Cpu.o
 .comment       0x0000000000000000       0x71 ./Generated_Code/MQX1.o
 .comment       0x0000000000000000       0x71 ./Generated_Code/PE_LDD.o
 .comment       0x0000000000000000       0x71 ./Generated_Code/SystemTimer1.o
 .comment       0x0000000000000000       0x71 ./Generated_Code/Vectors.o

.debug_frame    0x0000000000000000     0x14f8
 .debug_frame   0x0000000000000000       0xd0 ./Sources/Events.o
 .debug_frame   0x00000000000000d0       0x2c ./Sources/main.o
 .debug_frame   0x00000000000000fc       0x2c ./Sources/mqx_tasks.o
 .debug_frame   0x0000000000000128       0xc0 ./Project_Settings/Startup_Code/startup.o
 .debug_frame   0x00000000000001e8       0x30 ./MQXLITE/psp/cortex_m/int_inst.o
 .debug_frame   0x0000000000000218       0x44 ./MQXLITE/psp/cortex_m/int_vtab.o
 .debug_frame   0x000000000000025c       0x30 ./MQXLITE/psp/cortex_m/mem_zero.o
 .debug_frame   0x000000000000028c       0x30 ./MQXLITE/psp/cortex_m/psp_iinit.o
 .debug_frame   0x00000000000002bc       0x30 ./MQXLITE/psp/cortex_m/psp_tinm.o
 .debug_frame   0x00000000000002ec       0x48 ./MQXLITE/psp/cortex_m/sc_irdyq.o
 .debug_frame   0x0000000000000334       0x30 ./MQXLITE/psp/cortex_m/stack_bu.o
 .debug_frame   0x0000000000000364       0x2c ./MQXLITE/psp/cortex_m/stack_de.o
 .debug_frame   0x0000000000000390       0x2c ./MQXLITE/kernel/idletask.o
 .debug_frame   0x00000000000003bc      0x1d8 ./MQXLITE/kernel/int.o
 .debug_frame   0x0000000000000594      0x1ac ./MQXLITE/kernel/lwsem.o
 .debug_frame   0x0000000000000740      0x110 ./MQXLITE/kernel/mqx_utils.o
 .debug_frame   0x0000000000000850       0x74 ./MQXLITE/kernel/mqxlite.o
 .debug_frame   0x00000000000008c4      0x50c ./MQXLITE/kernel/task.o
 .debug_frame   0x0000000000000dd0      0x29c ./MQXLITE/kernel/time_ticks.o
 .debug_frame   0x000000000000106c       0x9c ./Generated_Code/Cpu.o
 .debug_frame   0x0000000000001108       0xb0 ./Generated_Code/MQX1.o
 .debug_frame   0x00000000000011b8       0x64 ./Generated_Code/PE_LDD.o
 .debug_frame   0x000000000000121c      0x11c ./Generated_Code/SystemTimer1.o
 .debug_frame   0x0000000000001338       0x28 /Applications/KDS_3.0.0.app/Contents/toolchain/bin/../lib/gcc/arm-none-eabi/4.8.4/../../../../arm-none-eabi/lib/armv7e-m/libg_s.a(lib_a-exit.o)
 .debug_frame   0x0000000000001360       0x2c /Applications/KDS_3.0.0.app/Contents/toolchain/bin/../lib/gcc/arm-none-eabi/4.8.4/../../../../arm-none-eabi/lib/armv7e-m/libg_s.a(lib_a-init.o)
 .debug_frame   0x000000000000138c       0x20 /Applications/KDS_3.0.0.app/Contents/toolchain/bin/../lib/gcc/arm-none-eabi/4.8.4/../../../../arm-none-eabi/lib/armv7e-m/libg_s.a(lib_a-memset.o)
 .debug_frame   0x00000000000013ac      0x12c /Applications/KDS_3.0.0.app/Contents/toolchain/bin/../lib/gcc/arm-none-eabi/4.8.4/../../../../arm-none-eabi/lib/armv7e-m/libg_s.a(lib_a-findfp.o)
 .debug_frame   0x00000000000014d8       0x20 /Applications/KDS_3.0.0.app/Contents/toolchain/bin/../lib/gcc/arm-none-eabi/4.8.4/../../../../arm-none-eabi/lib/armv7e-m/libnosys.a(_exit.o)

.stabstr        0x0000000000000000      0x14d
 .stabstr       0x0000000000000000      0x14d /Applications/KDS_3.0.0.app/Contents/toolchain/bin/../lib/gcc/arm-none-eabi/4.8.4/../../../../arm-none-eabi/lib/armv7e-m/libnosys.a(close.o)
